Archive member included to satisfy reference by file (symbol)

C:/ti/simplelink_cc32xx_sdk_3_30_01_02/source/ti/net/mqtt/lib\gcc/m4/mqtt_release.a(mqttclient.om4g)
                              ./mqtt_client_app.o (MQTTClient_create)
C:/ti/simplelink_cc32xx_sdk_3_30_01_02/source/ti/net/mqtt/lib\gcc/m4/mqtt_release.a(mqtt_net_func.om4g)
                              C:/ti/simplelink_cc32xx_sdk_3_30_01_02/source/ti/net/mqtt/lib\gcc/m4/mqtt_release.a(mqttclient.om4g) (MQTTNet_commOpen)
C:/ti/simplelink_cc32xx_sdk_3_30_01_02/source/ti/net/mqtt/lib\gcc/m4/mqtt_release.a(client_core.om4g)
                              C:/ti/simplelink_cc32xx_sdk_3_30_01_02/source/ti/net/mqtt/lib\gcc/m4/mqtt_release.a(mqttclient.om4g) (MQTTClientCore_sendConnectMsg)
C:/ti/simplelink_cc32xx_sdk_3_30_01_02/source/ti/net/mqtt/lib\gcc/m4/mqtt_release.a(mqtt_common.om4g)
                              C:/ti/simplelink_cc32xx_sdk_3_30_01_02/source/ti/net/mqtt/lib\gcc/m4/mqtt_release.a(client_core.om4g) (MQTT_packetFree)
C:/ti/simplelink_cc32xx_sdk_3_30_01_02/source/ti/net/lib\gcc/m4/slnetsock_release.a(slnetsock.om4g)
                              ./mqtt_client_app.o (SlNetSock_init)
C:/ti/simplelink_cc32xx_sdk_3_30_01_02/source/ti/net/lib\gcc/m4/slnetsock_release.a(slnetutils.om4g)
                              ./mqtt_client_app.o (SlNetUtil_init)
C:/ti/simplelink_cc32xx_sdk_3_30_01_02/source/ti/net/lib\gcc/m4/slnetsock_release.a(slnetif.om4g)
                              ./mqtt_client_app.o (SlNetIf_init)
C:/ti/simplelink_cc32xx_sdk_3_30_01_02/source/ti/drivers/net/wifi/slnetif\gcc/Release/slnetifwifi.a(slnetifwifi.obj)
                              ./mqtt_client_app.o (SlNetIfConfigWifi)
C:/ti/simplelink_cc32xx_sdk_3_30_01_02/source\ti/display/lib/display.am4g(DisplayUart.om4g)
                              ./syscfg/ti_drivers_config.o (DisplayUartMin_fxnTable)
C:/ti/simplelink_cc32xx_sdk_3_30_01_02/source\ti/drivers/lib/drivers_cc32xx.am4g(GPIOCC32XX.om4g)
                              ./mqtt_client_app.o (GPIO_clearInt)
C:/ti/simplelink_cc32xx_sdk_3_30_01_02/source\ti/drivers/lib/drivers_cc32xx.am4g(PowerCC32XX.om4g)
                              C:/ti/simplelink_cc32xx_sdk_3_30_01_02/source\ti/drivers/lib/drivers_cc32xx.am4g(GPIOCC32XX.om4g) (Power_registerNotify)
C:/ti/simplelink_cc32xx_sdk_3_30_01_02/source\ti/drivers/lib/drivers_cc32xx.am4g(PowerCC32XX_asm.om4g)
                              C:/ti/simplelink_cc32xx_sdk_3_30_01_02/source\ti/drivers/lib/drivers_cc32xx.am4g(PowerCC32XX.om4g) (PowerCC32XX_enterLPDS)
C:/ti/simplelink_cc32xx_sdk_3_30_01_02/source\ti/drivers/lib/drivers_cc32xx.am4g(SPI.om4g)
                              ./mqtt_client_app.o (SPI_init)
C:/ti/simplelink_cc32xx_sdk_3_30_01_02/source\ti/drivers/lib/drivers_cc32xx.am4g(SPICC32XXDMA.om4g)
                              ./syscfg/ti_drivers_config.o (SPICC32XXDMA_fxnTable)
C:/ti/simplelink_cc32xx_sdk_3_30_01_02/source\ti/drivers/lib/drivers_cc32xx.am4g(TimerCC32XX.om4g)
                              ./syscfg/ti_drivers_config.o (TimerCC32XX_fxnTable)
C:/ti/simplelink_cc32xx_sdk_3_30_01_02/source\ti/drivers/lib/drivers_cc32xx.am4g(UART.om4g)
                              C:/ti/simplelink_cc32xx_sdk_3_30_01_02/source\ti/display/lib/display.am4g(DisplayUart.om4g) (UART_close)
C:/ti/simplelink_cc32xx_sdk_3_30_01_02/source\ti/drivers/lib/drivers_cc32xx.am4g(UARTCC32XXDMA.om4g)
                              ./syscfg/ti_drivers_config.o (UARTCC32XXDMA_fxnTable)
C:/ti/simplelink_cc32xx_sdk_3_30_01_02/source\ti/drivers/lib/drivers_cc32xx.am4g(WatchdogCC32XX.om4g)
                              ./syscfg/ti_drivers_config.o (WatchdogCC32XX_fxnTable)
C:/ti/simplelink_cc32xx_sdk_3_30_01_02/source\ti/drivers/lib/drivers_cc32xx.am4g(List.om4g)
                              C:/ti/simplelink_cc32xx_sdk_3_30_01_02/source\ti/drivers/lib/drivers_cc32xx.am4g(PowerCC32XX.om4g) (List_put)
C:/ti/simplelink_cc32xx_sdk_3_30_01_02/source\ti/drivers/lib/drivers_cc32xx.am4g(UDMACC32XX.om4g)
                              C:/ti/simplelink_cc32xx_sdk_3_30_01_02/source\ti/drivers/lib/drivers_cc32xx.am4g(SPICC32XXDMA.om4g) (UDMACC32XX_close)
C:/ti/simplelink_cc32xx_sdk_3_30_01_02/source/ti/drivers/net/wifi\gcc/rtos/simplelink.a(device.obj)
                              ./mqtt_client_app.o (sl_Task)
C:/ti/simplelink_cc32xx_sdk_3_30_01_02/source/ti/drivers/net/wifi\gcc/rtos/simplelink.a(driver.obj)
                              C:/ti/simplelink_cc32xx_sdk_3_30_01_02/source/ti/drivers/net/wifi\gcc/rtos/simplelink.a(device.obj) (RxIrqCnt)
C:/ti/simplelink_cc32xx_sdk_3_30_01_02/source/ti/drivers/net/wifi\gcc/rtos/simplelink.a(flowcont.obj)
                              C:/ti/simplelink_cc32xx_sdk_3_30_01_02/source/ti/drivers/net/wifi\gcc/rtos/simplelink.a(device.obj) (_SlFlowContSet)
C:/ti/simplelink_cc32xx_sdk_3_30_01_02/source/ti/drivers/net/wifi\gcc/rtos/simplelink.a(fs.obj)
[...]
Memory Configuration

Name             Origin             Length             Attributes
SRAM             0x20004000         0x0003c000         xrw
*default*        0x00000000         0xffffffff

Linker script and memory map

LOAD ./client_cbs.o
LOAD ./syscfg/ti_drivers_net_wifi_config.o
LOAD ./syscfg/ti_drivers_config.o
LOAD ./main_freertos.o
LOAD ./mqtt_client_app.o
LOAD ./network_if.o
LOAD ./uart_term.o
                0x00000800                STACKSIZE = 0x800
                0x20004000                PROVIDE (_resetVecs_base_address, DEFINED (_resetVecs_base_address)?_resetVecs_base_address:0x20004000)

.resetVecs      0x20004000       0x40
 *(.resetVecs)
 .resetVecs     0x20004000       0x40 C:/Users/Gudni/Documents/igreyptkerfi_hopurB/mqtt_client_demo/freertos_builds_CC3220S_LAUNCHXL_release_gcc/Debug\libfreertos_builds_CC3220S_LAUNCHXL_release_gcc.a(startup_cc32xx_gcc.o)

.ramVecs        0x20004400      0x30c
 *(.ramVecs)
 .ramVecs       0x20004400      0x30c C:/Users/Gudni/Documents/igreyptkerfi_hopurB/mqtt_client_demo/freertos_builds_CC3220S_LAUNCHXL_release_gcc/Debug\libfreertos_builds_CC3220S_LAUNCHXL_release_gcc.a(startup_cc32xx_gcc.o)

.text           0x20004710    0x16444
 CREATE_OBJECT_SYMBOLS
 *(.text)
 .text          0x20004710       0x98 C:/ti/simplelink_cc32xx_sdk_3_30_01_02/source\ti/drivers/lib/drivers_cc32xx.am4g(PowerCC32XX_asm.om4g)
                0x20004710                PowerCC32XX_enterLPDS
                0x20004754                PowerCC32XX_resumeLPDS
 .text          0x200047a8       0x30 c:/ti/ccs930/ccs/tools/compiler/gcc-arm-none-eabi-7-2017-q4-major-win32/bin/../lib/gcc/arm-none-eabi/7.2.1/thumb/v7e-m\libgcc.a(_aeabi_uldivmod.o)
                0x200047a8                __aeabi_uldivmod
 .text          0x200047d8      0x2cc c:/ti/ccs930/ccs/tools/compiler/gcc-arm-none-eabi-7-2017-q4-major-win32/bin/../lib/gcc/arm-none-eabi/7.2.1/thumb/v7e-m\libgcc.a(_udivmoddi4.o)
                0x200047d8                __udivmoddi4
 .text          0x20004aa4        0x4 c:/ti/ccs930/ccs/tools/compiler/gcc-arm-none-eabi-7-2017-q4-major-win32/bin/../lib/gcc/arm-none-eabi/7.2.1/thumb/v7e-m\libgcc.a(_dvmd_tls.o)
                0x20004aa4                __aeabi_idiv0
                0x20004aa4                __aeabi_ldiv0
 .text          0x20004aa8       0x14 C:/ti/ccs930/ccs/tools/compiler/gcc-arm-none-eabi-7-2017-q4-major-win32/arm-none-eabi/lib/thumb/v7e-m\libc_nano.a(lib_a-strcmp.o)
                0x20004aa8                strcmp
 .text          0x20004abc       0x10 C:/ti/ccs930/ccs/tools/compiler/gcc-arm-none-eabi-7-2017-q4-major-win32/arm-none-eabi/lib/thumb/v7e-m\libc_nano.a(lib_a-strlen.o)
                0x20004abc                strlen
 *fill*         0x20004acc        0x4 
 .text          0x20004ad0       0xa0 C:/ti/ccs930/ccs/tools/compiler/gcc-arm-none-eabi-7-2017-q4-major-win32/arm-none-eabi/lib/thumb/v7e-m\libc_nano.a(lib_a-memchr.o)
                0x20004ad0                memchr
 *(.text.*)
 .text.MqttClientCallback
                0x20004b70      0x208 ./client_cbs.o
                0x20004b70                MqttClientCallback
 .text.dmaErrorFxn
                0x20004d78       0x16 ./syscfg/ti_drivers_config.o
 .text.Board_initHook
                0x20004d8e        0xc ./syscfg/ti_drivers_config.o
                0x20004d8e                Board_initHook
 .text.Board_init
                0x20004d9a       0x14 ./syscfg/ti_drivers_config.o
                0x20004d9a                Board_init
 *fill*         0x20004dae        0x2 
 .text.main     0x20004db0       0x8c ./main_freertos.o
                0x20004db0                main
 .text.vApplicationMallocFailedHook
                0x20004e3c        0x6 ./main_freertos.o
                0x20004e3c                vApplicationMallocFailedHook
 .text.vApplicationStackOverflowHook
                0x20004e42        0xc ./main_freertos.o
                0x20004e42                vApplicationStackOverflowHook
 *fill*         0x20004e4e        0x2 
 .text.MQTT_SendMsgToQueue
                0x20004e50       0x58 ./mqtt_client_app.o
                0x20004e50                MQTT_SendMsgToQueue
 .text.pushButtonInterruptHandler2
                0x20004ea8       0x3c ./mqtt_client_app.o
                0x20004ea8                pushButtonInterruptHandler2
 .text.pushButtonInterruptHandler3
                0x20004ee4       0x54 ./mqtt_client_app.o
                0x20004ee4                pushButtonInterruptHandler3
 .text.TimerPeriodicIntHandler
                0x20004f38       0x40 ./mqtt_client_app.o
                0x20004f38                TimerPeriodicIntHandler
 .text.LedTimerConfigNStart
                0x20004f78       0x60 ./mqtt_client_app.o
                0x20004f78                LedTimerConfigNStart
 .text.LedTimerDeinitStop
                0x20004fd8       0x18 ./mqtt_client_app.o
                0x20004fd8                LedTimerDeinitStop
 .text.DisplayBanner
                0x20004ff0       0x3c ./mqtt_client_app.o
 .text.MqttClientThread
                0x2000502c       0x60 ./mqtt_client_app.o
                0x2000502c                MqttClientThread
 .text.MqttClient
                0x2000508c      0x164 ./mqtt_client_app.o
                0x2000508c                MqttClient
 .text.Mqtt_IF_Connect
                0x200051f0       0xf4 ./mqtt_client_app.o
                0x200051f0                Mqtt_IF_Connect
 .text.Mqtt_start
                0x200052e4      0x12c ./mqtt_client_app.o
                0x200052e4                Mqtt_start
 .text.Mqtt_Stop
                0x20005410       0x90 ./mqtt_client_app.o
                0x20005410                Mqtt_Stop
 .text.MqttClient_start
                0x200054a0      0x168 ./mqtt_client_app.o
                0x200054a0                MqttClient_start
 .text.Mqtt_ClientStop
                0x20005608       0x2c ./mqtt_client_app.o
                0x20005608                Mqtt_ClientStop
 .text.printBorder
                0x20005634       0x34 ./mqtt_client_app.o
                0x20005634                printBorder
 .text.SetClientIdNamefromMacAddress
                0x20005668       0xbc ./mqtt_client_app.o
                0x20005668                SetClientIdNamefromMacAddress
 .text.DisplayAppBanner
                0x20005724      0x1b8 ./mqtt_client_app.o
                0x20005724                DisplayAppBanner
 .text.mainThread
                0x200058dc      0x1b8 ./mqtt_client_app.o
                0x200058dc                mainThread
 .text.SimpleLinkHttpServerEventHandler
                0x20005a94       0x14 ./network_if.o
                0x20005a94                SimpleLinkHttpServerEventHandler
 .text.SimpleLinkNetAppRequestEventHandler
                0x20005aa8       0x14 ./network_if.o
                0x20005aa8                SimpleLinkNetAppRequestEventHandler
 .text.SimpleLinkNetAppRequestMemFreeEventHandler
                0x20005abc       0x12 ./network_if.o
                0x20005abc                SimpleLinkNetAppRequestMemFreeEventHandler
 *fill*         0x20005ace        0x2 
 .text.SimpleLinkWlanEventHandler
                0x20005ad0      0x124 ./network_if.o
                0x20005ad0                SimpleLinkWlanEventHandler
 .text.SimpleLinkFatalErrorEventHandler
                0x20005bf4       0x94 ./network_if.o
                0x20005bf4                SimpleLinkFatalErrorEventHandler
 .text.SimpleLinkNetAppEventHandler
                0x20005c88       0xe0 ./network_if.o
                0x20005c88                SimpleLinkNetAppEventHandler
 .text.SimpleLinkGeneralEventHandler
                0x20005d68       0x28 ./network_if.o
                0x20005d68                SimpleLinkGeneralEventHandler
 .text.SimpleLinkSockEventHandler
                0x20005d90       0xf4 ./network_if.o
                0x20005d90                SimpleLinkSockEventHandler
 .text.InitializeAppVariables
                0x20005e84       0x44 ./network_if.o
                0x20005e84                InitializeAppVariables
 .text.Network_IF_InitDriver
                0x20005ec8      0x164 ./network_if.o
                0x20005ec8                Network_IF_InitDriver
 .text.Network_IF_ConnectAP
                0x2000602c      0x2a4 ./network_if.o
                0x2000602c                Network_IF_ConnectAP
 .text.Network_IF_DisconnectFromAP
                0x200062d0       0x50 ./network_if.o
                0x200062d0                Network_IF_DisconnectFromAP
 .text.Network_IF_IpConfigGet
                0x20006320       0x84 ./network_if.o
                0x20006320                Network_IF_IpConfigGet
 .text.Network_IF_ResetMCUStateMachine
                0x200063a4       0x18 ./network_if.o
                0x200063a4                Network_IF_ResetMCUStateMachine
 .text.InitTerm
                0x200063bc       0x58 ./uart_term.o
                0x200063bc                InitTerm
 .text.Report   0x20006414       0x98 ./uart_term.o
                0x20006414                Report
 .text.TrimSpace
                0x200064ac       0x8e ./uart_term.o
                0x200064ac                TrimSpace
 *fill*         0x2000653a        0x2 
 .text.GetCmd   0x2000653c       0xf8 ./uart_term.o
                0x2000653c                GetCmd
 .text.Message  0x20006634       0x2c ./uart_term.o
                0x20006634                Message
 .text.putch    0x20006660       0x24 ./uart_term.o
                0x20006660                putch
 .text.mutexLockup
                0x20006684        0x4 C:/ti/simplelink_cc32xx_sdk_3_30_01_02/source/ti/net/mqtt/lib\gcc/m4/mqtt_release.a(mqttclient.om4g)
 .text.processPublishRxCB
                0x20006688       0x7c C:/ti/simplelink_cc32xx_sdk_3_30_01_02/source/ti/net/mqtt/lib\gcc/m4/mqtt_release.a(mqttclient.om4g)
 .text.mutexUnlock
                0x20006704        0x4 C:/ti/simplelink_cc32xx_sdk_3_30_01_02/source/ti/net/mqtt/lib\gcc/m4/mqtt_release.a(mqttclient.om4g)
 .text.processDisconnCB
                0x20006708       0x3c C:/ti/simplelink_cc32xx_sdk_3_30_01_02/source/ti/net/mqtt/lib\gcc/m4/mqtt_release.a(mqttclient.om4g)
 .text.processNotifyAckCB
                0x20006744       0xd0 C:/ti/simplelink_cc32xx_sdk_3_30_01_02/source/ti/net/mqtt/lib\gcc/m4/mqtt_release.a(mqttclient.om4g)
 .text._sl_ExtLib_ServerAckLockedWait
                0x20006814       0x40 C:/ti/simplelink_cc32xx_sdk_3_30_01_02/source/ti/net/mqtt/lib\gcc/m4/mqtt_release.a(mqttclient.om4g)
                0x20006814                _sl_ExtLib_ServerAckLockedWait
 .text._sl_ExtLib_AwaitedAckLockedSet
                0x20006854       0x28 C:/ti/simplelink_cc32xx_sdk_3_30_01_02/source/ti/net/mqtt/lib\gcc/m4/mqtt_release.a(mqttclient.om4g)
                0x20006854                _sl_ExtLib_AwaitedAckLockedSet
 .text.MqttClientCtxCreate
                0x2000687c      0x144 C:/ti/simplelink_cc32xx_sdk_3_30_01_02/source/ti/net/mqtt/lib\gcc/m4/mqtt_release.a(mqttclient.om4g)
                0x2000687c                MqttClientCtxCreate
 .text.MqttClientCtxDelete
                0x200069c0       0x40 C:/ti/simplelink_cc32xx_sdk_3_30_01_02/source/ti/net/mqtt/lib\gcc/m4/mqtt_release.a(mqttclient.om4g)
                0x200069c0                MqttClientCtxDelete
 .text.MqttClientConfig
                0x20006a00       0xa0 C:/ti/simplelink_cc32xx_sdk_3_30_01_02/source/ti/net/mqtt/lib\gcc/m4/mqtt_release.a(mqttclient.om4g)
                0x20006a00                MqttClientConfig
 .text.MQTTClient_create
                0x20006aa0       0xb0 C:/ti/simplelink_cc32xx_sdk_3_30_01_02/source/ti/net/mqtt/lib\gcc/m4/mqtt_release.a(mqttclient.om4g)
                0x20006aa0                MQTTClient_create
 .text.MQTTClient_run
                0x20006b50       0x74 C:/ti/simplelink_cc32xx_sdk_3_30_01_02/source/ti/net/mqtt/lib\gcc/m4/mqtt_release.a(mqttclient.om4g)
                0x20006b50                MQTTClient_run
 .text.MQTTClient_connect
                0x20006bc4      0x154 C:/ti/simplelink_cc32xx_sdk_3_30_01_02/source/ti/net/mqtt/lib\gcc/m4/mqtt_release.a(mqttclient.om4g)
                0x20006bc4                MQTTClient_connect
 .text.MQTTClient_disconnect
                0x20006d18       0x38 C:/ti/simplelink_cc32xx_sdk_3_30_01_02/source/ti/net/mqtt/lib\gcc/m4/mqtt_release.a(mqttclient.om4g)
                0x20006d18                MQTTClient_disconnect
 .text.MQTTClient_delete
                0x20006d50       0xa8 C:/ti/simplelink_cc32xx_sdk_3_30_01_02/source/ti/net/mqtt/lib\gcc/m4/mqtt_release.a(mqttclient.om4g)
                0x20006d50                MQTTClient_delete
 .text.MqttClient_send
                0x20006df8       0xa8 C:/ti/simplelink_cc32xx_sdk_3_30_01_02/source/ti/net/mqtt/lib\gcc/m4/mqtt_release.a(mqttclient.om4g)
                0x20006df8                MqttClient_send
 .text.MQTTClient_publish
                0x20006ea0       0x18 C:/ti/simplelink_cc32xx_sdk_3_30_01_02/source/ti/net/mqtt/lib\gcc/m4/mqtt_release.a(mqttclient.om4g)
                0x20006ea0                MQTTClient_publish
 .text.MQTTClient_set
                0x20006eb8       0x50 C:/ti/simplelink_cc32xx_sdk_3_30_01_02/source/ti/net/mqtt/lib\gcc/m4/mqtt_release.a(mqttclient.om4g)
                0x20006eb8                MQTTClient_set
 .text.createSocket
                0x20006f08      0x1bc C:/ti/simplelink_cc32xx_sdk_3_30_01_02/source/ti/net/mqtt/lib\gcc/m4/mqtt_release.a(mqtt_net_func.om4g)
 .text.MQTTNet_commOpen
                0x200070c4      0x100 C:/ti/simplelink_cc32xx_sdk_3_30_01_02/source/ti/net/mqtt/lib\gcc/m4/mqtt_release.a(mqtt_net_func.om4g)
                0x200070c4                MQTTNet_commOpen
 .text.MQTTNet_tcpSend
                0x200071c4        0x8 C:/ti/simplelink_cc32xx_sdk_3_30_01_02/source/ti/net/mqtt/lib\gcc/m4/mqtt_release.a(mqtt_net_func.om4g)
                0x200071c4                MQTTNet_tcpSend
 .text.MQTTNet_tcpRecv
                0x200071cc       0x44 C:/ti/simplelink_cc32xx_sdk_3_30_01_02/source/ti/net/mqtt/lib\gcc/m4/mqtt_release.a(mqtt_net_func.om4g)
                0x200071cc                MQTTNet_tcpRecv
 .text.MQTTNet_commClose
                0x20007210       0x18 C:/ti/simplelink_cc32xx_sdk_3_30_01_02/source/ti/net/mqtt/lib\gcc/m4/mqtt_release.a(mqtt_net_func.om4g)
                0x20007210                MQTTNet_commClose
 .text.MQTTNet_rtcSecs
                0x20007228       0x20 C:/ti/simplelink_cc32xx_sdk_3_30_01_02/source/ti/net/mqtt/lib\gcc/m4/mqtt_release.a(mqtt_net_func.om4g)
                0x20007228                MQTTNet_rtcSecs
 .text.MQTTNet_tcpListen
                0x20007248       0x68 C:/ti/simplelink_cc32xx_sdk_3_30_01_02/source/ti/net/mqtt/lib\gcc/m4/mqtt_release.a(mqtt_net_func.om4g)
                0x20007248                MQTTNet_tcpListen
 .text.MQTTNet_tcpSelect
                0x200072b0       0x8c C:/ti/simplelink_cc32xx_sdk_3_30_01_02/source/ti/net/mqtt/lib\gcc/m4/mqtt_release.a(mqtt_net_func.om4g)
                0x200072b0                MQTTNet_tcpSelect
 .text.MQTTNet_tcpAccept
                0x2000733c       0x68 C:/ti/simplelink_cc32xx_sdk_3_30_01_02/source/ti/net/mqtt/lib\gcc/m4/mqtt_release.a(mqtt_net_func.om4g)
                0x2000733c                MQTTNet_tcpAccept
 .text.MQTTNet_sendTo
                0x200073a4       0x58 C:/ti/simplelink_cc32xx_sdk_3_30_01_02/source/ti/net/mqtt/lib\gcc/m4/mqtt_release.a(mqtt_net_func.om4g)
                0x200073a4                MQTTNet_sendTo
 .text.MQTTNet_recvFrom
                0x200073fc       0x6c C:/ti/simplelink_cc32xx_sdk_3_30_01_02/source/ti/net/mqtt/lib\gcc/m4/mqtt_release.a(mqtt_net_func.om4g)
                0x200073fc                MQTTNet_recvFrom
 .text.loopbTrigger
                0x20007468       0x48 C:/ti/simplelink_cc32xx_sdk_3_30_01_02/source/ti/net/mqtt/lib\gcc/m4/mqtt_release.a(client_core.om4g)
 .text.grpNetSetupCreate
                0x200074b0       0x48 C:/ti/simplelink_cc32xx_sdk_3_30_01_02/source/ti/net/mqtt/lib\gcc/m4/mqtt_release.a(client_core.om4g)
 .text.mqpAllocAtomic
                0x200074f8       0x38 C:/ti/simplelink_cc32xx_sdk_3_30_01_02/source/ti/net/mqtt/lib\gcc/m4/mqtt_release.a(client_core.om4g)
 .text.mqpFree  0x20007530       0x10 C:/ti/simplelink_cc32xx_sdk_3_30_01_02/source/ti/net/mqtt/lib\gcc/m4/mqtt_release.a(client_core.om4g)
 .text.mqpFreeLocked
                0x20007540       0x34 C:/ti/simplelink_cc32xx_sdk_3_30_01_02/source/ti/net/mqtt/lib\gcc/m4/mqtt_release.a(client_core.om4g)
 .text.doNetClose
                0x20007574       0x9c C:/ti/simplelink_cc32xx_sdk_3_30_01_02/source/ti/net/mqtt/lib\gcc/m4/mqtt_release.a(client_core.om4g)
 .text.doNetCloseRx
                0x20007610       0x30 C:/ti/simplelink_cc32xx_sdk_3_30_01_02/source/ti/net/mqtt/lib\gcc/m4/mqtt_release.a(client_core.om4g)
 .text.clientReset
                0x20007640       0x64 C:/ti/simplelink_cc32xx_sdk_3_30_01_02/source/ti/net/mqtt/lib\gcc/m4/mqtt_release.a(client_core.om4g)
 .text.doNetCloseTx.isra.9
                0x200076a4       0x1c C:/ti/simplelink_cc32xx_sdk_3_30_01_02/source/ti/net/mqtt/lib\gcc/m4/mqtt_release.a(client_core.om4g)
 .text.clCtxPartSend
                0x200076c0       0x9c C:/ti/simplelink_cc32xx_sdk_3_30_01_02/source/ti/net/mqtt/lib\gcc/m4/mqtt_release.a(client_core.om4g)
 .text.clCtxSeg1Send
                0x2000775c       0x5c C:/ti/simplelink_cc32xx_sdk_3_30_01_02/source/ti/net/mqtt/lib\gcc/m4/mqtt_release.a(client_core.om4g)
 .text.pingReqSend
                0x200077b8       0x2c C:/ti/simplelink_cc32xx_sdk_3_30_01_02/source/ti/net/mqtt/lib\gcc/m4/mqtt_release.a(client_core.om4g)
 .text.singleCtxRxPrepLocked
                0x200077e4       0xc0 C:/ti/simplelink_cc32xx_sdk_3_30_01_02/source/ti/net/mqtt/lib\gcc/m4/mqtt_release.a(client_core.om4g)
 .text._msgDispatch
                0x200078a4       0x98 C:/ti/simplelink_cc32xx_sdk_3_30_01_02/source/ti/net/mqtt/lib\gcc/m4/mqtt_release.a(client_core.om4g)
 .text.mqpSetupProcCtxDataRecv
                0x2000793c      0x4c4 C:/ti/simplelink_cc32xx_sdk_3_30_01_02/source/ti/net/mqtt/lib\gcc/m4/mqtt_release.a(client_core.om4g)
 .text.clCtxRecv
                0x20007e00       0x54 C:/ti/simplelink_cc32xx_sdk_3_30_01_02/source/ti/net/mqtt/lib\gcc/m4/mqtt_release.a(client_core.om4g)
 .text.clRecv   0x20007e54      0x1bc C:/ti/simplelink_cc32xx_sdk_3_30_01_02/source/ti/net/mqtt/lib\gcc/m4/mqtt_release.a(client_core.om4g)
 .text.MQTTClientCore_sendConnectMsg
                0x20008010      0x288 C:/ti/simplelink_cc32xx_sdk_3_30_01_02/source/ti/net/mqtt/lib\gcc/m4/mqtt_release.a(client_core.om4g)
                0x20008010                MQTTClientCore_sendConnectMsg
 .text.MQTTClientCore_sendPubMsg
                0x20008298       0x9c C:/ti/simplelink_cc32xx_sdk_3_30_01_02/source/ti/net/mqtt/lib\gcc/m4/mqtt_release.a(client_core.om4g)
                0x20008298                MQTTClientCore_sendPubMsg
 .text.MQTTClientCore_sendDisconn
                0x20008334       0x50 C:/ti/simplelink_cc32xx_sdk_3_30_01_02/source/ti/net/mqtt/lib\gcc/m4/mqtt_release.a(client_core.om4g)
                0x20008334                MQTTClientCore_sendDisconn
 .text.MQTTClientCore_ctxRun
                0x20008384       0x20 C:/ti/simplelink_cc32xx_sdk_3_30_01_02/source/ti/net/mqtt/lib\gcc/m4/mqtt_release.a(client_core.om4g)
                0x20008384                MQTTClientCore_ctxRun
 .text.MQTTClientCore_run
                0x200083a4       0x44 C:/ti/simplelink_cc32xx_sdk_3_30_01_02/source/ti/net/mqtt/lib\gcc/m4/mqtt_release.a(client_core.om4g)
                0x200083a4                MQTTClientCore_run
 .text.MQTTClientCore_registerBuffers
                0x200083e8       0x50 C:/ti/simplelink_cc32xx_sdk_3_30_01_02/source/ti/net/mqtt/lib\gcc/m4/mqtt_release.a(client_core.om4g)
                0x200083e8                MQTTClientCore_registerBuffers
 .text.MQTTClientCore_registerWillInfo
                0x20008438       0x44 C:/ti/simplelink_cc32xx_sdk_3_30_01_02/source/ti/net/mqtt/lib\gcc/m4/mqtt_release.a(client_core.om4g)
                0x20008438                MQTTClientCore_registerWillInfo
 .text.MQTTClientCore_registerCtxInfo
                0x2000847c       0x40 C:/ti/simplelink_cc32xx_sdk_3_30_01_02/source/ti/net/mqtt/lib\gcc/m4/mqtt_release.a(client_core.om4g)
                0x2000847c                MQTTClientCore_registerCtxInfo
 .text.MQTTClientCore_registerNetSvc
                0x200084bc       0x38 C:/ti/simplelink_cc32xx_sdk_3_30_01_02/source/ti/net/mqtt/lib\gcc/m4/mqtt_release.a(client_core.om4g)
                0x200084bc                MQTTClientCore_registerNetSvc
 .text.MQTTClientCore_createCtx
                0x200084f4       0xd4 C:/ti/simplelink_cc32xx_sdk_3_30_01_02/source/ti/net/mqtt/lib\gcc/m4/mqtt_release.a(client_core.om4g)
                0x200084f4                MQTTClientCore_createCtx
 .text.MQTTClientCore_deleteCtx
                0x200085c8       0x64 C:/ti/simplelink_cc32xx_sdk_3_30_01_02/source/ti/net/mqtt/lib\gcc/m4/mqtt_release.a(client_core.om4g)
                0x200085c8                MQTTClientCore_deleteCtx
 .text.MQTTClientCore_initLib
                0x2000862c       0xb8 C:/ti/simplelink_cc32xx_sdk_3_30_01_02/source/ti/net/mqtt/lib\gcc/m4/mqtt_release.a(client_core.om4g)
                0x2000862c                MQTTClientCore_initLib
 .text.MQTTClientCore_exitLib
                0x200086e4       0x58 C:/ti/simplelink_cc32xx_sdk_3_30_01_02/source/ti/net/mqtt/lib\gcc/m4/mqtt_release.a(client_core.om4g)
                0x200086e4                MQTTClientCore_exitLib
 .text.MQTT_packetFree
                0x2000873c       0x14 C:/ti/simplelink_cc32xx_sdk_3_30_01_02/source/ti/net/mqtt/lib\gcc/m4/mqtt_release.a(mqtt_common.om4g)
                0x2000873c                MQTT_packetFree
 .text.MQTT_packetReset
                0x20008750       0x10 C:/ti/simplelink_cc32xx_sdk_3_30_01_02/source/ti/net/mqtt/lib\gcc/m4/mqtt_release.a(mqtt_common.om4g)
                0x20008750                MQTT_packetReset
 .text.MQTT_packetInit
                0x20008760       0x18 C:/ti/simplelink_cc32xx_sdk_3_30_01_02/source/ti/net/mqtt/lib\gcc/m4/mqtt_release.a(mqtt_common.om4g)
                0x20008760                MQTT_packetInit
 .text.MQTT_packetBufWrUtf8
                0x20008778       0x28 C:/ti/simplelink_cc32xx_sdk_3_30_01_02/source/ti/net/mqtt/lib\gcc/m4/mqtt_release.a(mqtt_common.om4g)
                0x20008778                MQTT_packetBufWrUtf8
 .text.MQTT_packetBufTailWrRemlen
                0x200087a0       0x68 C:/ti/simplelink_cc32xx_sdk_3_30_01_02/source/ti/net/mqtt/lib\gcc/m4/mqtt_release.a(mqtt_common.om4g)
                0x200087a0                MQTT_packetBufTailWrRemlen
 .text.MQTT_packetPubAppendTopic
                0x20008808       0x80 C:/ti/simplelink_cc32xx_sdk_3_30_01_02/source/ti/net/mqtt/lib\gcc/m4/mqtt_release.a(mqtt_common.om4g)
                0x20008808                MQTT_packetPubAppendTopic
 .text.MQTT_packetPubAppendData
                0x20008888       0x5c C:/ti/simplelink_cc32xx_sdk_3_30_01_02/source/ti/net/mqtt/lib\gcc/m4/mqtt_release.a(mqtt_common.om4g)
                0x20008888                MQTT_packetPubAppendData
 .text.MQTT_packetProcMsgIdAckRx
                0x200088e4       0x40 C:/ti/simplelink_cc32xx_sdk_3_30_01_02/source/ti/net/mqtt/lib\gcc/m4/mqtt_release.a(mqtt_common.om4g)
                0x200088e4                MQTT_packetProcMsgIdAckRx
 .text.MQTT_packetProcPubRx
                0x20008924       0x64 C:/ti/simplelink_cc32xx_sdk_3_30_01_02/source/ti/net/mqtt/lib\gcc/m4/mqtt_release.a(mqtt_common.om4g)
                0x20008924                MQTT_packetProcPubRx
 .text.MQTT_packetAckWlistAppend
                0x20008988       0x18 C:/ti/simplelink_cc32xx_sdk_3_30_01_02/source/ti/net/mqtt/lib\gcc/m4/mqtt_release.a(mqtt_common.om4g)
                0x20008988                MQTT_packetAckWlistAppend
 .text.MQTT_packetAckWlistRemove
                0x200089a0       0x50 C:/ti/simplelink_cc32xx_sdk_3_30_01_02/source/ti/net/mqtt/lib\gcc/m4/mqtt_release.a(mqtt_common.om4g)
                0x200089a0                MQTT_packetAckWlistRemove
 .text.MQTT_packetAckWlistPurge
                0x200089f0       0x2c C:/ti/simplelink_cc32xx_sdk_3_30_01_02/source/ti/net/mqtt/lib\gcc/m4/mqtt_release.a(mqtt_common.om4g)
                0x200089f0                MQTT_packetAckWlistPurge
 .text.MQTT_packetPrepFh
                0x20008a1c       0x38 C:/ti/simplelink_cc32xx_sdk_3_30_01_02/source/ti/net/mqtt/lib\gcc/m4/mqtt_release.a(mqtt_common.om4g)
                0x20008a1c                MQTT_packetPrepFh
 .text.MQTT_PacketRecv
                0x20008a54      0x180 C:/ti/simplelink_cc32xx_sdk_3_30_01_02/source/ti/net/mqtt/lib\gcc/m4/mqtt_release.a(mqtt_common.om4g)
                0x20008a54                MQTT_PacketRecv
 .text.MQTT_secureConnStructInit
                0x20008bd4        0xc C:/ti/simplelink_cc32xx_sdk_3_30_01_02/source/ti/net/mqtt/lib\gcc/m4/mqtt_release.a(mqtt_common.om4g)
                0x20008bd4                MQTT_secureConnStructInit
 .text.MQTT_qos2PubCqReset
                0x20008be0       0x24 C:/ti/simplelink_cc32xx_sdk_3_30_01_02/source/ti/net/mqtt/lib\gcc/m4/mqtt_release.a(mqtt_common.om4g)
                0x20008be0                MQTT_qos2PubCqReset
 .text.MQTT_qos2PubCqLogup
                0x20008c04       0x38 C:/ti/simplelink_cc32xx_sdk_3_30_01_02/source/ti/net/mqtt/lib\gcc/m4/mqtt_release.a(mqtt_common.om4g)
                0x20008c04                MQTT_qos2PubCqLogup
 .text.MQTT_qos2PubCqUnlog
                0x20008c3c       0x68 C:/ti/simplelink_cc32xx_sdk_3_30_01_02/source/ti/net/mqtt/lib\gcc/m4/mqtt_release.a(mqtt_common.om4g)
                0x20008c3c                MQTT_qos2PubCqUnlog
 .text.MQTT_qos2PubCqCheck
                0x20008ca4       0x40 C:/ti/simplelink_cc32xx_sdk_3_30_01_02/source/ti/net/mqtt/lib\gcc/m4/mqtt_release.a(mqtt_common.om4g)
                0x20008ca4                MQTT_qos2PubCqCheck
 .text.MQTT_clCtxReset
                0x20008ce4       0x18 C:/ti/simplelink_cc32xx_sdk_3_30_01_02/source/ti/net/mqtt/lib\gcc/m4/mqtt_release.a(mqtt_common.om4g)
                0x20008ce4                MQTT_clCtxReset
 .text.MQTT_clCtxTimeoutInsert
                0x20008cfc       0x38 C:/ti/simplelink_cc32xx_sdk_3_30_01_02/source/ti/net/mqtt/lib\gcc/m4/mqtt_release.a(mqtt_common.om4g)
                0x20008cfc                MQTT_clCtxTimeoutInsert
 .text.MQTT_clCtxRemove
                0x20008d34       0x2c C:/ti/simplelink_cc32xx_sdk_3_30_01_02/source/ti/net/mqtt/lib\gcc/m4/mqtt_release.a(mqtt_common.om4g)
                0x20008d34                MQTT_clCtxRemove
 .text.MQTT_clCtxTimeoutUpdate
                0x20008d60       0x18 C:/ti/simplelink_cc32xx_sdk_3_30_01_02/source/ti/net/mqtt/lib\gcc/m4/mqtt_release.a(mqtt_common.om4g)
                0x20008d60                MQTT_clCtxTimeoutUpdate
 .text.SlNetSock_getVirtualSdConf
                0x20008d78       0x8c C:/ti/simplelink_cc32xx_sdk_3_30_01_02/source/ti/net/lib\gcc/m4/slnetsock_release.a(slnetsock.om4g)
 .text.SlNetSock_freeVirtualSocket
                0x20008e04       0x64 C:/ti/simplelink_cc32xx_sdk_3_30_01_02/source/ti/net/lib\gcc/m4/slnetsock_release.a(slnetsock.om4g)
 .text.SlNetSock_AllocVirtualSocket.part.0
                0x20008e68       0x68 C:/ti/simplelink_cc32xx_sdk_3_30_01_02/source/ti/net/lib\gcc/m4/slnetsock_release.a(slnetsock.om4g)
 .text.SlNetSock_init
                0x20008ed0       0x40 C:/ti/simplelink_cc32xx_sdk_3_30_01_02/source/ti/net/lib\gcc/m4/slnetsock_release.a(slnetsock.om4g)
                0x20008ed0                SlNetSock_init
 .text.SlNetSock_create
                0x20008f10       0xe8 C:/ti/simplelink_cc32xx_sdk_3_30_01_02/source/ti/net/lib\gcc/m4/slnetsock_release.a(slnetsock.om4g)
                0x20008f10                SlNetSock_create
 .text.SlNetSock_close
                0x20008ff8       0x3c C:/ti/simplelink_cc32xx_sdk_3_30_01_02/source/ti/net/lib\gcc/m4/slnetsock_release.a(slnetsock.om4g)
                0x20008ff8                SlNetSock_close
 .text.SlNetSock_accept
                0x20009034       0x9c C:/ti/simplelink_cc32xx_sdk_3_30_01_02/source/ti/net/lib\gcc/m4/slnetsock_release.a(slnetsock.om4g)
                0x20009034                SlNetSock_accept
 .text.SlNetSock_bind
                0x200090d0       0x3c C:/ti/simplelink_cc32xx_sdk_3_30_01_02/source/ti/net/lib\gcc/m4/slnetsock_release.a(slnetsock.om4g)
                0x200090d0                SlNetSock_bind
 .text.SlNetSock_listen
                0x2000910c       0x38 C:/ti/simplelink_cc32xx_sdk_3_30_01_02/source/ti/net/lib\gcc/m4/slnetsock_release.a(slnetsock.om4g)
                0x2000910c                SlNetSock_listen
 .text.SlNetSock_connect
                0x20009144       0x44 C:/ti/simplelink_cc32xx_sdk_3_30_01_02/source/ti/net/lib\gcc/m4/slnetsock_release.a(slnetsock.om4g)
                0x20009144                SlNetSock_connect
 .text.SlNetSock_select
                0x20009188      0x31c C:/ti/simplelink_cc32xx_sdk_3_30_01_02/source/ti/net/lib\gcc/m4/slnetsock_release.a(slnetsock.om4g)
                0x20009188                SlNetSock_select
 .text.SlNetSock_sdsSet
                0x200094a4       0x2c C:/ti/simplelink_cc32xx_sdk_3_30_01_02/source/ti/net/lib\gcc/m4/slnetsock_release.a(slnetsock.om4g)
                0x200094a4                SlNetSock_sdsSet
 .text.SlNetSock_sdsClrAll
                0x200094d0       0x14 C:/ti/simplelink_cc32xx_sdk_3_30_01_02/source/ti/net/lib\gcc/m4/slnetsock_release.a(slnetsock.om4g)
                0x200094d0                SlNetSock_sdsClrAll
 .text.SlNetSock_sdsIsSet
                0x200094e4       0x28 C:/ti/simplelink_cc32xx_sdk_3_30_01_02/source/ti/net/lib\gcc/m4/slnetsock_release.a(slnetsock.om4g)
                0x200094e4                SlNetSock_sdsIsSet
 .text.SlNetSock_setOpt
                0x2000950c       0x4c C:/ti/simplelink_cc32xx_sdk_3_30_01_02/source/ti/net/lib\gcc/m4/slnetsock_release.a(slnetsock.om4g)
                0x2000950c                SlNetSock_setOpt
 .text.SlNetSock_recv
                0x20009558       0x54 C:/ti/simplelink_cc32xx_sdk_3_30_01_02/source/ti/net/lib\gcc/m4/slnetsock_release.a(slnetsock.om4g)
                0x20009558                SlNetSock_recv
 .text.SlNetSock_recvFrom
                0x200095ac       0x5c C:/ti/simplelink_cc32xx_sdk_3_30_01_02/source/ti/net/lib\gcc/m4/slnetsock_release.a(slnetsock.om4g)
                0x200095ac                SlNetSock_recvFrom
 .text.SlNetSock_send
                0x20009608       0x54 C:/ti/simplelink_cc32xx_sdk_3_30_01_02/source/ti/net/lib\gcc/m4/slnetsock_release.a(slnetsock.om4g)
                0x20009608                SlNetSock_send
 .text.SlNetSock_sendTo
                0x2000965c       0x60 C:/ti/simplelink_cc32xx_sdk_3_30_01_02/source/ti/net/lib\gcc/m4/slnetsock_release.a(slnetsock.om4g)
                0x2000965c                SlNetSock_sendTo
 .text.SlNetSock_secAttribCreate
                0x200096bc        0x8 C:/ti/simplelink_cc32xx_sdk_3_30_01_02/source/ti/net/lib\gcc/m4/slnetsock_release.a(slnetsock.om4g)
                0x200096bc                SlNetSock_secAttribCreate
 .text.SlNetSock_secAttribDelete
                0x200096c4       0x28 C:/ti/simplelink_cc32xx_sdk_3_30_01_02/source/ti/net/lib\gcc/m4/slnetsock_release.a(slnetsock.om4g)
                0x200096c4                SlNetSock_secAttribDelete
 .text.SlNetSock_secAttribSet
                0x200096ec       0x38 C:/ti/simplelink_cc32xx_sdk_3_30_01_02/source/ti/net/lib\gcc/m4/slnetsock_release.a(slnetsock.om4g)
                0x200096ec                SlNetSock_secAttribSet
 .text.SlNetSock_startSec
                0x20009724       0x48 C:/ti/simplelink_cc32xx_sdk_3_30_01_02/source/ti/net/lib\gcc/m4/slnetsock_release.a(slnetsock.om4g)
                0x20009724                SlNetSock_startSec
 .text.SlNetUtil_str2BinIpV6
                0x2000976c      0x124 C:/ti/simplelink_cc32xx_sdk_3_30_01_02/source/ti/net/lib\gcc/m4/slnetsock_release.a(slnetutils.om4g)
 .text.SlNetUtil_strTok.constprop.1
                0x20009890       0x4c C:/ti/simplelink_cc32xx_sdk_3_30_01_02/source/ti/net/lib\gcc/m4/slnetsock_release.a(slnetutils.om4g)
 .text.SlNetUtil_str2BinIpV4
                0x200098dc       0x64 C:/ti/simplelink_cc32xx_sdk_3_30_01_02/source/ti/net/lib\gcc/m4/slnetsock_release.a(slnetutils.om4g)
 .text.SlNetUtil_init
                0x20009940        0x4 C:/ti/simplelink_cc32xx_sdk_3_30_01_02/source/ti/net/lib\gcc/m4/slnetsock_release.a(slnetutils.om4g)
                0x20009940                SlNetUtil_init
 .text.SlNetUtil_htonl
                0x20009944       0x24 C:/ti/simplelink_cc32xx_sdk_3_30_01_02/source/ti/net/lib\gcc/m4/slnetsock_release.a(slnetutils.om4g)
                0x20009944                SlNetUtil_htonl
 .text.SlNetUtil_htons
                0x20009968       0x18 C:/ti/simplelink_cc32xx_sdk_3_30_01_02/source/ti/net/lib\gcc/m4/slnetsock_release.a(slnetutils.om4g)
                0x20009968                SlNetUtil_htons
 .text.SlNetUtil_inetPton
                0x20009980       0x2c C:/ti/simplelink_cc32xx_sdk_3_30_01_02/source/ti/net/lib\gcc/m4/slnetsock_release.a(slnetutils.om4g)
                0x20009980                SlNetUtil_inetPton
 .text.SlNetUtil_getHostByName
                0x200099ac       0xb0 C:/ti/simplelink_cc32xx_sdk_3_30_01_02/source/ti/net/lib\gcc/m4/slnetsock_release.a(slnetutils.om4g)
                0x200099ac                SlNetUtil_getHostByName
 .text.SlNetIf_init
                0x20009a5c        0x4 C:/ti/simplelink_cc32xx_sdk_3_30_01_02/source/ti/net/lib\gcc/m4/slnetsock_release.a(slnetif.om4g)
                0x20009a5c                SlNetIf_init
 .text.SlNetIf_add
                0x20009a60      0x138 C:/ti/simplelink_cc32xx_sdk_3_30_01_02/source/ti/net/lib\gcc/m4/slnetsock_release.a(slnetif.om4g)
                0x20009a60                SlNetIf_add
 .text.SlNetIf_getConnectionStatus
                0x20009b98       0x34 C:/ti/simplelink_cc32xx_sdk_3_30_01_02/source/ti/net/lib\gcc/m4/slnetsock_release.a(slnetif.om4g)
                0x20009b98                SlNetIf_getConnectionStatus
 .text.SlNetIf_queryIf
                0x20009bcc       0x68 C:/ti/simplelink_cc32xx_sdk_3_30_01_02/source/ti/net/lib\gcc/m4/slnetsock_release.a(slnetif.om4g)
                0x20009bcc                SlNetIf_queryIf
 .text.SlNetIfWifi_socket
                0x20009c34       0x48 C:/ti/simplelink_cc32xx_sdk_3_30_01_02/source/ti/drivers/net/wifi/slnetif\gcc/Release/slnetifwifi.a(slnetifwifi.obj)
                0x20009c34                SlNetIfWifi_socket
 .text.SlNetIfWifi_close
                0x20009c7c       0x20 C:/ti/simplelink_cc32xx_sdk_3_30_01_02/source/ti/drivers/net/wifi/slnetif\gcc/Release/slnetifwifi.a(slnetifwifi.obj)
                0x20009c7c                SlNetIfWifi_close
 .text.SlNetIfWifi_accept
                0x20009c9c       0x28 C:/ti/simplelink_cc32xx_sdk_3_30_01_02/source/ti/drivers/net/wifi/slnetif\gcc/Release/slnetifwifi.a(slnetifwifi.obj)
                0x20009c9c                SlNetIfWifi_accept
 .text.SlNetIfWifi_bind
                0x20009cc4       0x2e C:/ti/simplelink_cc32xx_sdk_3_30_01_02/source/ti/drivers/net/wifi/slnetif\gcc/Release/slnetifwifi.a(slnetifwifi.obj)
                0x20009cc4                SlNetIfWifi_bind
 .text.SlNetIfWifi_listen
                0x20009cf2       0x2a C:/ti/simplelink_cc32xx_sdk_3_30_01_02/source/ti/drivers/net/wifi/slnetif\gcc/Release/slnetifwifi.a(slnetifwifi.obj)
                0x20009cf2                SlNetIfWifi_listen
 .text.SlNetIfWifi_connect
                0x20009d1c       0x2e C:/ti/simplelink_cc32xx_sdk_3_30_01_02/source/ti/drivers/net/wifi/slnetif\gcc/Release/slnetifwifi.a(slnetifwifi.obj)
                0x20009d1c                SlNetIfWifi_connect
 .text.SlNetIfWifi_select
                0x20009d4a       0x40 C:/ti/simplelink_cc32xx_sdk_3_30_01_02/source/ti/drivers/net/wifi/slnetif\gcc/Release/slnetifwifi.a(slnetifwifi.obj)
                0x20009d4a                SlNetIfWifi_select
 .text.SlNetIfWifi_setSockOpt
                0x20009d8a       0x6c C:/ti/simplelink_cc32xx_sdk_3_30_01_02/source/ti/drivers/net/wifi/slnetif\gcc/Release/slnetifwifi.a(slnetifwifi.obj)
                0x20009d8a                SlNetIfWifi_setSockOpt
 *fill*         0x20009df6        0x2 
 .text.SlNetIfWifi_getSockOpt
                0x20009df8       0xc4 C:/ti/simplelink_cc32xx_sdk_3_30_01_02/source/ti/drivers/net/wifi/slnetif\gcc/Release/slnetifwifi.a(slnetifwifi.obj)
                0x20009df8                SlNetIfWifi_getSockOpt
 .text.SlNetIfWifi_recv
                0x20009ebc       0x34 C:/ti/simplelink_cc32xx_sdk_3_30_01_02/source/ti/drivers/net/wifi/slnetif\gcc/Release/slnetifwifi.a(slnetifwifi.obj)
                0x20009ebc                SlNetIfWifi_recv
 .text.SlNetIfWifi_recvFrom
                0x20009ef0       0x3e C:/ti/simplelink_cc32xx_sdk_3_30_01_02/source/ti/drivers/net/wifi/slnetif\gcc/Release/slnetifwifi.a(slnetifwifi.obj)
                0x20009ef0                SlNetIfWifi_recvFrom
 .text.SlNetIfWifi_send
                0x20009f2e       0x34 C:/ti/simplelink_cc32xx_sdk_3_30_01_02/source/ti/drivers/net/wifi/slnetif\gcc/Release/slnetifwifi.a(slnetifwifi.obj)
                0x20009f2e                SlNetIfWifi_send
 .text.SlNetIfWifi_sendTo
                0x20009f62       0x3e C:/ti/simplelink_cc32xx_sdk_3_30_01_02/source/ti/drivers/net/wifi/slnetif\gcc/Release/slnetifwifi.a(slnetifwifi.obj)
                0x20009f62                SlNetIfWifi_sendTo
 .text.SlNetIfWifi_sockstartSec
                0x20009fa0       0x94 C:/ti/simplelink_cc32xx_sdk_3_30_01_02/source/ti/drivers/net/wifi/slnetif\gcc/Release/slnetifwifi.a(slnetifwifi.obj)
                0x20009fa0                SlNetIfWifi_sockstartSec
 .text.SlNetIfWifi_getHostByName
                0x2000a034       0x3c C:/ti/simplelink_cc32xx_sdk_3_30_01_02/source/ti/drivers/net/wifi/slnetif\gcc/Release/slnetifwifi.a(slnetifwifi.obj)
                0x2000a034                SlNetIfWifi_getHostByName
 .text.matchModeByRole
                0x2000a070       0xaa C:/ti/simplelink_cc32xx_sdk_3_30_01_02/source/ti/drivers/net/wifi/slnetif\gcc/Release/slnetifwifi.a(slnetifwifi.obj)
                0x2000a070                matchModeByRole
 .text.SlNetIfWifi_getIPAddr
                0x2000a11a       0x46 C:/ti/simplelink_cc32xx_sdk_3_30_01_02/source/ti/drivers/net/wifi/slnetif\gcc/Release/slnetifwifi.a(slnetifwifi.obj)
                0x2000a11a                SlNetIfWifi_getIPAddr
 .text.SlNetIfWifi_getConnectionStatus
                0x2000a160       0x52 C:/ti/simplelink_cc32xx_sdk_3_30_01_02/source/ti/drivers/net/wifi/slnetif\gcc/Release/slnetifwifi.a(slnetifwifi.obj)
                0x2000a160                SlNetIfWifi_getConnectionStatus
 *fill*         0x2000a1b2        0x2 
 .text.SlNetIfWifi_loadSecObj
                0x2000a1b4      0x104 C:/ti/simplelink_cc32xx_sdk_3_30_01_02/source/ti/drivers/net/wifi/slnetif\gcc/Release/slnetifwifi.a(slnetifwifi.obj)
                0x2000a1b4                SlNetIfWifi_loadSecObj
 .text.GPIO_hwiIntFxn
                0x2000a2b8       0x6c C:/ti/simplelink_cc32xx_sdk_3_30_01_02/source\ti/drivers/lib/drivers_cc32xx.am4g(GPIOCC32XX.om4g)
                0x2000a2b8                GPIO_hwiIntFxn
 .text.GPIO_clearInt
                0x2000a324       0x30 C:/ti/simplelink_cc32xx_sdk_3_30_01_02/source\ti/drivers/lib/drivers_cc32xx.am4g(GPIOCC32XX.om4g)
                0x2000a324                GPIO_clearInt
 .text.GPIO_disableInt
                0x2000a354       0x58 C:/ti/simplelink_cc32xx_sdk_3_30_01_02/source\ti/drivers/lib/drivers_cc32xx.am4g(GPIOCC32XX.om4g)
                0x2000a354                GPIO_disableInt
 .text.GPIO_enableInt
                0x2000a3ac       0x54 C:/ti/simplelink_cc32xx_sdk_3_30_01_02/source\ti/drivers/lib/drivers_cc32xx.am4g(GPIOCC32XX.om4g)
                0x2000a3ac                GPIO_enableInt
 .text.GPIO_setCallback
                0x2000a400       0x58 C:/ti/simplelink_cc32xx_sdk_3_30_01_02/source\ti/drivers/lib/drivers_cc32xx.am4g(GPIOCC32XX.om4g)
                0x2000a400                GPIO_setCallback
 .text.GPIO_setConfig
                0x2000a458      0x1ec C:/ti/simplelink_cc32xx_sdk_3_30_01_02/source\ti/drivers/lib/drivers_cc32xx.am4g(GPIOCC32XX.om4g)
                0x2000a458                GPIO_setConfig
 .text.GPIO_init
                0x2000a644       0xf4 C:/ti/simplelink_cc32xx_sdk_3_30_01_02/source\ti/drivers/lib/drivers_cc32xx.am4g(GPIOCC32XX.om4g)
                0x2000a644                GPIO_init
 .text.powerNotifyFxn
                0x2000a738       0xa8 C:/ti/simplelink_cc32xx_sdk_3_30_01_02/source\ti/drivers/lib/drivers_cc32xx.am4g(GPIOCC32XX.om4g)
 .text.GPIO_write
                0x2000a7e0       0x60 C:/ti/simplelink_cc32xx_sdk_3_30_01_02/source\ti/drivers/lib/drivers_cc32xx.am4g(GPIOCC32XX.om4g)
                0x2000a7e0                GPIO_write
 .text.notify   0x2000a840       0x34 C:/ti/simplelink_cc32xx_sdk_3_30_01_02/source\ti/drivers/lib/drivers_cc32xx.am4g(PowerCC32XX.om4g)
 .text.Power_getConstraintMask
                0x2000a874        0xc C:/ti/simplelink_cc32xx_sdk_3_30_01_02/source\ti/drivers/lib/drivers_cc32xx.am4g(PowerCC32XX.om4g)
                0x2000a874                Power_getConstraintMask
 .text.Power_getTransitionLatency
                0x2000a880       0x10 C:/ti/simplelink_cc32xx_sdk_3_30_01_02/source\ti/drivers/lib/drivers_cc32xx.am4g(PowerCC32XX.om4g)
                0x2000a880                Power_getTransitionLatency
 .text.Power_idleFunc
                0x2000a890       0x14 C:/ti/simplelink_cc32xx_sdk_3_30_01_02/source\ti/drivers/lib/drivers_cc32xx.am4g(PowerCC32XX.om4g)
                0x2000a890                Power_idleFunc
 .text.Power_registerNotify
                0x2000a8a4       0x24 C:/ti/simplelink_cc32xx_sdk_3_30_01_02/source\ti/drivers/lib/drivers_cc32xx.am4g(PowerCC32XX.om4g)
                0x2000a8a4                Power_registerNotify
 .text.Power_releaseConstraint
                0x2000a8c8       0x4c C:/ti/simplelink_cc32xx_sdk_3_30_01_02/source\ti/drivers/lib/drivers_cc32xx.am4g(PowerCC32XX.om4g)
                0x2000a8c8                Power_releaseConstraint
 .text.Power_releaseDependency
                0x2000a914       0x58 C:/ti/simplelink_cc32xx_sdk_3_30_01_02/source\ti/drivers/lib/drivers_cc32xx.am4g(PowerCC32XX.om4g)
                0x2000a914                Power_releaseDependency
 .text.Power_setConstraint
                0x2000a96c       0x38 C:/ti/simplelink_cc32xx_sdk_3_30_01_02/source\ti/drivers/lib/drivers_cc32xx.am4g(PowerCC32XX.om4g)
                0x2000a96c                Power_setConstraint
 .text.Power_setDependency
                0x2000a9a4       0x80 C:/ti/simplelink_cc32xx_sdk_3_30_01_02/source\ti/drivers/lib/drivers_cc32xx.am4g(PowerCC32XX.om4g)
                0x2000a9a4                Power_setDependency
 .text.Power_unregisterNotify
                0x2000aa24       0x20 C:/ti/simplelink_cc32xx_sdk_3_30_01_02/source\ti/drivers/lib/drivers_cc32xx.am4g(PowerCC32XX.om4g)
                0x2000aa24                Power_unregisterNotify
 .text.PowerCC32XX_configureWakeup
                0x2000aa44       0xb0 C:/ti/simplelink_cc32xx_sdk_3_30_01_02/source\ti/drivers/lib/drivers_cc32xx.am4g(PowerCC32XX.om4g)
                0x2000aa44                PowerCC32XX_configureWakeup
 .text.Power_init
                0x2000aaf4       0x90 C:/ti/simplelink_cc32xx_sdk_3_30_01_02/source\ti/drivers/lib/drivers_cc32xx.am4g(PowerCC32XX.om4g)
                0x2000aaf4                Power_init
 .text.PowerCC32XX_getParkState
                0x2000ab84       0x3c C:/ti/simplelink_cc32xx_sdk_3_30_01_02/source\ti/drivers/lib/drivers_cc32xx.am4g(PowerCC32XX.om4g)
                0x2000ab84                PowerCC32XX_getParkState
 .text.PowerCC32XX_parkPin
                0x2000abc0       0x4c C:/ti/simplelink_cc32xx_sdk_3_30_01_02/source\ti/drivers/lib/drivers_cc32xx.am4g(PowerCC32XX.om4g)
                0x2000abc0                PowerCC32XX_parkPin
 .text.PowerCC32XX_restoreParkedPin
                0x2000ac0c       0x30 C:/ti/simplelink_cc32xx_sdk_3_30_01_02/source\ti/drivers/lib/drivers_cc32xx.am4g(PowerCC32XX.om4g)
                0x2000ac0c                PowerCC32XX_restoreParkedPin
 .text.Power_sleep
                0x2000ac3c      0x548 C:/ti/simplelink_cc32xx_sdk_3_30_01_02/source\ti/drivers/lib/drivers_cc32xx.am4g(PowerCC32XX.om4g)
                0x2000ac3c                Power_sleep
 .text.PowerCC32XX_restoreParkState
                0x2000b184       0x3c C:/ti/simplelink_cc32xx_sdk_3_30_01_02/source\ti/drivers/lib/drivers_cc32xx.am4g(PowerCC32XX.om4g)
                0x2000b184                PowerCC32XX_restoreParkState
 .text.PowerCC32XX_setParkState
                0x2000b1c0       0x70 C:/ti/simplelink_cc32xx_sdk_3_30_01_02/source\ti/drivers/lib/drivers_cc32xx.am4g(PowerCC32XX.om4g)
                0x2000b1c0                PowerCC32XX_setParkState
 .text.PowerCC32XX_reset
                0x2000b230       0x28 C:/ti/simplelink_cc32xx_sdk_3_30_01_02/source\ti/drivers/lib/drivers_cc32xx.am4g(PowerCC32XX.om4g)
                0x2000b230                PowerCC32XX_reset
 .text.SPI_close
                0x2000b258        0x8 C:/ti/simplelink_cc32xx_sdk_3_30_01_02/source\ti/drivers/lib/drivers_cc32xx.am4g(SPI.om4g)
                0x2000b258                SPI_close
 .text.SPI_init
                0x2000b260       0x4c C:/ti/simplelink_cc32xx_sdk_3_30_01_02/source\ti/drivers/lib/drivers_cc32xx.am4g(SPI.om4g)
                0x2000b260                SPI_init
 .text.SPI_open
                0x2000b2ac       0x44 C:/ti/simplelink_cc32xx_sdk_3_30_01_02/source\ti/drivers/lib/drivers_cc32xx.am4g(SPI.om4g)
                0x2000b2ac                SPI_open
 .text.SPI_Params_init
                0x2000b2f0       0x1c C:/ti/simplelink_cc32xx_sdk_3_30_01_02/source\ti/drivers/lib/drivers_cc32xx.am4g(SPI.om4g)
                0x2000b2f0                SPI_Params_init
 .text.SPI_transfer
                0x2000b30c        0x8 C:/ti/simplelink_cc32xx_sdk_3_30_01_02/source\ti/drivers/lib/drivers_cc32xx.am4g(SPI.om4g)
                0x2000b30c                SPI_transfer
 .text.SPICC32XXDMA_control
                0x2000b314        0x8 C:/ti/simplelink_cc32xx_sdk_3_30_01_02/source\ti/drivers/lib/drivers_cc32xx.am4g(SPICC32XXDMA.om4g)
                0x2000b314                SPICC32XXDMA_control
 .text.SPICC32XXDMA_close
                0x2000b31c       0xec C:/ti/simplelink_cc32xx_sdk_3_30_01_02/source\ti/drivers/lib/drivers_cc32xx.am4g(SPICC32XXDMA.om4g)
                0x2000b31c                SPICC32XXDMA_close
 .text.SPICC32XXDMA_init
                0x2000b408        0x4 C:/ti/simplelink_cc32xx_sdk_3_30_01_02/source\ti/drivers/lib/drivers_cc32xx.am4g(SPICC32XXDMA.om4g)
                0x2000b408                SPICC32XXDMA_init
 .text.configDMA
                0x2000b40c      0x198 C:/ti/simplelink_cc32xx_sdk_3_30_01_02/source\ti/drivers/lib/drivers_cc32xx.am4g(SPICC32XXDMA.om4g)
 .text.blockingTransferCallback
                0x2000b5a4        0x8 C:/ti/simplelink_cc32xx_sdk_3_30_01_02/source\ti/drivers/lib/drivers_cc32xx.am4g(SPICC32XXDMA.om4g)
 .text.spiHwiFxn
                0x2000b5ac       0xbc C:/ti/simplelink_cc32xx_sdk_3_30_01_02/source\ti/drivers/lib/drivers_cc32xx.am4g(SPICC32XXDMA.om4g)
 .text.initHw   0x2000b668       0x90 C:/ti/simplelink_cc32xx_sdk_3_30_01_02/source\ti/drivers/lib/drivers_cc32xx.am4g(SPICC32XXDMA.om4g)
 .text.SPICC32XXDMA_open
                0x2000b6f8      0x184 C:/ti/simplelink_cc32xx_sdk_3_30_01_02/source\ti/drivers/lib/drivers_cc32xx.am4g(SPICC32XXDMA.om4g)
                0x2000b6f8                SPICC32XXDMA_open
 .text.postNotifyFxn
                0x2000b87c       0x10 C:/ti/simplelink_cc32xx_sdk_3_30_01_02/source\ti/drivers/lib/drivers_cc32xx.am4g(SPICC32XXDMA.om4g)
 .text.SPICC32XXDMA_transferCancel
                0x2000b88c       0xf8 C:/ti/simplelink_cc32xx_sdk_3_30_01_02/source\ti/drivers/lib/drivers_cc32xx.am4g(SPICC32XXDMA.om4g)
                0x2000b88c                SPICC32XXDMA_transferCancel
 .text.SPICC32XXDMA_transfer
                0x2000b984      0x1d0 C:/ti/simplelink_cc32xx_sdk_3_30_01_02/source\ti/drivers/lib/drivers_cc32xx.am4g(SPICC32XXDMA.om4g)
                0x2000b984                SPICC32XXDMA_transfer
 .text.UART_control
                0x2000bb54        0x8 C:/ti/simplelink_cc32xx_sdk_3_30_01_02/source\ti/drivers/lib/drivers_cc32xx.am4g(UART.om4g)
                0x2000bb54                UART_control
 .text.UART_init
                0x2000bb5c       0x4c C:/ti/simplelink_cc32xx_sdk_3_30_01_02/source\ti/drivers/lib/drivers_cc32xx.am4g(UART.om4g)
                0x2000bb5c                UART_init
 .text.UART_open
                0x2000bba8       0x44 C:/ti/simplelink_cc32xx_sdk_3_30_01_02/source\ti/drivers/lib/drivers_cc32xx.am4g(UART.om4g)
                0x2000bba8                UART_open
 .text.UART_Params_init
                0x2000bbec       0x1c C:/ti/simplelink_cc32xx_sdk_3_30_01_02/source\ti/drivers/lib/drivers_cc32xx.am4g(UART.om4g)
                0x2000bbec                UART_Params_init
 .text.UART_readPolling
                0x2000bc08        0x8 C:/ti/simplelink_cc32xx_sdk_3_30_01_02/source\ti/drivers/lib/drivers_cc32xx.am4g(UART.om4g)
                0x2000bc08                UART_readPolling
 .text.UART_writePolling
                0x2000bc10        0x8 C:/ti/simplelink_cc32xx_sdk_3_30_01_02/source\ti/drivers/lib/drivers_cc32xx.am4g(UART.om4g)
                0x2000bc10                UART_writePolling
 .text.UARTCC32XXDMA_control
                0x2000bc18       0x48 C:/ti/simplelink_cc32xx_sdk_3_30_01_02/source\ti/drivers/lib/drivers_cc32xx.am4g(UARTCC32XXDMA.om4g)
                0x2000bc18                UARTCC32XXDMA_control
 .text.UARTCC32XXDMA_init
                0x2000bc60        0x4 C:/ti/simplelink_cc32xx_sdk_3_30_01_02/source\ti/drivers/lib/drivers_cc32xx.am4g(UARTCC32XXDMA.om4g)
                0x2000bc60                UARTCC32XXDMA_init
 .text.UARTCC32XXDMA_readPolling
                0x2000bc64       0x80 C:/ti/simplelink_cc32xx_sdk_3_30_01_02/source\ti/drivers/lib/drivers_cc32xx.am4g(UARTCC32XXDMA.om4g)
                0x2000bc64                UARTCC32XXDMA_readPolling
 .text.UARTCC32XXDMA_writePolling
                0x2000bce4       0x74 C:/ti/simplelink_cc32xx_sdk_3_30_01_02/source\ti/drivers/lib/drivers_cc32xx.am4g(UARTCC32XXDMA.om4g)
                0x2000bce4                UARTCC32XXDMA_writePolling
 .text.UARTCC32XXDMA_close
                0x2000bd58       0xe0 C:/ti/simplelink_cc32xx_sdk_3_30_01_02/source\ti/drivers/lib/drivers_cc32xx.am4g(UARTCC32XXDMA.om4g)
                0x2000bd58                UARTCC32XXDMA_close
 .text.writeFinishedDoCallback
                0x2000be38       0x34 C:/ti/simplelink_cc32xx_sdk_3_30_01_02/source\ti/drivers/lib/drivers_cc32xx.am4g(UARTCC32XXDMA.om4g)
 .text.readSemCallback
                0x2000be6c        0x8 C:/ti/simplelink_cc32xx_sdk_3_30_01_02/source\ti/drivers/lib/drivers_cc32xx.am4g(UARTCC32XXDMA.om4g)
 .text.writeSemCallback
                0x2000be74        0x8 C:/ti/simplelink_cc32xx_sdk_3_30_01_02/source\ti/drivers/lib/drivers_cc32xx.am4g(UARTCC32XXDMA.om4g)
 .text.readCancel.isra.1
                0x2000be7c       0x44 C:/ti/simplelink_cc32xx_sdk_3_30_01_02/source\ti/drivers/lib/drivers_cc32xx.am4g(UARTCC32XXDMA.om4g)
 .text.UARTCC32XXDMA_readCancel
                0x2000bec0       0x34 C:/ti/simplelink_cc32xx_sdk_3_30_01_02/source\ti/drivers/lib/drivers_cc32xx.am4g(UARTCC32XXDMA.om4g)
                0x2000bec0                UARTCC32XXDMA_readCancel
 .text.writeCancel.isra.2
                0x2000bef4       0x54 C:/ti/simplelink_cc32xx_sdk_3_30_01_02/source\ti/drivers/lib/drivers_cc32xx.am4g(UARTCC32XXDMA.om4g)
 .text.UARTCC32XXDMA_writeCancel
                0x2000bf48       0x34 C:/ti/simplelink_cc32xx_sdk_3_30_01_02/source\ti/drivers/lib/drivers_cc32xx.am4g(UARTCC32XXDMA.om4g)
                0x2000bf48                UARTCC32XXDMA_writeCancel
 .text.initHw.isra.4
                0x2000bf7c       0xc8 C:/ti/simplelink_cc32xx_sdk_3_30_01_02/source\ti/drivers/lib/drivers_cc32xx.am4g(UARTCC32XXDMA.om4g)
 .text.UARTCC32XXDMA_open
                0x2000c044      0x22c C:/ti/simplelink_cc32xx_sdk_3_30_01_02/source\ti/drivers/lib/drivers_cc32xx.am4g(UARTCC32XXDMA.om4g)
                0x2000c044                UARTCC32XXDMA_open
 .text.postNotifyFxn
                0x2000c270       0x10 C:/ti/simplelink_cc32xx_sdk_3_30_01_02/source\ti/drivers/lib/drivers_cc32xx.am4g(UARTCC32XXDMA.om4g)
 .text.UARTCC32XXDMA_hwiIntFxn
                0x2000c280       0xcc C:/ti/simplelink_cc32xx_sdk_3_30_01_02/source\ti/drivers/lib/drivers_cc32xx.am4g(UARTCC32XXDMA.om4g)
 .text.UARTCC32XXDMA_write
                0x2000c34c       0xf4 C:/ti/simplelink_cc32xx_sdk_3_30_01_02/source\ti/drivers/lib/drivers_cc32xx.am4g(UARTCC32XXDMA.om4g)
                0x2000c34c                UARTCC32XXDMA_write
 .text.UARTCC32XXDMA_read
                0x2000c440       0xe4 C:/ti/simplelink_cc32xx_sdk_3_30_01_02/source\ti/drivers/lib/drivers_cc32xx.am4g(UARTCC32XXDMA.om4g)
                0x2000c440                UARTCC32XXDMA_read
 .text.List_put
                0x2000c524       0x2c C:/ti/simplelink_cc32xx_sdk_3_30_01_02/source\ti/drivers/lib/drivers_cc32xx.am4g(List.om4g)
                0x2000c524                List_put
 .text.List_remove
                0x2000c550       0x30 C:/ti/simplelink_cc32xx_sdk_3_30_01_02/source\ti/drivers/lib/drivers_cc32xx.am4g(List.om4g)
                0x2000c550                List_remove
 .text.postNotifyFxn
                0x2000c580       0x1c C:/ti/simplelink_cc32xx_sdk_3_30_01_02/source\ti/drivers/lib/drivers_cc32xx.am4g(UDMACC32XX.om4g)
 .text.UDMACC32XX_close
                0x2000c59c       0x34 C:/ti/simplelink_cc32xx_sdk_3_30_01_02/source\ti/drivers/lib/drivers_cc32xx.am4g(UDMACC32XX.om4g)
                0x2000c59c                UDMACC32XX_close
 .text.UDMACC32XX_init
                0x2000c5d0       0x40 C:/ti/simplelink_cc32xx_sdk_3_30_01_02/source\ti/drivers/lib/drivers_cc32xx.am4g(UDMACC32XX.om4g)
                0x2000c5d0                UDMACC32XX_init
 .text.UDMACC32XX_open
                0x2000c610       0x7c C:/ti/simplelink_cc32xx_sdk_3_30_01_02/source\ti/drivers/lib/drivers_cc32xx.am4g(UDMACC32XX.om4g)
                0x2000c610                UDMACC32XX_open
 .text._SlDeviceGetStartResponseConvert
                0x2000c68c       0x24 C:/ti/simplelink_cc32xx_sdk_3_30_01_02/source/ti/drivers/net/wifi\gcc/rtos/simplelink.a(device.obj)
 .text.sl_Task  0x2000c6b0       0x16 C:/ti/simplelink_cc32xx_sdk_3_30_01_02/source/ti/drivers/net/wifi\gcc/rtos/simplelink.a(device.obj)
                0x2000c6b0                sl_Task
 *fill*         0x2000c6c6        0x2 
 .text.sl_Start
                0x2000c6c8      0x14c C:/ti/simplelink_cc32xx_sdk_3_30_01_02/source/ti/drivers/net/wifi\gcc/rtos/simplelink.a(device.obj)
                0x2000c6c8                sl_Start
 .text._SlDeviceHandleAsync_InitComplete
                0x2000c814      0x108 C:/ti/simplelink_cc32xx_sdk_3_30_01_02/source/ti/drivers/net/wifi\gcc/rtos/simplelink.a(device.obj)
                0x2000c814                _SlDeviceHandleAsync_InitComplete
 .text._SlDeviceHandleAsync_Stop
                0x2000c91c       0xb4 C:/ti/simplelink_cc32xx_sdk_3_30_01_02/source/ti/drivers/net/wifi\gcc/rtos/simplelink.a(device.obj)
                0x2000c91c                _SlDeviceHandleAsync_Stop
 .text.sl_Stop  0x2000c9d0      0x1f0 C:/ti/simplelink_cc32xx_sdk_3_30_01_02/source/ti/drivers/net/wifi\gcc/rtos/simplelink.a(device.obj)
                0x2000c9d0                sl_Stop
 .text.sl_DeviceGet
                0x2000cbc0       0xd0 C:/ti/simplelink_cc32xx_sdk_3_30_01_02/source/ti/drivers/net/wifi\gcc/rtos/simplelink.a(device.obj)
                0x2000cbc0                sl_DeviceGet
 .text._SlDeviceEventHandler
                0x2000cc90      0x120 C:/ti/simplelink_cc32xx_sdk_3_30_01_02/source/ti/drivers/net/wifi\gcc/rtos/simplelink.a(device.obj)
                0x2000cc90                _SlDeviceEventHandler
 .text._SlDeviceResetRequestInitCompletedCB
                0x2000cdb0       0x14 C:/ti/simplelink_cc32xx_sdk_3_30_01_02/source/ti/drivers/net/wifi\gcc/rtos/simplelink.a(device.obj)
                0x2000cdb0                _SlDeviceResetRequestInitCompletedCB
 .text._SlDeviceHandleResetRequestInternally
                0x2000cdc4       0x74 C:/ti/simplelink_cc32xx_sdk_3_30_01_02/source/ti/drivers/net/wifi\gcc/rtos/simplelink.a(device.obj)
                0x2000cdc4                _SlDeviceHandleResetRequestInternally
 .text._SlDrvDriverCBInit
                0x2000ce38      0x254 C:/ti/simplelink_cc32xx_sdk_3_30_01_02/source/ti/drivers/net/wifi\gcc/rtos/simplelink.a(driver.obj)
                0x2000ce38                _SlDrvDriverCBInit
 .text._SlDrvDriverCBDeinit
                0x2000d08c      0x168 C:/ti/simplelink_cc32xx_sdk_3_30_01_02/source/ti/drivers/net/wifi\gcc/rtos/simplelink.a(driver.obj)
                0x2000d08c                _SlDrvDriverCBDeinit
 .text._SlDrvRxIrqHandler
                0x2000d1f4       0x68 C:/ti/simplelink_cc32xx_sdk_3_30_01_02/source/ti/drivers/net/wifi\gcc/rtos/simplelink.a(driver.obj)
                0x2000d1f4                _SlDrvRxIrqHandler
 .text._SlDrvDriverIsApiAllowed
                0x2000d25c       0xb0 C:/ti/simplelink_cc32xx_sdk_3_30_01_02/source/ti/drivers/net/wifi\gcc/rtos/simplelink.a(driver.obj)
                0x2000d25c                _SlDrvDriverIsApiAllowed
 .text._SlDrvCmdOp
                0x2000d30c      0x118 C:/ti/simplelink_cc32xx_sdk_3_30_01_02/source/ti/drivers/net/wifi\gcc/rtos/simplelink.a(driver.obj)
                0x2000d30c                _SlDrvCmdOp
 .text._SlDrvDataReadOp
                0x2000d424      0x29c C:/ti/simplelink_cc32xx_sdk_3_30_01_02/source/ti/drivers/net/wifi\gcc/rtos/simplelink.a(driver.obj)
                0x2000d424                _SlDrvDataReadOp
 .text._SlDrvDataWriteOp
                0x2000d6c0      0x264 C:/ti/simplelink_cc32xx_sdk_3_30_01_02/source/ti/drivers/net/wifi\gcc/rtos/simplelink.a(driver.obj)
                0x2000d6c0                _SlDrvDataWriteOp
 .text._SlDrvMsgWrite
                0x2000d924      0x3e8 C:/ti/simplelink_cc32xx_sdk_3_30_01_02/source/ti/drivers/net/wifi\gcc/rtos/simplelink.a(driver.obj)
 .text._SlDrvMsgRead
                0x2000dd0c      0x9fc C:/ti/simplelink_cc32xx_sdk_3_30_01_02/source/ti/drivers/net/wifi\gcc/rtos/simplelink.a(driver.obj)
 .text._SlDrvAsyncEventGenericHandler
                0x2000e708      0x120 C:/ti/simplelink_cc32xx_sdk_3_30_01_02/source/ti/drivers/net/wifi\gcc/rtos/simplelink.a(driver.obj)
 .text._SlDrvMsgReadCmdCtx
                0x2000e828      0x220 C:/ti/simplelink_cc32xx_sdk_3_30_01_02/source/ti/drivers/net/wifi\gcc/rtos/simplelink.a(driver.obj)
 .text._SlDrvMsgReadSpawnCtx
                0x2000ea48      0x16c C:/ti/simplelink_cc32xx_sdk_3_30_01_02/source/ti/drivers/net/wifi\gcc/rtos/simplelink.a(driver.obj)
                0x2000ea48                _SlDrvMsgReadSpawnCtx
 .text._SlDrvClassifyRxMsg
                0x2000ebb4      0x110 C:/ti/simplelink_cc32xx_sdk_3_30_01_02/source/ti/drivers/net/wifi\gcc/rtos/simplelink.a(driver.obj)
 .text._SlDrvRxHdrRead
                0x2000ecc4      0x320 C:/ti/simplelink_cc32xx_sdk_3_30_01_02/source/ti/drivers/net/wifi\gcc/rtos/simplelink.a(driver.obj)
 .text._SlDrvBasicCmd
                0x2000efe4       0x50 C:/ti/simplelink_cc32xx_sdk_3_30_01_02/source/ti/drivers/net/wifi\gcc/rtos/simplelink.a(driver.obj)
                0x2000efe4                _SlDrvBasicCmd
 .text._SlDrvCmdSend_noLock
                0x2000f034       0x74 C:/ti/simplelink_cc32xx_sdk_3_30_01_02/source/ti/drivers/net/wifi\gcc/rtos/simplelink.a(driver.obj)
                0x2000f034                _SlDrvCmdSend_noLock
 .text._SlDrvCmdSend_noWait
                0x2000f0a8       0x54 C:/ti/simplelink_cc32xx_sdk_3_30_01_02/source/ti/drivers/net/wifi\gcc/rtos/simplelink.a(driver.obj)
                0x2000f0a8                _SlDrvCmdSend_noWait
 .text._SlDrvProtectAsyncRespSetting
                0x2000f0fc       0x9c C:/ti/simplelink_cc32xx_sdk_3_30_01_02/source/ti/drivers/net/wifi\gcc/rtos/simplelink.a(driver.obj)
                0x2000f0fc                _SlDrvProtectAsyncRespSetting
 .text._SlDrvIsSpawnOwnGlobalLock
                0x2000f198       0x1e C:/ti/simplelink_cc32xx_sdk_3_30_01_02/source/ti/drivers/net/wifi\gcc/rtos/simplelink.a(driver.obj)
                0x2000f198                _SlDrvIsSpawnOwnGlobalLock
 *fill*         0x2000f1b6        0x2 
 .text._SlDrvWaitForPoolObj
                0x2000f1b8      0x310 C:/ti/simplelink_cc32xx_sdk_3_30_01_02/source/ti/drivers/net/wifi\gcc/rtos/simplelink.a(driver.obj)
                0x2000f1b8                _SlDrvWaitForPoolObj
 .text._SlDrvReleasePoolObj
                0x2000f4c8      0x2c4 C:/ti/simplelink_cc32xx_sdk_3_30_01_02/source/ti/drivers/net/wifi\gcc/rtos/simplelink.a(driver.obj)
                0x2000f4c8                _SlDrvReleasePoolObj
 .text._SlDrvReleaseAllActivePendingPoolObj
                0x2000f78c      0x1b4 C:/ti/simplelink_cc32xx_sdk_3_30_01_02/source/ti/drivers/net/wifi\gcc/rtos/simplelink.a(driver.obj)
                0x2000f78c                _SlDrvReleaseAllActivePendingPoolObj
 .text._SlDrvRemoveFromList
                0x2000f940       0xd0 C:/ti/simplelink_cc32xx_sdk_3_30_01_02/source/ti/drivers/net/wifi\gcc/rtos/simplelink.a(driver.obj)
 .text._SlDrvFindAndSetActiveObj
                0x2000fa10      0x16c C:/ti/simplelink_cc32xx_sdk_3_30_01_02/source/ti/drivers/net/wifi\gcc/rtos/simplelink.a(driver.obj)
 .text._SlDrvDispatchHttpServerEvents
                0x2000fb7c       0x1a C:/ti/simplelink_cc32xx_sdk_3_30_01_02/source/ti/drivers/net/wifi\gcc/rtos/simplelink.a(driver.obj)
                0x2000fb7c                _SlDrvDispatchHttpServerEvents
 .text._SlDrvDispatchNetAppRequestEvents
                0x2000fb96       0x1a C:/ti/simplelink_cc32xx_sdk_3_30_01_02/source/ti/drivers/net/wifi\gcc/rtos/simplelink.a(driver.obj)
                0x2000fb96                _SlDrvDispatchNetAppRequestEvents
 .text._SlDrvSyncObjSignal
                0x2000fbb0       0x2a C:/ti/simplelink_cc32xx_sdk_3_30_01_02/source/ti/drivers/net/wifi\gcc/rtos/simplelink.a(driver.obj)
                0x2000fbb0                _SlDrvSyncObjSignal
 .text._SlDrvObjLockWaitForever
                0x2000fbda       0x2a C:/ti/simplelink_cc32xx_sdk_3_30_01_02/source/ti/drivers/net/wifi\gcc/rtos/simplelink.a(driver.obj)
                0x2000fbda                _SlDrvObjLockWaitForever
 .text._SlDrvProtectionObjLockWaitForever
                0x2000fc04       0x34 C:/ti/simplelink_cc32xx_sdk_3_30_01_02/source/ti/drivers/net/wifi\gcc/rtos/simplelink.a(driver.obj)
                0x2000fc04                _SlDrvProtectionObjLockWaitForever
 .text._SlDrvObjUnLock
                0x2000fc38       0x2a C:/ti/simplelink_cc32xx_sdk_3_30_01_02/source/ti/drivers/net/wifi\gcc/rtos/simplelink.a(driver.obj)
                0x2000fc38                _SlDrvObjUnLock
 *fill*         0x2000fc62        0x2 
 .text._SlDrvProtectionObjUnLock
                0x2000fc64       0x34 C:/ti/simplelink_cc32xx_sdk_3_30_01_02/source/ti/drivers/net/wifi\gcc/rtos/simplelink.a(driver.obj)
                0x2000fc64                _SlDrvProtectionObjUnLock
 .text._SlDrvObjGlobalLockWaitForever
                0x2000fc98      0x11c C:/ti/simplelink_cc32xx_sdk_3_30_01_02/source/ti/drivers/net/wifi\gcc/rtos/simplelink.a(driver.obj)
                0x2000fc98                _SlDrvObjGlobalLockWaitForever
 .text._SlDrvGlobalObjUnLock
                0x2000fdb4       0x50 C:/ti/simplelink_cc32xx_sdk_3_30_01_02/source/ti/drivers/net/wifi\gcc/rtos/simplelink.a(driver.obj)
                0x2000fdb4                _SlDrvGlobalObjUnLock
 .text._SlDrvMemZero
                0x2000fe04       0x20 C:/ti/simplelink_cc32xx_sdk_3_30_01_02/source/ti/drivers/net/wifi\gcc/rtos/simplelink.a(driver.obj)
                0x2000fe04                _SlDrvMemZero
 .text._SlDrvResetCmdExt
                0x2000fe24       0x18 C:/ti/simplelink_cc32xx_sdk_3_30_01_02/source/ti/drivers/net/wifi\gcc/rtos/simplelink.a(driver.obj)
                0x2000fe24                _SlDrvResetCmdExt
 .text._SlDrvSyncObjWaitForever
                0x2000fe3c       0x3c C:/ti/simplelink_cc32xx_sdk_3_30_01_02/source/ti/drivers/net/wifi\gcc/rtos/simplelink.a(driver.obj)
                0x2000fe3c                _SlDrvSyncObjWaitForever
 .text._SlDrvStartMeasureTimeout
                0x2000fe78       0x38 C:/ti/simplelink_cc32xx_sdk_3_30_01_02/source/ti/drivers/net/wifi\gcc/rtos/simplelink.a(driver.obj)
                0x2000fe78                _SlDrvStartMeasureTimeout
 .text._SlDrvIsTimeoutExpired
                0x2000feb0       0xbc C:/ti/simplelink_cc32xx_sdk_3_30_01_02/source/ti/drivers/net/wifi\gcc/rtos/simplelink.a(driver.obj)
                0x2000feb0                _SlDrvIsTimeoutExpired
 .text._SlDrvHandleFatalError
                0x2000ff6c       0xd0 C:/ti/simplelink_cc32xx_sdk_3_30_01_02/source/ti/drivers/net/wifi\gcc/rtos/simplelink.a(driver.obj)
                0x2000ff6c                _SlDrvHandleFatalError
 .text._SlDrvSyncObjWaitTimeout
                0x2001003c       0x50 C:/ti/simplelink_cc32xx_sdk_3_30_01_02/source/ti/drivers/net/wifi\gcc/rtos/simplelink.a(driver.obj)
                0x2001003c                _SlDrvSyncObjWaitTimeout
 .text._SlDrvUpdateApiInProgress
                0x2001008c       0x64 C:/ti/simplelink_cc32xx_sdk_3_30_01_02/source/ti/drivers/net/wifi\gcc/rtos/simplelink.a(driver.obj)
 .text._SlDrvIsApiInProgress
                0x200100f0       0x30 C:/ti/simplelink_cc32xx_sdk_3_30_01_02/source/ti/drivers/net/wifi\gcc/rtos/simplelink.a(driver.obj)
                0x200100f0                _SlDrvIsApiInProgress
 .text._SlDrvWaitForInternalAsyncEvent
                0x20010120      0x104 C:/ti/simplelink_cc32xx_sdk_3_30_01_02/source/ti/drivers/net/wifi\gcc/rtos/simplelink.a(driver.obj)
                0x20010120                _SlDrvWaitForInternalAsyncEvent
 .text._SlSpawnMsgListInsert
                0x20010224      0x14c C:/ti/simplelink_cc32xx_sdk_3_30_01_02/source/ti/drivers/net/wifi\gcc/rtos/simplelink.a(driver.obj)
                0x20010224                _SlSpawnMsgListInsert
 .text._SlSpawnMsgListProcess
                0x20010370       0xa8 C:/ti/simplelink_cc32xx_sdk_3_30_01_02/source/ti/drivers/net/wifi\gcc/rtos/simplelink.a(driver.obj)
                0x20010370                _SlSpawnMsgListProcess
 .text._SlSpawnMsgListGetCount
                0x20010418       0x6c C:/ti/simplelink_cc32xx_sdk_3_30_01_02/source/ti/drivers/net/wifi\gcc/rtos/simplelink.a(driver.obj)
                0x20010418                _SlSpawnMsgListGetCount
 .text._SlFindAndReleasePendingCmd
                0x20010484       0x50 C:/ti/simplelink_cc32xx_sdk_3_30_01_02/source/ti/drivers/net/wifi\gcc/rtos/simplelink.a(driver.obj)
                0x20010484                _SlFindAndReleasePendingCmd
 .text._SlFlowContSet
                0x200104d4       0x30 C:/ti/simplelink_cc32xx_sdk_3_30_01_02/source/ti/drivers/net/wifi\gcc/rtos/simplelink.a(flowcont.obj)
                0x200104d4                _SlFlowContSet
 .text._SlFsStrlen
                0x20010504       0x32 C:/ti/simplelink_cc32xx_sdk_3_30_01_02/source/ti/drivers/net/wifi\gcc/rtos/simplelink.a(fs.obj)
 *fill*         0x20010536        0x2 
 .text.FsGetCreateFsMode
                0x20010538       0xc4 C:/ti/simplelink_cc32xx_sdk_3_30_01_02/source/ti/drivers/net/wifi\gcc/rtos/simplelink.a(fs.obj)
 .text.sl_FsOpen
                0x200105fc      0x140 C:/ti/simplelink_cc32xx_sdk_3_30_01_02/source/ti/drivers/net/wifi\gcc/rtos/simplelink.a(fs.obj)
                0x200105fc                sl_FsOpen
 .text.sl_FsClose
                0x2001073c       0xcc C:/ti/simplelink_cc32xx_sdk_3_30_01_02/source/ti/drivers/net/wifi\gcc/rtos/simplelink.a(fs.obj)
                0x2001073c                sl_FsClose
 .text.sl_FsWrite
                0x20010808       0xf8 C:/ti/simplelink_cc32xx_sdk_3_30_01_02/source/ti/drivers/net/wifi\gcc/rtos/simplelink.a(fs.obj)
                0x20010808                sl_FsWrite
 .text._SlNetAppHandleAsync_DnsGetHostByService
                0x20010900      0x12c C:/ti/simplelink_cc32xx_sdk_3_30_01_02/source/ti/drivers/net/wifi\gcc/rtos/simplelink.a(netapp.obj)
                0x20010900                _SlNetAppHandleAsync_DnsGetHostByService
 .text.sl_NetAppDnsGetHostByName
                0x20010a2c      0x1a8 C:/ti/simplelink_cc32xx_sdk_3_30_01_02/source/ti/drivers/net/wifi\gcc/rtos/simplelink.a(netapp.obj)
                0x20010a2c                sl_NetAppDnsGetHostByName
 .text._SlNetAppHandleAsync_DnsGetHostByName
                0x20010bd4       0xe4 C:/ti/simplelink_cc32xx_sdk_3_30_01_02/source/ti/drivers/net/wifi\gcc/rtos/simplelink.a(netapp.obj)
                0x20010bd4                _SlNetAppHandleAsync_DnsGetHostByName
 .text._SlNetAppCopyPingResultsToReport
                0x20010cb8       0x44 C:/ti/simplelink_cc32xx_sdk_3_30_01_02/source/ti/drivers/net/wifi\gcc/rtos/simplelink.a(netapp.obj)
 .text._SlNetAppHandleAsync_PingResponse
                0x20010cfc       0xe0 C:/ti/simplelink_cc32xx_sdk_3_30_01_02/source/ti/drivers/net/wifi\gcc/rtos/simplelink.a(netapp.obj)
                0x20010cfc                _SlNetAppHandleAsync_PingResponse
 .text._SlNetAppSendTokenValue
                0x20010ddc       0x80 C:/ti/simplelink_cc32xx_sdk_3_30_01_02/source/ti/drivers/net/wifi\gcc/rtos/simplelink.a(netapp.obj)
                0x20010ddc                _SlNetAppSendTokenValue
 .text._SlNetAppSendResponse
                0x20010e5c       0xb0 C:/ti/simplelink_cc32xx_sdk_3_30_01_02/source/ti/drivers/net/wifi\gcc/rtos/simplelink.a(netapp.obj)
                0x20010e5c                _SlNetAppSendResponse
 .text._SlNetAppHandleAsync_NetAppReceive
                0x20010f0c       0xf4 C:/ti/simplelink_cc32xx_sdk_3_30_01_02/source/ti/drivers/net/wifi\gcc/rtos/simplelink.a(netapp.obj)
                0x20010f0c                _SlNetAppHandleAsync_NetAppReceive
 .text._SlNetAppEventHandler
                0x20011000      0x26e C:/ti/simplelink_cc32xx_sdk_3_30_01_02/source/ti/drivers/net/wifi\gcc/rtos/simplelink.a(netapp.obj)
                0x20011000                _SlNetAppEventHandler
 *fill*         0x2001126e        0x2 
 .text.sl_NetCfgGet
                0x20011270       0xe0 C:/ti/simplelink_cc32xx_sdk_3_30_01_02/source/ti/drivers/net/wifi\gcc/rtos/simplelink.a(netcfg.obj)
                0x20011270                sl_NetCfgGet
 .text._SlNetUtilHandleAsync_Cmd
                0x20011350       0xd0 C:/ti/simplelink_cc32xx_sdk_3_30_01_02/source/ti/drivers/net/wifi\gcc/rtos/simplelink.a(netutil.obj)
                0x20011350                _SlNetUtilHandleAsync_Cmd
 .text._SlSocketBuildAddress
                0x20011420       0x50 C:/ti/simplelink_cc32xx_sdk_3_30_01_02/source/ti/drivers/net/wifi\gcc/rtos/simplelink.a(sl_socket.obj)
 .text.sl_Socket
                0x20011470       0x7c C:/ti/simplelink_cc32xx_sdk_3_30_01_02/source/ti/drivers/net/wifi\gcc/rtos/simplelink.a(sl_socket.obj)
                0x20011470                sl_Socket
 .text.sl_Close
                0x200114ec      0x100 C:/ti/simplelink_cc32xx_sdk_3_30_01_02/source/ti/drivers/net/wifi\gcc/rtos/simplelink.a(sl_socket.obj)
                0x200114ec                sl_Close
 .text.sl_Bind  0x200115ec       0xa8 C:/ti/simplelink_cc32xx_sdk_3_30_01_02/source/ti/drivers/net/wifi\gcc/rtos/simplelink.a(sl_socket.obj)
                0x200115ec                sl_Bind
 .text.sl_SendTo
                0x20011694      0x10c C:/ti/simplelink_cc32xx_sdk_3_30_01_02/source/ti/drivers/net/wifi\gcc/rtos/simplelink.a(sl_socket.obj)
                0x20011694                sl_SendTo
 .text.sl_RecvFrom
                0x200117a0      0x164 C:/ti/simplelink_cc32xx_sdk_3_30_01_02/source/ti/drivers/net/wifi\gcc/rtos/simplelink.a(sl_socket.obj)
                0x200117a0                sl_RecvFrom
 .text.sl_Connect
                0x20011904      0x188 C:/ti/simplelink_cc32xx_sdk_3_30_01_02/source/ti/drivers/net/wifi\gcc/rtos/simplelink.a(sl_socket.obj)
                0x20011904                sl_Connect
 .text._SlSocketHandleAsync_Connect
                0x20011a8c       0xd0 C:/ti/simplelink_cc32xx_sdk_3_30_01_02/source/ti/drivers/net/wifi\gcc/rtos/simplelink.a(sl_socket.obj)
                0x20011a8c                _SlSocketHandleAsync_Connect
 .text._SlSocketHandleAsync_Close
                0x20011b5c       0xd0 C:/ti/simplelink_cc32xx_sdk_3_30_01_02/source/ti/drivers/net/wifi\gcc/rtos/simplelink.a(sl_socket.obj)
                0x20011b5c                _SlSocketHandleAsync_Close
 .text.sl_Send  0x20011c2c       0xcc C:/ti/simplelink_cc32xx_sdk_3_30_01_02/source/ti/drivers/net/wifi\gcc/rtos/simplelink.a(sl_socket.obj)
                0x20011c2c                sl_Send
 .text.sl_Listen
                0x20011cf8       0x68 C:/ti/simplelink_cc32xx_sdk_3_30_01_02/source/ti/drivers/net/wifi\gcc/rtos/simplelink.a(sl_socket.obj)
                0x20011cf8                sl_Listen
 .text.sl_Accept
                0x20011d60      0x1c8 C:/ti/simplelink_cc32xx_sdk_3_30_01_02/source/ti/drivers/net/wifi\gcc/rtos/simplelink.a(sl_socket.obj)
                0x20011d60                sl_Accept
 .text._SlSocketHandleAsync_Accept
                0x20011f28       0xb0 C:/ti/simplelink_cc32xx_sdk_3_30_01_02/source/ti/drivers/net/wifi\gcc/rtos/simplelink.a(sl_socket.obj)
                0x20011f28                _SlSocketHandleAsync_Accept
 .text.sl_Recv  0x20011fd8       0x98 C:/ti/simplelink_cc32xx_sdk_3_30_01_02/source/ti/drivers/net/wifi\gcc/rtos/simplelink.a(sl_socket.obj)
                0x20011fd8                sl_Recv
 .text.sl_SetSockOpt
                0x20012070       0x94 C:/ti/simplelink_cc32xx_sdk_3_30_01_02/source/ti/drivers/net/wifi\gcc/rtos/simplelink.a(sl_socket.obj)
                0x20012070                sl_SetSockOpt
 .text.sl_GetSockOpt
                0x20012104       0xd0 C:/ti/simplelink_cc32xx_sdk_3_30_01_02/source/ti/drivers/net/wifi\gcc/rtos/simplelink.a(sl_socket.obj)
                0x20012104                sl_GetSockOpt
 .text.CountSetBits
                0x200121d4       0x38 C:/ti/simplelink_cc32xx_sdk_3_30_01_02/source/ti/drivers/net/wifi\gcc/rtos/simplelink.a(sl_socket.obj)
 .text._SlSocketHandleAsync_Select
                0x2001220c      0x53c C:/ti/simplelink_cc32xx_sdk_3_30_01_02/source/ti/drivers/net/wifi\gcc/rtos/simplelink.a(sl_socket.obj)
                0x2001220c                _SlSocketHandleAsync_Select
 .text._SlDrvGetNextTimeoutValue
                0x20012748      0x13c C:/ti/simplelink_cc32xx_sdk_3_30_01_02/source/ti/drivers/net/wifi\gcc/rtos/simplelink.a(sl_socket.obj)
 .text._SlDrvClearCtrlSocket
                0x20012884       0x60 C:/ti/simplelink_cc32xx_sdk_3_30_01_02/source/ti/drivers/net/wifi\gcc/rtos/simplelink.a(sl_socket.obj)
 .text._SlDrvOpenCtrlSocket
                0x200128e4       0x78 C:/ti/simplelink_cc32xx_sdk_3_30_01_02/source/ti/drivers/net/wifi\gcc/rtos/simplelink.a(sl_socket.obj)
 .text._SlDrvCloseCtrlSocket
                0x2001295c       0x58 C:/ti/simplelink_cc32xx_sdk_3_30_01_02/source/ti/drivers/net/wifi\gcc/rtos/simplelink.a(sl_socket.obj)
 .text.to_mSec  0x200129b4       0x58 C:/ti/simplelink_cc32xx_sdk_3_30_01_02/source/ti/drivers/net/wifi\gcc/rtos/simplelink.a(sl_socket.obj)
 .text._SlDrvUnRegisterForSelectAsync
                0x20012a0c       0xd4 C:/ti/simplelink_cc32xx_sdk_3_30_01_02/source/ti/drivers/net/wifi\gcc/rtos/simplelink.a(sl_socket.obj)
 .text._SlDrvRegisterForSelectAsync
                0x20012ae0      0x1c4 C:/ti/simplelink_cc32xx_sdk_3_30_01_02/source/ti/drivers/net/wifi\gcc/rtos/simplelink.a(sl_socket.obj)
 .text.sl_Select
                0x20012ca4      0x2fc C:/ti/simplelink_cc32xx_sdk_3_30_01_02/source/ti/drivers/net/wifi\gcc/rtos/simplelink.a(sl_socket.obj)
                0x20012ca4                sl_Select
 .text.sl_StartTLS
                0x20012fa0      0x180 C:/ti/simplelink_cc32xx_sdk_3_30_01_02/source/ti/drivers/net/wifi\gcc/rtos/simplelink.a(sl_socket.obj)
                0x20012fa0                sl_StartTLS
 .text._SlSocketHandleAsync_StartTLS
                0x20013120      0x13c C:/ti/simplelink_cc32xx_sdk_3_30_01_02/source/ti/drivers/net/wifi\gcc/rtos/simplelink.a(sl_socket.obj)
                0x20013120                _SlSocketHandleAsync_StartTLS
 .text._SlInternalIsItSpawnThread
                0x2001325c       0x28 C:/ti/simplelink_cc32xx_sdk_3_30_01_02/source/ti/drivers/net/wifi\gcc/rtos/simplelink.a(spawn.obj)
                0x2001325c                _SlInternalIsItSpawnThread
 .text._SlInternalSpawnWaitForEvent
                0x20013284       0x40 C:/ti/simplelink_cc32xx_sdk_3_30_01_02/source/ti/drivers/net/wifi\gcc/rtos/simplelink.a(spawn.obj)
                0x20013284                _SlInternalSpawnWaitForEvent
 .text._SlInternalSpawnTaskEntry
                0x200132c4       0x48 C:/ti/simplelink_cc32xx_sdk_3_30_01_02/source/ti/drivers/net/wifi\gcc/rtos/simplelink.a(spawn.obj)
                0x200132c4                _SlInternalSpawnTaskEntry
 .text._SlInternalSpawn
                0x2001330c       0x64 C:/ti/simplelink_cc32xx_sdk_3_30_01_02/source/ti/drivers/net/wifi\gcc/rtos/simplelink.a(spawn.obj)
                0x2001330c                _SlInternalSpawn
 .text.sl_WlanConnect
                0x20013370      0x2f0 C:/ti/simplelink_cc32xx_sdk_3_30_01_02/source/ti/drivers/net/wifi\gcc/rtos/simplelink.a(wlan.obj)
                0x20013370                sl_WlanConnect
 .text.sl_WlanDisconnect
                0x20013660       0x32 C:/ti/simplelink_cc32xx_sdk_3_30_01_02/source/ti/drivers/net/wifi\gcc/rtos/simplelink.a(wlan.obj)
                0x20013660                sl_WlanDisconnect
 *fill*         0x20013692        0x2 
 .text.sl_WlanSetMode
                0x20013694       0x58 C:/ti/simplelink_cc32xx_sdk_3_30_01_02/source/ti/drivers/net/wifi\gcc/rtos/simplelink.a(wlan.obj)
                0x20013694                sl_WlanSetMode
 .text.sl_WlanGet
                0x200136ec       0xd4 C:/ti/simplelink_cc32xx_sdk_3_30_01_02/source/ti/drivers/net/wifi\gcc/rtos/simplelink.a(wlan.obj)
                0x200136ec                sl_WlanGet
 .text.spi_Open
                0x200137c0       0x78 C:/ti/simplelink_cc32xx_sdk_3_30_01_02/source/ti/drivers/net/wifi\gcc/rtos/simplelink.a(cc_pal.obj)
                0x200137c0                spi_Open
 .text.spi_Close
                0x20013838       0x1a C:/ti/simplelink_cc32xx_sdk_3_30_01_02/source/ti/drivers/net/wifi\gcc/rtos/simplelink.a(cc_pal.obj)
                0x20013838                spi_Close
 .text.spi_Read
                0x20013852       0xb2 C:/ti/simplelink_cc32xx_sdk_3_30_01_02/source/ti/drivers/net/wifi\gcc/rtos/simplelink.a(cc_pal.obj)
                0x20013852                spi_Read
 .text.spi_Write
                0x20013904       0xb2 C:/ti/simplelink_cc32xx_sdk_3_30_01_02/source/ti/drivers/net/wifi\gcc/rtos/simplelink.a(cc_pal.obj)
                0x20013904                spi_Write
 *fill*         0x200139b6        0x2 
 .text.NwpRegisterInterruptHandler
                0x200139b8       0x64 C:/ti/simplelink_cc32xx_sdk_3_30_01_02/source/ti/drivers/net/wifi\gcc/rtos/simplelink.a(cc_pal.obj)
                0x200139b8                NwpRegisterInterruptHandler
 .text.NwpMaskInterrupt
                0x20013a1c       0x18 C:/ti/simplelink_cc32xx_sdk_3_30_01_02/source/ti/drivers/net/wifi\gcc/rtos/simplelink.a(cc_pal.obj)
                0x20013a1c                NwpMaskInterrupt
 .text.NwpUnMaskInterrupt
                0x20013a34       0x18 C:/ti/simplelink_cc32xx_sdk_3_30_01_02/source/ti/drivers/net/wifi\gcc/rtos/simplelink.a(cc_pal.obj)
                0x20013a34                NwpUnMaskInterrupt
 .text.NwpPowerOn
                0x20013a4c       0x30 C:/ti/simplelink_cc32xx_sdk_3_30_01_02/source/ti/drivers/net/wifi\gcc/rtos/simplelink.a(cc_pal.obj)
                0x20013a4c                NwpPowerOn
 .text.NwpPowerOff
                0x20013a7c       0xd8 C:/ti/simplelink_cc32xx_sdk_3_30_01_02/source/ti/drivers/net/wifi\gcc/rtos/simplelink.a(cc_pal.obj)
                0x20013a7c                NwpPowerOff
 .text.Semaphore_pend_handle
                0x20013b54      0x100 C:/ti/simplelink_cc32xx_sdk_3_30_01_02/source/ti/drivers/net/wifi\gcc/rtos/simplelink.a(cc_pal.obj)
                0x20013b54                Semaphore_pend_handle
 .text.Mutex_create_handle
                0x20013c54       0x40 C:/ti/simplelink_cc32xx_sdk_3_30_01_02/source/ti/drivers/net/wifi\gcc/rtos/simplelink.a(cc_pal.obj)
                0x20013c54                Mutex_create_handle
 .text.TimerGetCurrentTimestamp
                0x20013c94        0xe C:/ti/simplelink_cc32xx_sdk_3_30_01_02/source/ti/drivers/net/wifi\gcc/rtos/simplelink.a(cc_pal.obj)
                0x20013c94                TimerGetCurrentTimestamp
 *fill*         0x20013ca2        0x2 
 .text.NwpWaitForShutDownInd
                0x20013ca4       0x54 C:/ti/simplelink_cc32xx_sdk_3_30_01_02/source/ti/drivers/net/wifi\gcc/rtos/simplelink.a(cc_pal.obj)
                0x20013ca4                NwpWaitForShutDownInd
 .text._SlIsEventRegistered
                0x20013cf8       0x44 C:/ti/simplelink_cc32xx_sdk_3_30_01_02/source/ti/drivers/net/wifi\gcc/rtos/simplelink.a(eventreg.obj)
                0x20013cf8                _SlIsEventRegistered
 .text.sl_RegisterLibsEventHandler
                0x20013d3c       0x5c C:/ti/simplelink_cc32xx_sdk_3_30_01_02/source/ti/drivers/net/wifi\gcc/rtos/simplelink.a(eventreg.obj)
                0x20013d3c                sl_RegisterLibsEventHandler
 .text.sl_UnregisterLibsEventHandler
                0x20013d98       0x88 C:/ti/simplelink_cc32xx_sdk_3_30_01_02/source/ti/drivers/net/wifi\gcc/rtos/simplelink.a(eventreg.obj)
                0x20013d98                sl_UnregisterLibsEventHandler
 .text._SlDeviceFatalErrorEvtHdlr
                0x20013e20       0x54 C:/ti/simplelink_cc32xx_sdk_3_30_01_02/source/ti/drivers/net/wifi\gcc/rtos/simplelink.a(eventreg.obj)
                0x20013e20                _SlDeviceFatalErrorEvtHdlr
 .text._SlDeviceGeneralEvtHdlr
                0x20013e74       0x54 C:/ti/simplelink_cc32xx_sdk_3_30_01_02/source/ti/drivers/net/wifi\gcc/rtos/simplelink.a(eventreg.obj)
                0x20013e74                _SlDeviceGeneralEvtHdlr
 .text._SlWlanEvtHdlr
                0x20013ec8       0x54 C:/ti/simplelink_cc32xx_sdk_3_30_01_02/source/ti/drivers/net/wifi\gcc/rtos/simplelink.a(eventreg.obj)
                0x20013ec8                _SlWlanEvtHdlr
 .text._SlNetAppEvtHdlr
                0x20013f1c       0x54 C:/ti/simplelink_cc32xx_sdk_3_30_01_02/source/ti/drivers/net/wifi\gcc/rtos/simplelink.a(eventreg.obj)
                0x20013f1c                _SlNetAppEvtHdlr
 .text._SlSockEvtHdlr
                0x20013f70       0x54 C:/ti/simplelink_cc32xx_sdk_3_30_01_02/source/ti/drivers/net/wifi\gcc/rtos/simplelink.a(eventreg.obj)
                0x20013f70                _SlSockEvtHdlr
 .text._SlNetAppHttpServerHdlr
                0x20013fc4       0x5c C:/ti/simplelink_cc32xx_sdk_3_30_01_02/source/ti/drivers/net/wifi\gcc/rtos/simplelink.a(eventreg.obj)
                0x20013fc4                _SlNetAppHttpServerHdlr
 .text._SlNetAppRequestHdlr
                0x20014020       0x5c C:/ti/simplelink_cc32xx_sdk_3_30_01_02/source/ti/drivers/net/wifi\gcc/rtos/simplelink.a(eventreg.obj)
                0x20014020                _SlNetAppRequestHdlr
 .text._SlNetAppRequestMemFree
                0x2001407c       0x54 C:/ti/simplelink_cc32xx_sdk_3_30_01_02/source/ti/drivers/net/wifi\gcc/rtos/simplelink.a(eventreg.obj)
                0x2001407c                _SlNetAppRequestMemFree
 .text.ClockP_callbackFxn
                0x200140d0       0x4a C:/Users/Gudni/Documents/igreyptkerfi_hopurB/mqtt_client_demo/freertos_builds_CC3220S_LAUNCHXL_release_gcc/Debug\libfreertos_builds_CC3220S_LAUNCHXL_release_gcc.a(ClockP_freertos.o)
                0x200140d0                ClockP_callbackFxn
 *fill*         0x2001411a        0x2 
 .text.ClockP_create
                0x2001411c       0xb8 C:/Users/Gudni/Documents/igreyptkerfi_hopurB/mqtt_client_demo/freertos_builds_CC3220S_LAUNCHXL_release_gcc/Debug\libfreertos_builds_CC3220S_LAUNCHXL_release_gcc.a(ClockP_freertos.o)
                0x2001411c                ClockP_create
 .text.ClockP_delete
                0x200141d4       0x54 C:/Users/Gudni/Documents/igreyptkerfi_hopurB/mqtt_client_demo/freertos_builds_CC3220S_LAUNCHXL_release_gcc/Debug\libfreertos_builds_CC3220S_LAUNCHXL_release_gcc.a(ClockP_freertos.o)
                0x200141d4                ClockP_delete
 .text.ClockP_getCpuFreq
                0x20014228       0x28 C:/Users/Gudni/Documents/igreyptkerfi_hopurB/mqtt_client_demo/freertos_builds_CC3220S_LAUNCHXL_release_gcc/Debug\libfreertos_builds_CC3220S_LAUNCHXL_release_gcc.a(ClockP_freertos.o)
                0x20014228                ClockP_getCpuFreq
 .text.ClockP_getSystemTickPeriod
                0x20014250       0x18 C:/Users/Gudni/Documents/igreyptkerfi_hopurB/mqtt_client_demo/freertos_builds_CC3220S_LAUNCHXL_release_gcc/Debug\libfreertos_builds_CC3220S_LAUNCHXL_release_gcc.a(ClockP_freertos.o)
                0x20014250                ClockP_getSystemTickPeriod
 .text.ClockP_getSystemTicks
                0x20014268        0xe C:/Users/Gudni/Documents/igreyptkerfi_hopurB/mqtt_client_demo/freertos_builds_CC3220S_LAUNCHXL_release_gcc/Debug\libfreertos_builds_CC3220S_LAUNCHXL_release_gcc.a(ClockP_freertos.o)
                0x20014268                ClockP_getSystemTicks
 .text.ClockP_Params_init
                0x20014276       0x24 C:/Users/Gudni/Documents/igreyptkerfi_hopurB/mqtt_client_demo/freertos_builds_CC3220S_LAUNCHXL_release_gcc/Debug\libfreertos_builds_CC3220S_LAUNCHXL_release_gcc.a(ClockP_freertos.o)
                0x20014276                ClockP_Params_init
 .text.ClockP_setTimeout
                0x2001429a       0x1e C:/Users/Gudni/Documents/igreyptkerfi_hopurB/mqtt_client_demo/freertos_builds_CC3220S_LAUNCHXL_release_gcc/Debug\libfreertos_builds_CC3220S_LAUNCHXL_release_gcc.a(ClockP_freertos.o)
                0x2001429a                ClockP_setTimeout
 .text.ClockP_start
                0x200142b8       0x2c C:/Users/Gudni/Documents/igreyptkerfi_hopurB/mqtt_client_demo/freertos_builds_CC3220S_LAUNCHXL_release_gcc/Debug\libfreertos_builds_CC3220S_LAUNCHXL_release_gcc.a(ClockP_freertos.o)
                0x200142b8                ClockP_start
 .text.ClockP_stop
                0x200142e4       0x70 C:/Users/Gudni/Documents/igreyptkerfi_hopurB/mqtt_client_demo/freertos_builds_CC3220S_LAUNCHXL_release_gcc/Debug\libfreertos_builds_CC3220S_LAUNCHXL_release_gcc.a(ClockP_freertos.o)
                0x200142e4                ClockP_stop
 .text.setClockObjTimeout
                0x20014354       0x7c C:/Users/Gudni/Documents/igreyptkerfi_hopurB/mqtt_client_demo/freertos_builds_CC3220S_LAUNCHXL_release_gcc/Debug\libfreertos_builds_CC3220S_LAUNCHXL_release_gcc.a(ClockP_freertos.o)
 .text.HwiP_disable
                0x200143d0       0x34 C:/Users/Gudni/Documents/igreyptkerfi_hopurB/mqtt_client_demo/freertos_builds_CC3220S_LAUNCHXL_release_gcc/Debug\libfreertos_builds_CC3220S_LAUNCHXL_release_gcc.a(HwiPCC32XX_freertos.o)
                0x200143d0                HwiP_disable
 .text.HwiP_restore
                0x20014404       0x2c C:/Users/Gudni/Documents/igreyptkerfi_hopurB/mqtt_client_demo/freertos_builds_CC3220S_LAUNCHXL_release_gcc/Debug\libfreertos_builds_CC3220S_LAUNCHXL_release_gcc.a(HwiPCC32XX_freertos.o)
                0x20014404                HwiP_restore
 .text.HwiP_clearInterrupt
                0x20014430       0x18 C:/Users/Gudni/Documents/igreyptkerfi_hopurB/mqtt_client_demo/freertos_builds_CC3220S_LAUNCHXL_release_gcc/Debug\libfreertos_builds_CC3220S_LAUNCHXL_release_gcc.a(HwiPCC32XX_freertos.o)
                0x20014430                HwiP_clearInterrupt
 .text.HwiP_delete
                0x20014448       0x20 C:/Users/Gudni/Documents/igreyptkerfi_hopurB/mqtt_client_demo/freertos_builds_CC3220S_LAUNCHXL_release_gcc/Debug\libfreertos_builds_CC3220S_LAUNCHXL_release_gcc.a(HwiPCC32XX_freertos.o)
                0x20014448                HwiP_delete
 .text.HwiP_disableInterrupt
                0x20014468       0x18 C:/Users/Gudni/Documents/igreyptkerfi_hopurB/mqtt_client_demo/freertos_builds_CC3220S_LAUNCHXL_release_gcc/Debug\libfreertos_builds_CC3220S_LAUNCHXL_release_gcc.a(HwiPCC32XX_freertos.o)
                0x20014468                HwiP_disableInterrupt
 .text.HwiP_dispatch
                0x20014480       0x58 C:/Users/Gudni/Documents/igreyptkerfi_hopurB/mqtt_client_demo/freertos_builds_CC3220S_LAUNCHXL_release_gcc/Debug\libfreertos_builds_CC3220S_LAUNCHXL_release_gcc.a(HwiPCC32XX_freertos.o)
                0x20014480                HwiP_dispatch
 .text.HwiP_enableInterrupt
                0x200144d8       0x18 C:/Users/Gudni/Documents/igreyptkerfi_hopurB/mqtt_client_demo/freertos_builds_CC3220S_LAUNCHXL_release_gcc/Debug\libfreertos_builds_CC3220S_LAUNCHXL_release_gcc.a(HwiPCC32XX_freertos.o)
                0x200144d8                HwiP_enableInterrupt
 .text.HwiP_create
                0x200144f0       0x78 C:/Users/Gudni/Documents/igreyptkerfi_hopurB/mqtt_client_demo/freertos_builds_CC3220S_LAUNCHXL_release_gcc/Debug\libfreertos_builds_CC3220S_LAUNCHXL_release_gcc.a(HwiPCC32XX_freertos.o)
                0x200144f0                HwiP_create
 .text.HwiP_inISR
                0x20014568       0x2c C:/Users/Gudni/Documents/igreyptkerfi_hopurB/mqtt_client_demo/freertos_builds_CC3220S_LAUNCHXL_release_gcc/Debug\libfreertos_builds_CC3220S_LAUNCHXL_release_gcc.a(HwiPCC32XX_freertos.o)
                0x20014568                HwiP_inISR
 .text.HwiP_Params_init
                0x20014594       0x26 C:/Users/Gudni/Documents/igreyptkerfi_hopurB/mqtt_client_demo/freertos_builds_CC3220S_LAUNCHXL_release_gcc/Debug\libfreertos_builds_CC3220S_LAUNCHXL_release_gcc.a(HwiPCC32XX_freertos.o)
                0x20014594                HwiP_Params_init
 *fill*         0x200145ba        0x2 
 .text.PowerCC32XX_sleepPolicy
                0x200145bc      0x23c C:/Users/Gudni/Documents/igreyptkerfi_hopurB/mqtt_client_demo/freertos_builds_CC3220S_LAUNCHXL_release_gcc/Debug\libfreertos_builds_CC3220S_LAUNCHXL_release_gcc.a(PowerCC32XX_freertos.o)
                0x200145bc                PowerCC32XX_sleepPolicy
 .text.PowerCC32XX_initPolicy
                0x200147f8        0xc C:/Users/Gudni/Documents/igreyptkerfi_hopurB/mqtt_client_demo/freertos_builds_CC3220S_LAUNCHXL_release_gcc/Debug\libfreertos_builds_CC3220S_LAUNCHXL_release_gcc.a(PowerCC32XX_freertos.o)
                0x200147f8                PowerCC32XX_initPolicy
 .text.vPortSuppressTicksAndSleep
                0x20014804       0x20 C:/Users/Gudni/Documents/igreyptkerfi_hopurB/mqtt_client_demo/freertos_builds_CC3220S_LAUNCHXL_release_gcc/Debug\libfreertos_builds_CC3220S_LAUNCHXL_release_gcc.a(PowerCC32XX_freertos.o)
                0x20014804                vPortSuppressTicksAndSleep
 .text.SemaphoreP_create
                0x20014824       0x64 C:/Users/Gudni/Documents/igreyptkerfi_hopurB/mqtt_client_demo/freertos_builds_CC3220S_LAUNCHXL_release_gcc/Debug\libfreertos_builds_CC3220S_LAUNCHXL_release_gcc.a(SemaphoreP_freertos.o)
                0x20014824                SemaphoreP_create
 .text.SemaphoreP_createBinary
                0x20014888       0x3a C:/Users/Gudni/Documents/igreyptkerfi_hopurB/mqtt_client_demo/freertos_builds_CC3220S_LAUNCHXL_release_gcc/Debug\libfreertos_builds_CC3220S_LAUNCHXL_release_gcc.a(SemaphoreP_freertos.o)
                0x20014888                SemaphoreP_createBinary
 .text.SemaphoreP_delete
                0x200148c2       0x16 C:/Users/Gudni/Documents/igreyptkerfi_hopurB/mqtt_client_demo/freertos_builds_CC3220S_LAUNCHXL_release_gcc/Debug\libfreertos_builds_CC3220S_LAUNCHXL_release_gcc.a(SemaphoreP_freertos.o)
                0x200148c2                SemaphoreP_delete
 .text.SemaphoreP_Params_init
                0x200148d8       0x1e C:/Users/Gudni/Documents/igreyptkerfi_hopurB/mqtt_client_demo/freertos_builds_CC3220S_LAUNCHXL_release_gcc/Debug\libfreertos_builds_CC3220S_LAUNCHXL_release_gcc.a(SemaphoreP_freertos.o)
                0x200148d8                SemaphoreP_Params_init
 .text.SemaphoreP_pend
                0x200148f6       0x42 C:/Users/Gudni/Documents/igreyptkerfi_hopurB/mqtt_client_demo/freertos_builds_CC3220S_LAUNCHXL_release_gcc/Debug\libfreertos_builds_CC3220S_LAUNCHXL_release_gcc.a(SemaphoreP_freertos.o)
                0x200148f6                SemaphoreP_pend
 .text.SemaphoreP_post
                0x20014938       0x3a C:/Users/Gudni/Documents/igreyptkerfi_hopurB/mqtt_client_demo/freertos_builds_CC3220S_LAUNCHXL_release_gcc/Debug\libfreertos_builds_CC3220S_LAUNCHXL_release_gcc.a(SemaphoreP_freertos.o)
                0x20014938                SemaphoreP_post
 *fill*         0x20014972        0x2 
 .text.pvPortMalloc
                0x20014974      0x18c C:/Users/Gudni/Documents/igreyptkerfi_hopurB/mqtt_client_demo/freertos_builds_CC3220S_LAUNCHXL_release_gcc/Debug\libfreertos_builds_CC3220S_LAUNCHXL_release_gcc.a(heap_4.o)
                0x20014974                pvPortMalloc
 .text.vPortFree
                0x20014b00       0xb0 C:/Users/Gudni/Documents/igreyptkerfi_hopurB/mqtt_client_demo/freertos_builds_CC3220S_LAUNCHXL_release_gcc/Debug\libfreertos_builds_CC3220S_LAUNCHXL_release_gcc.a(heap_4.o)
                0x20014b00                vPortFree
 .text.prvHeapInit
                0x20014bb0       0xc4 C:/Users/Gudni/Documents/igreyptkerfi_hopurB/mqtt_client_demo/freertos_builds_CC3220S_LAUNCHXL_release_gcc/Debug\libfreertos_builds_CC3220S_LAUNCHXL_release_gcc.a(heap_4.o)
 .text.prvInsertBlockIntoFreeList
                0x20014c74       0xb0 C:/Users/Gudni/Documents/igreyptkerfi_hopurB/mqtt_client_demo/freertos_builds_CC3220S_LAUNCHXL_release_gcc/Debug\libfreertos_builds_CC3220S_LAUNCHXL_release_gcc.a(heap_4.o)
 .text.xQueueGenericReset
                0x20014d24       0xd0 C:/Users/Gudni/Documents/igreyptkerfi_hopurB/mqtt_client_demo/freertos_builds_CC3220S_LAUNCHXL_release_gcc/Debug\libfreertos_builds_CC3220S_LAUNCHXL_release_gcc.a(queue.o)
                0x20014d24                xQueueGenericReset
 .text.xQueueGenericCreate
                0x20014df4       0x76 C:/Users/Gudni/Documents/igreyptkerfi_hopurB/mqtt_client_demo/freertos_builds_CC3220S_LAUNCHXL_release_gcc/Debug\libfreertos_builds_CC3220S_LAUNCHXL_release_gcc.a(queue.o)
                0x20014df4                xQueueGenericCreate
 .text.prvInitialiseNewQueue