Archive member included to satisfy reference by file (symbol)

C:/ti/simplelink_cc32xx_sdk_3_30_01_02/source/ti/net/mqtt/lib\gcc/m4/mqtt_release.a(mqttclient.om4g)
                              ./mqtt_client_app.o (MQTTClient_create)
C:/ti/simplelink_cc32xx_sdk_3_30_01_02/source/ti/net/mqtt/lib\gcc/m4/mqtt_release.a(mqtt_net_func.om4g)
                              C:/ti/simplelink_cc32xx_sdk_3_30_01_02/source/ti/net/mqtt/lib\gcc/m4/mqtt_release.a(mqttclient.om4g) (MQTTNet_commOpen)
C:/ti/simplelink_cc32xx_sdk_3_30_01_02/source/ti/net/mqtt/lib\gcc/m4/mqtt_release.a(client_core.om4g)
                              C:/ti/simplelink_cc32xx_sdk_3_30_01_02/source/ti/net/mqtt/lib\gcc/m4/mqtt_release.a(mqttclient.om4g) (MQTTClientCore_sendConnectMsg)
C:/ti/simplelink_cc32xx_sdk_3_30_01_02/source/ti/net/mqtt/lib\gcc/m4/mqtt_release.a(mqtt_common.om4g)
                              C:/ti/simplelink_cc32xx_sdk_3_30_01_02/source/ti/net/mqtt/lib\gcc/m4/mqtt_release.a(client_core.om4g) (MQTT_packetFree)
C:/ti/simplelink_cc32xx_sdk_3_30_01_02/source/ti/net/lib\gcc/m4/slnetsock_release.a(slnetsock.om4g)
                              ./mqtt_client_app.o (SlNetSock_init)
C:/ti/simplelink_cc32xx_sdk_3_30_01_02/source/ti/net/lib\gcc/m4/slnetsock_release.a(slnetutils.om4g)
                              ./mqtt_client_app.o (SlNetUtil_init)
C:/ti/simplelink_cc32xx_sdk_3_30_01_02/source/ti/net/lib\gcc/m4/slnetsock_release.a(slnetif.om4g)
                              ./mqtt_client_app.o (SlNetIf_init)
C:/ti/simplelink_cc32xx_sdk_3_30_01_02/source/ti/drivers/net/wifi/slnetif\gcc/Release/slnetifwifi.a(slnetifwifi.obj)
                              ./mqtt_client_app.o (SlNetIfConfigWifi)
C:/ti/simplelink_cc32xx_sdk_3_30_01_02/source\ti/display/lib/display.am4g(DisplayUart.om4g)
                              ./syscfg/ti_drivers_config.o (DisplayUartMin_fxnTable)
C:/ti/simplelink_cc32xx_sdk_3_30_01_02/source\ti/drivers/lib/drivers_cc32xx.am4g(GPIOCC32XX.om4g)
                              ./mqtt_client_app.o (GPIO_clearInt)
C:/ti/simplelink_cc32xx_sdk_3_30_01_02/source\ti/drivers/lib/drivers_cc32xx.am4g(PowerCC32XX.om4g)
                              C:/ti/simplelink_cc32xx_sdk_3_30_01_02/source\ti/drivers/lib/drivers_cc32xx.am4g(GPIOCC32XX.om4g) (Power_registerNotify)
C:/ti/simplelink_cc32xx_sdk_3_30_01_02/source\ti/drivers/lib/drivers_cc32xx.am4g(PowerCC32XX_asm.om4g)
                              C:/ti/simplelink_cc32xx_sdk_3_30_01_02/source\ti/drivers/lib/drivers_cc32xx.am4g(PowerCC32XX.om4g) (PowerCC32XX_enterLPDS)
C:/ti/simplelink_cc32xx_sdk_3_30_01_02/source\ti/drivers/lib/drivers_cc32xx.am4g(SPI.om4g)
                              ./mqtt_client_app.o (SPI_init)
C:/ti/simplelink_cc32xx_sdk_3_30_01_02/source\ti/drivers/lib/drivers_cc32xx.am4g(SPICC32XXDMA.om4g)
                              ./syscfg/ti_drivers_config.o (SPICC32XXDMA_fxnTable)
C:/ti/simplelink_cc32xx_sdk_3_30_01_02/source\ti/drivers/lib/drivers_cc32xx.am4g(TimerCC32XX.om4g)
                              ./syscfg/ti_drivers_config.o (TimerCC32XX_fxnTable)
C:/ti/simplelink_cc32xx_sdk_3_30_01_02/source\ti/drivers/lib/drivers_cc32xx.am4g(UART.om4g)
                              C:/ti/simplelink_cc32xx_sdk_3_30_01_02/source\ti/display/lib/display.am4g(DisplayUart.om4g) (UART_close)
C:/ti/simplelink_cc32xx_sdk_3_30_01_02/source\ti/drivers/lib/drivers_cc32xx.am4g(UARTCC32XXDMA.om4g)
                              ./syscfg/ti_drivers_config.o (UARTCC32XXDMA_fxnTable)
C:/ti/simplelink_cc32xx_sdk_3_30_01_02/source\ti/drivers/lib/drivers_cc32xx.am4g(WatchdogCC32XX.om4g)
                              ./syscfg/ti_drivers_config.o (WatchdogCC32XX_fxnTable)
C:/ti/simplelink_cc32xx_sdk_3_30_01_02/source\ti/drivers/lib/drivers_cc32xx.am4g(List.om4g)
                              C:/ti/simplelink_cc32xx_sdk_3_30_01_02/source\ti/drivers/lib/drivers_cc32xx.am4g(PowerCC32XX.om4g) (List_put)
C:/ti/simplelink_cc32xx_sdk_3_30_01_02/source\ti/drivers/lib/drivers_cc32xx.am4g(UDMACC32XX.om4g)
                              C:/ti/simplelink_cc32xx_sdk_3_30_01_02/source\ti/drivers/lib/drivers_cc32xx.am4g(SPICC32XXDMA.om4g) (UDMACC32XX_close)
C:/ti/simplelink_cc32xx_sdk_3_30_01_02/source/ti/drivers/net/wifi\gcc/rtos/simplelink.a(device.obj)
                              ./mqtt_client_app.o (sl_Task)
C:/ti/simplelink_cc32xx_sdk_3_30_01_02/source/ti/drivers/net/wifi\gcc/rtos/simplelink.a(driver.obj)
                              C:/ti/simplelink_cc32xx_sdk_3_30_01_02/source/ti/drivers/net/wifi\gcc/rtos/simplelink.a(device.obj) (RxIrqCnt)
C:/ti/simplelink_cc32xx_sdk_3_30_01_02/source/ti/drivers/net/wifi\gcc/rtos/simplelink.a(flowcont.obj)
                              C:/ti/simplelink_cc32xx_sdk_3_30_01_02/source/ti/drivers/net/wifi\gcc/rtos/simplelink.a(device.obj) (_SlFlowContSet)
C:/ti/simplelink_cc32xx_sdk_3_30_01_02/source/ti/drivers/net/wifi\gcc/rtos/simplelink.a(fs.obj)
[...]
Memory Configuration

Name             Origin             Length             Attributes
SRAM             0x20004000         0x0003c000         xrw
*default*        0x00000000         0xffffffff

Linker script and memory map

LOAD ./client_cbs.o
LOAD ./syscfg/ti_drivers_net_wifi_config.o
LOAD ./syscfg/ti_drivers_config.o
LOAD ./main_freertos.o
LOAD ./mqtt_client_app.o
LOAD ./network_if.o
LOAD ./uart_term.o
                0x00000800                STACKSIZE = 0x800
                0x20004000                PROVIDE (_resetVecs_base_address, DEFINED (_resetVecs_base_address)?_resetVecs_base_address:0x20004000)

.resetVecs      0x20004000       0x40
 *(.resetVecs)
 .resetVecs     0x20004000       0x40 C:/Users/Gudni/IgreyptKerfi/freertos_builds_CC3220S_LAUNCHXL_release_gcc/Debug\libfreertos_builds_CC3220S_LAUNCHXL_release_gcc.a(startup_cc32xx_gcc.o)

.ramVecs        0x20004400      0x30c
 *(.ramVecs)
 .ramVecs       0x20004400      0x30c C:/Users/Gudni/IgreyptKerfi/freertos_builds_CC3220S_LAUNCHXL_release_gcc/Debug\libfreertos_builds_CC3220S_LAUNCHXL_release_gcc.a(startup_cc32xx_gcc.o)

.text           0x20004710    0x16a48
 CREATE_OBJECT_SYMBOLS
 *(.text)
 .text          0x20004710       0x98 C:/ti/simplelink_cc32xx_sdk_3_30_01_02/source\ti/drivers/lib/drivers_cc32xx.am4g(PowerCC32XX_asm.om4g)
                0x20004710                PowerCC32XX_enterLPDS
                0x20004754                PowerCC32XX_resumeLPDS
 .text          0x200047a8       0x30 c:/ti/ccs930/ccs/tools/compiler/gcc-arm-none-eabi-7-2017-q4-major-win32/bin/../lib/gcc/arm-none-eabi/7.2.1/thumb/v7e-m\libgcc.a(_aeabi_uldivmod.o)
                0x200047a8                __aeabi_uldivmod
 .text          0x200047d8      0x2cc c:/ti/ccs930/ccs/tools/compiler/gcc-arm-none-eabi-7-2017-q4-major-win32/bin/../lib/gcc/arm-none-eabi/7.2.1/thumb/v7e-m\libgcc.a(_udivmoddi4.o)
                0x200047d8                __udivmoddi4
 .text          0x20004aa4        0x4 c:/ti/ccs930/ccs/tools/compiler/gcc-arm-none-eabi-7-2017-q4-major-win32/bin/../lib/gcc/arm-none-eabi/7.2.1/thumb/v7e-m\libgcc.a(_dvmd_tls.o)
                0x20004aa4                __aeabi_idiv0
                0x20004aa4                __aeabi_ldiv0
 .text          0x20004aa8       0x14 C:/ti/ccs930/ccs/tools/compiler/gcc-arm-none-eabi-7-2017-q4-major-win32/arm-none-eabi/lib/thumb/v7e-m\libc_nano.a(lib_a-strcmp.o)
                0x20004aa8                strcmp
 .text          0x20004abc       0x10 C:/ti/ccs930/ccs/tools/compiler/gcc-arm-none-eabi-7-2017-q4-major-win32/arm-none-eabi/lib/thumb/v7e-m\libc_nano.a(lib_a-strlen.o)
                0x20004abc                strlen
 *fill*         0x20004acc        0x4 
 .text          0x20004ad0       0xa0 C:/ti/ccs930/ccs/tools/compiler/gcc-arm-none-eabi-7-2017-q4-major-win32/arm-none-eabi/lib/thumb/v7e-m\libc_nano.a(lib_a-memchr.o)
                0x20004ad0                memchr
 *(.text.*)
 .text.MqttClientCallback
                0x20004b70      0x298 ./client_cbs.o
                0x20004b70                MqttClientCallback
 .text.dmaErrorFxn
                0x20004e08       0x16 ./syscfg/ti_drivers_config.o
 .text.Board_initHook
                0x20004e1e        0xc ./syscfg/ti_drivers_config.o
                0x20004e1e                Board_initHook
 .text.Board_init
                0x20004e2a       0x14 ./syscfg/ti_drivers_config.o
                0x20004e2a                Board_init
 *fill*         0x20004e3e        0x2 
 .text.main     0x20004e40       0x8c ./main_freertos.o
                0x20004e40                main
 .text.vApplicationMallocFailedHook
                0x20004ecc        0x6 ./main_freertos.o
                0x20004ecc                vApplicationMallocFailedHook
 .text.vApplicationStackOverflowHook
                0x20004ed2        0xc ./main_freertos.o
                0x20004ed2                vApplicationStackOverflowHook
 *fill*         0x20004ede        0x2 
 .text.MQTT_SendMsgToQueue
                0x20004ee0       0x58 ./mqtt_client_app.o
                0x20004ee0                MQTT_SendMsgToQueue
 .text.pushButtonInterruptHandler2
                0x20004f38       0x3c ./mqtt_client_app.o
                0x20004f38                pushButtonInterruptHandler2
 .text.pushButtonInterruptHandler3
                0x20004f74       0x54 ./mqtt_client_app.o
                0x20004f74                pushButtonInterruptHandler3
 .text.TimerPeriodicIntHandler
                0x20004fc8       0x40 ./mqtt_client_app.o
                0x20004fc8                TimerPeriodicIntHandler
 .text.LedTimerConfigNStart
                0x20005008       0x60 ./mqtt_client_app.o
                0x20005008                LedTimerConfigNStart
 .text.LedTimerDeinitStop
                0x20005068       0x18 ./mqtt_client_app.o
                0x20005068                LedTimerDeinitStop
 .text.DisplayBanner
                0x20005080       0x3c ./mqtt_client_app.o
 .text.MqttClientThread
                0x200050bc       0x60 ./mqtt_client_app.o
                0x200050bc                MqttClientThread
 .text.MqttClient
                0x2000511c      0x1cc ./mqtt_client_app.o
                0x2000511c                MqttClient
 .text.Mqtt_IF_Connect
                0x200052e8       0xf4 ./mqtt_client_app.o
                0x200052e8                Mqtt_IF_Connect
 .text.Mqtt_start
                0x200053dc      0x12c ./mqtt_client_app.o
                0x200053dc                Mqtt_start
 .text.Mqtt_Stop
                0x20005508       0x90 ./mqtt_client_app.o
                0x20005508                Mqtt_Stop
 .text.MqttClient_start
                0x20005598      0x230 ./mqtt_client_app.o
                0x20005598                MqttClient_start
 .text.Mqtt_ClientStop
                0x200057c8       0x8c ./mqtt_client_app.o
                0x200057c8                Mqtt_ClientStop
 .text.printBorder
                0x20005854       0x34 ./mqtt_client_app.o
                0x20005854                printBorder
 .text.SetClientIdNamefromMacAddress
                0x20005888       0xbc ./mqtt_client_app.o
                0x20005888                SetClientIdNamefromMacAddress
 .text.DisplayAppBanner
                0x20005944      0x1b8 ./mqtt_client_app.o
                0x20005944                DisplayAppBanner
 .text.mainThread
                0x20005afc      0x1e4 ./mqtt_client_app.o
                0x20005afc                mainThread
 .text.SimpleLinkHttpServerEventHandler
                0x20005ce0       0x14 ./network_if.o
                0x20005ce0                SimpleLinkHttpServerEventHandler
 .text.SimpleLinkNetAppRequestEventHandler
                0x20005cf4       0x14 ./network_if.o
                0x20005cf4                SimpleLinkNetAppRequestEventHandler
 .text.SimpleLinkNetAppRequestMemFreeEventHandler
                0x20005d08       0x12 ./network_if.o
                0x20005d08                SimpleLinkNetAppRequestMemFreeEventHandler
 *fill*         0x20005d1a        0x2 
 .text.SimpleLinkWlanEventHandler
                0x20005d1c      0x124 ./network_if.o
                0x20005d1c                SimpleLinkWlanEventHandler
 .text.SimpleLinkFatalErrorEventHandler
                0x20005e40       0x94 ./network_if.o
                0x20005e40                SimpleLinkFatalErrorEventHandler
 .text.SimpleLinkNetAppEventHandler
                0x20005ed4       0xe0 ./network_if.o
                0x20005ed4                SimpleLinkNetAppEventHandler
 .text.SimpleLinkGeneralEventHandler
                0x20005fb4       0x28 ./network_if.o
                0x20005fb4                SimpleLinkGeneralEventHandler
 .text.SimpleLinkSockEventHandler
                0x20005fdc       0xf4 ./network_if.o
                0x20005fdc                SimpleLinkSockEventHandler
 .text.InitializeAppVariables
                0x200060d0       0x44 ./network_if.o
                0x200060d0                InitializeAppVariables
 .text.Network_IF_InitDriver
                0x20006114      0x164 ./network_if.o
                0x20006114                Network_IF_InitDriver
 .text.Network_IF_ConnectAP
                0x20006278      0x2a4 ./network_if.o
                0x20006278                Network_IF_ConnectAP
 .text.Network_IF_DisconnectFromAP
                0x2000651c       0x50 ./network_if.o
                0x2000651c                Network_IF_DisconnectFromAP
 .text.Network_IF_IpConfigGet
                0x2000656c       0x84 ./network_if.o
                0x2000656c                Network_IF_IpConfigGet
 .text.Network_IF_ResetMCUStateMachine
                0x200065f0       0x18 ./network_if.o
                0x200065f0                Network_IF_ResetMCUStateMachine
 .text.InitTerm
                0x20006608       0x58 ./uart_term.o
                0x20006608                InitTerm
 .text.Report   0x20006660       0x98 ./uart_term.o
                0x20006660                Report
 .text.TrimSpace
                0x200066f8       0x8e ./uart_term.o
                0x200066f8                TrimSpace
 *fill*         0x20006786        0x2 
 .text.GetCmd   0x20006788       0xf8 ./uart_term.o
                0x20006788                GetCmd
 .text.Message  0x20006880       0x2c ./uart_term.o
                0x20006880                Message
 .text.putch    0x200068ac       0x24 ./uart_term.o
                0x200068ac                putch
 .text.mutexLockup
                0x200068d0        0x4 C:/ti/simplelink_cc32xx_sdk_3_30_01_02/source/ti/net/mqtt/lib\gcc/m4/mqtt_release.a(mqttclient.om4g)
 .text.processPublishRxCB
                0x200068d4       0x7c C:/ti/simplelink_cc32xx_sdk_3_30_01_02/source/ti/net/mqtt/lib\gcc/m4/mqtt_release.a(mqttclient.om4g)
 .text.mutexUnlock
                0x20006950        0x4 C:/ti/simplelink_cc32xx_sdk_3_30_01_02/source/ti/net/mqtt/lib\gcc/m4/mqtt_release.a(mqttclient.om4g)
 .text.processDisconnCB
                0x20006954       0x3c C:/ti/simplelink_cc32xx_sdk_3_30_01_02/source/ti/net/mqtt/lib\gcc/m4/mqtt_release.a(mqttclient.om4g)
 .text.processNotifyAckCB
                0x20006990       0xd0 C:/ti/simplelink_cc32xx_sdk_3_30_01_02/source/ti/net/mqtt/lib\gcc/m4/mqtt_release.a(mqttclient.om4g)
 .text._sl_ExtLib_ServerAckLockedWait
                0x20006a60       0x40 C:/ti/simplelink_cc32xx_sdk_3_30_01_02/source/ti/net/mqtt/lib\gcc/m4/mqtt_release.a(mqttclient.om4g)
                0x20006a60                _sl_ExtLib_ServerAckLockedWait
 .text._sl_ExtLib_AwaitedAckLockedSet
                0x20006aa0       0x28 C:/ti/simplelink_cc32xx_sdk_3_30_01_02/source/ti/net/mqtt/lib\gcc/m4/mqtt_release.a(mqttclient.om4g)
                0x20006aa0                _sl_ExtLib_AwaitedAckLockedSet
 .text.MqttClientCtxCreate
                0x20006ac8      0x144 C:/ti/simplelink_cc32xx_sdk_3_30_01_02/source/ti/net/mqtt/lib\gcc/m4/mqtt_release.a(mqttclient.om4g)
                0x20006ac8                MqttClientCtxCreate
 .text.MqttClientCtxDelete
                0x20006c0c       0x40 C:/ti/simplelink_cc32xx_sdk_3_30_01_02/source/ti/net/mqtt/lib\gcc/m4/mqtt_release.a(mqttclient.om4g)
                0x20006c0c                MqttClientCtxDelete
 .text.MqttClientSub
                0x20006c4c       0xd0 C:/ti/simplelink_cc32xx_sdk_3_30_01_02/source/ti/net/mqtt/lib\gcc/m4/mqtt_release.a(mqttclient.om4g)
                0x20006c4c                MqttClientSub
 .text.MqttClientUnsub
                0x20006d1c       0x90 C:/ti/simplelink_cc32xx_sdk_3_30_01_02/source/ti/net/mqtt/lib\gcc/m4/mqtt_release.a(mqttclient.om4g)
                0x20006d1c                MqttClientUnsub
 .text.MqttClientConfig
                0x20006dac       0xa0 C:/ti/simplelink_cc32xx_sdk_3_30_01_02/source/ti/net/mqtt/lib\gcc/m4/mqtt_release.a(mqttclient.om4g)
                0x20006dac                MqttClientConfig
 .text.MQTTClient_create
                0x20006e4c       0xb0 C:/ti/simplelink_cc32xx_sdk_3_30_01_02/source/ti/net/mqtt/lib\gcc/m4/mqtt_release.a(mqttclient.om4g)
                0x20006e4c                MQTTClient_create
 .text.MQTTClient_run
                0x20006efc       0x74 C:/ti/simplelink_cc32xx_sdk_3_30_01_02/source/ti/net/mqtt/lib\gcc/m4/mqtt_release.a(mqttclient.om4g)
                0x20006efc                MQTTClient_run
 .text.MQTTClient_connect
                0x20006f70      0x154 C:/ti/simplelink_cc32xx_sdk_3_30_01_02/source/ti/net/mqtt/lib\gcc/m4/mqtt_release.a(mqttclient.om4g)
                0x20006f70                MQTTClient_connect
 .text.MQTTClient_disconnect
                0x200070c4       0x38 C:/ti/simplelink_cc32xx_sdk_3_30_01_02/source/ti/net/mqtt/lib\gcc/m4/mqtt_release.a(mqttclient.om4g)
                0x200070c4                MQTTClient_disconnect
 .text.MQTTClient_delete
                0x200070fc       0xa8 C:/ti/simplelink_cc32xx_sdk_3_30_01_02/source/ti/net/mqtt/lib\gcc/m4/mqtt_release.a(mqttclient.om4g)
                0x200070fc                MQTTClient_delete
 .text.MqttClient_send
                0x200071a4       0xa8 C:/ti/simplelink_cc32xx_sdk_3_30_01_02/source/ti/net/mqtt/lib\gcc/m4/mqtt_release.a(mqttclient.om4g)
                0x200071a4                MqttClient_send
 .text.MQTTClient_publish
                0x2000724c       0x18 C:/ti/simplelink_cc32xx_sdk_3_30_01_02/source/ti/net/mqtt/lib\gcc/m4/mqtt_release.a(mqttclient.om4g)
                0x2000724c                MQTTClient_publish
 .text.MQTTClient_subscribe
                0x20007264       0x10 C:/ti/simplelink_cc32xx_sdk_3_30_01_02/source/ti/net/mqtt/lib\gcc/m4/mqtt_release.a(mqttclient.om4g)
                0x20007264                MQTTClient_subscribe
 .text.MQTTClient_unsubscribe
                0x20007274       0x10 C:/ti/simplelink_cc32xx_sdk_3_30_01_02/source/ti/net/mqtt/lib\gcc/m4/mqtt_release.a(mqttclient.om4g)
                0x20007274                MQTTClient_unsubscribe
 .text.MQTTClient_set
                0x20007284       0x50 C:/ti/simplelink_cc32xx_sdk_3_30_01_02/source/ti/net/mqtt/lib\gcc/m4/mqtt_release.a(mqttclient.om4g)
                0x20007284                MQTTClient_set
 .text.createSocket
                0x200072d4      0x1bc C:/ti/simplelink_cc32xx_sdk_3_30_01_02/source/ti/net/mqtt/lib\gcc/m4/mqtt_release.a(mqtt_net_func.om4g)
 .text.MQTTNet_commOpen
                0x20007490      0x100 C:/ti/simplelink_cc32xx_sdk_3_30_01_02/source/ti/net/mqtt/lib\gcc/m4/mqtt_release.a(mqtt_net_func.om4g)
                0x20007490                MQTTNet_commOpen
 .text.MQTTNet_tcpSend
                0x20007590        0x8 C:/ti/simplelink_cc32xx_sdk_3_30_01_02/source/ti/net/mqtt/lib\gcc/m4/mqtt_release.a(mqtt_net_func.om4g)
                0x20007590                MQTTNet_tcpSend
 .text.MQTTNet_tcpRecv
                0x20007598       0x44 C:/ti/simplelink_cc32xx_sdk_3_30_01_02/source/ti/net/mqtt/lib\gcc/m4/mqtt_release.a(mqtt_net_func.om4g)
                0x20007598                MQTTNet_tcpRecv
 .text.MQTTNet_commClose
                0x200075dc       0x18 C:/ti/simplelink_cc32xx_sdk_3_30_01_02/source/ti/net/mqtt/lib\gcc/m4/mqtt_release.a(mqtt_net_func.om4g)
                0x200075dc                MQTTNet_commClose
 .text.MQTTNet_rtcSecs
                0x200075f4       0x20 C:/ti/simplelink_cc32xx_sdk_3_30_01_02/source/ti/net/mqtt/lib\gcc/m4/mqtt_release.a(mqtt_net_func.om4g)
                0x200075f4                MQTTNet_rtcSecs
 .text.MQTTNet_tcpListen
                0x20007614       0x68 C:/ti/simplelink_cc32xx_sdk_3_30_01_02/source/ti/net/mqtt/lib\gcc/m4/mqtt_release.a(mqtt_net_func.om4g)
                0x20007614                MQTTNet_tcpListen
 .text.MQTTNet_tcpSelect
                0x2000767c       0x8c C:/ti/simplelink_cc32xx_sdk_3_30_01_02/source/ti/net/mqtt/lib\gcc/m4/mqtt_release.a(mqtt_net_func.om4g)
                0x2000767c                MQTTNet_tcpSelect
 .text.MQTTNet_tcpAccept
                0x20007708       0x68 C:/ti/simplelink_cc32xx_sdk_3_30_01_02/source/ti/net/mqtt/lib\gcc/m4/mqtt_release.a(mqtt_net_func.om4g)
                0x20007708                MQTTNet_tcpAccept
 .text.MQTTNet_sendTo
                0x20007770       0x58 C:/ti/simplelink_cc32xx_sdk_3_30_01_02/source/ti/net/mqtt/lib\gcc/m4/mqtt_release.a(mqtt_net_func.om4g)
                0x20007770                MQTTNet_sendTo
 .text.MQTTNet_recvFrom
                0x200077c8       0x6c C:/ti/simplelink_cc32xx_sdk_3_30_01_02/source/ti/net/mqtt/lib\gcc/m4/mqtt_release.a(mqtt_net_func.om4g)
                0x200077c8                MQTTNet_recvFrom
 .text.loopbTrigger
                0x20007834       0x48 C:/ti/simplelink_cc32xx_sdk_3_30_01_02/source/ti/net/mqtt/lib\gcc/m4/mqtt_release.a(client_core.om4g)
 .text.grpNetSetupCreate
                0x2000787c       0x48 C:/ti/simplelink_cc32xx_sdk_3_30_01_02/source/ti/net/mqtt/lib\gcc/m4/mqtt_release.a(client_core.om4g)
 .text.mqpAllocAtomic
                0x200078c4       0x38 C:/ti/simplelink_cc32xx_sdk_3_30_01_02/source/ti/net/mqtt/lib\gcc/m4/mqtt_release.a(client_core.om4g)
 .text.mqpFree  0x200078fc       0x10 C:/ti/simplelink_cc32xx_sdk_3_30_01_02/source/ti/net/mqtt/lib\gcc/m4/mqtt_release.a(client_core.om4g)
 .text.mqpFreeLocked
                0x2000790c       0x34 C:/ti/simplelink_cc32xx_sdk_3_30_01_02/source/ti/net/mqtt/lib\gcc/m4/mqtt_release.a(client_core.om4g)
 .text.doNetClose
                0x20007940       0x9c C:/ti/simplelink_cc32xx_sdk_3_30_01_02/source/ti/net/mqtt/lib\gcc/m4/mqtt_release.a(client_core.om4g)
 .text.doNetCloseRx
                0x200079dc       0x30 C:/ti/simplelink_cc32xx_sdk_3_30_01_02/source/ti/net/mqtt/lib\gcc/m4/mqtt_release.a(client_core.om4g)
 .text.clientReset
                0x20007a0c       0x64 C:/ti/simplelink_cc32xx_sdk_3_30_01_02/source/ti/net/mqtt/lib\gcc/m4/mqtt_release.a(client_core.om4g)
 .text.doNetCloseTx.isra.9
                0x20007a70       0x1c C:/ti/simplelink_cc32xx_sdk_3_30_01_02/source/ti/net/mqtt/lib\gcc/m4/mqtt_release.a(client_core.om4g)
 .text.clCtxPartSend
                0x20007a8c       0x9c C:/ti/simplelink_cc32xx_sdk_3_30_01_02/source/ti/net/mqtt/lib\gcc/m4/mqtt_release.a(client_core.om4g)
 .text.clCtxSeg1Send
                0x20007b28       0x5c C:/ti/simplelink_cc32xx_sdk_3_30_01_02/source/ti/net/mqtt/lib\gcc/m4/mqtt_release.a(client_core.om4g)
 .text.pingReqSend
                0x20007b84       0x2c C:/ti/simplelink_cc32xx_sdk_3_30_01_02/source/ti/net/mqtt/lib\gcc/m4/mqtt_release.a(client_core.om4g)
 .text.singleCtxRxPrepLocked
                0x20007bb0       0xc0 C:/ti/simplelink_cc32xx_sdk_3_30_01_02/source/ti/net/mqtt/lib\gcc/m4/mqtt_release.a(client_core.om4g)
 .text._msgDispatch
                0x20007c70       0x98 C:/ti/simplelink_cc32xx_sdk_3_30_01_02/source/ti/net/mqtt/lib\gcc/m4/mqtt_release.a(client_core.om4g)
 .text.utf8ArraySend
                0x20007d08      0x190 C:/ti/simplelink_cc32xx_sdk_3_30_01_02/source/ti/net/mqtt/lib\gcc/m4/mqtt_release.a(client_core.om4g)
 .text.mqpSetupProcCtxDataRecv
                0x20007e98      0x4c4 C:/ti/simplelink_cc32xx_sdk_3_30_01_02/source/ti/net/mqtt/lib\gcc/m4/mqtt_release.a(client_core.om4g)
 .text.clCtxRecv
                0x2000835c       0x54 C:/ti/simplelink_cc32xx_sdk_3_30_01_02/source/ti/net/mqtt/lib\gcc/m4/mqtt_release.a(client_core.om4g)
 .text.clRecv   0x200083b0      0x1bc C:/ti/simplelink_cc32xx_sdk_3_30_01_02/source/ti/net/mqtt/lib\gcc/m4/mqtt_release.a(client_core.om4g)
 .text.MQTTClientCore_sendConnectMsg
                0x2000856c      0x288 C:/ti/simplelink_cc32xx_sdk_3_30_01_02/source/ti/net/mqtt/lib\gcc/m4/mqtt_release.a(client_core.om4g)
                0x2000856c                MQTTClientCore_sendConnectMsg
 .text.MQTTClientCore_sendPubMsg
                0x200087f4       0x9c C:/ti/simplelink_cc32xx_sdk_3_30_01_02/source/ti/net/mqtt/lib\gcc/m4/mqtt_release.a(client_core.om4g)
                0x200087f4                MQTTClientCore_sendPubMsg
 .text.MQTTClientCore_sendSubMsg
                0x20008890        0x8 C:/ti/simplelink_cc32xx_sdk_3_30_01_02/source/ti/net/mqtt/lib\gcc/m4/mqtt_release.a(client_core.om4g)
                0x20008890                MQTTClientCore_sendSubMsg
 .text.MQTTClientCore_sendUnsubMsg
                0x20008898        0xc C:/ti/simplelink_cc32xx_sdk_3_30_01_02/source/ti/net/mqtt/lib\gcc/m4/mqtt_release.a(client_core.om4g)
                0x20008898                MQTTClientCore_sendUnsubMsg
 .text.MQTTClientCore_sendDisconn
                0x200088a4       0x50 C:/ti/simplelink_cc32xx_sdk_3_30_01_02/source/ti/net/mqtt/lib\gcc/m4/mqtt_release.a(client_core.om4g)
                0x200088a4                MQTTClientCore_sendDisconn
 .text.MQTTClientCore_ctxRun
                0x200088f4       0x20 C:/ti/simplelink_cc32xx_sdk_3_30_01_02/source/ti/net/mqtt/lib\gcc/m4/mqtt_release.a(client_core.om4g)
                0x200088f4                MQTTClientCore_ctxRun
 .text.MQTTClientCore_run
                0x20008914       0x44 C:/ti/simplelink_cc32xx_sdk_3_30_01_02/source/ti/net/mqtt/lib\gcc/m4/mqtt_release.a(client_core.om4g)
                0x20008914                MQTTClientCore_run
 .text.MQTTClientCore_registerBuffers
                0x20008958       0x50 C:/ti/simplelink_cc32xx_sdk_3_30_01_02/source/ti/net/mqtt/lib\gcc/m4/mqtt_release.a(client_core.om4g)
                0x20008958                MQTTClientCore_registerBuffers
 .text.MQTTClientCore_registerWillInfo
                0x200089a8       0x44 C:/ti/simplelink_cc32xx_sdk_3_30_01_02/source/ti/net/mqtt/lib\gcc/m4/mqtt_release.a(client_core.om4g)
                0x200089a8                MQTTClientCore_registerWillInfo
 .text.MQTTClientCore_registerCtxInfo
                0x200089ec       0x40 C:/ti/simplelink_cc32xx_sdk_3_30_01_02/source/ti/net/mqtt/lib\gcc/m4/mqtt_release.a(client_core.om4g)
                0x200089ec                MQTTClientCore_registerCtxInfo
 .text.MQTTClientCore_registerNetSvc
                0x20008a2c       0x38 C:/ti/simplelink_cc32xx_sdk_3_30_01_02/source/ti/net/mqtt/lib\gcc/m4/mqtt_release.a(client_core.om4g)
                0x20008a2c                MQTTClientCore_registerNetSvc
 .text.MQTTClientCore_createCtx
                0x20008a64       0xd4 C:/ti/simplelink_cc32xx_sdk_3_30_01_02/source/ti/net/mqtt/lib\gcc/m4/mqtt_release.a(client_core.om4g)
                0x20008a64                MQTTClientCore_createCtx
 .text.MQTTClientCore_deleteCtx
                0x20008b38       0x64 C:/ti/simplelink_cc32xx_sdk_3_30_01_02/source/ti/net/mqtt/lib\gcc/m4/mqtt_release.a(client_core.om4g)
                0x20008b38                MQTTClientCore_deleteCtx
 .text.MQTTClientCore_initLib
                0x20008b9c       0xb8 C:/ti/simplelink_cc32xx_sdk_3_30_01_02/source/ti/net/mqtt/lib\gcc/m4/mqtt_release.a(client_core.om4g)
                0x20008b9c                MQTTClientCore_initLib
 .text.MQTTClientCore_exitLib
                0x20008c54       0x58 C:/ti/simplelink_cc32xx_sdk_3_30_01_02/source/ti/net/mqtt/lib\gcc/m4/mqtt_release.a(client_core.om4g)
                0x20008c54                MQTTClientCore_exitLib
 .text.MQTT_packetFree
                0x20008cac       0x14 C:/ti/simplelink_cc32xx_sdk_3_30_01_02/source/ti/net/mqtt/lib\gcc/m4/mqtt_release.a(mqtt_common.om4g)
                0x20008cac                MQTT_packetFree
 .text.MQTT_packetReset
                0x20008cc0       0x10 C:/ti/simplelink_cc32xx_sdk_3_30_01_02/source/ti/net/mqtt/lib\gcc/m4/mqtt_release.a(mqtt_common.om4g)
                0x20008cc0                MQTT_packetReset
 .text.MQTT_packetInit
                0x20008cd0       0x18 C:/ti/simplelink_cc32xx_sdk_3_30_01_02/source/ti/net/mqtt/lib\gcc/m4/mqtt_release.a(mqtt_common.om4g)
                0x20008cd0                MQTT_packetInit
 .text.MQTT_packetBufWrUtf8
                0x20008ce8       0x28 C:/ti/simplelink_cc32xx_sdk_3_30_01_02/source/ti/net/mqtt/lib\gcc/m4/mqtt_release.a(mqtt_common.om4g)
                0x20008ce8                MQTT_packetBufWrUtf8
 .text.MQTT_packetBufTailWrRemlen
                0x20008d10       0x68 C:/ti/simplelink_cc32xx_sdk_3_30_01_02/source/ti/net/mqtt/lib\gcc/m4/mqtt_release.a(mqtt_common.om4g)
                0x20008d10                MQTT_packetBufTailWrRemlen
 .text.MQTT_packetPubAppendTopic
                0x20008d78       0x80 C:/ti/simplelink_cc32xx_sdk_3_30_01_02/source/ti/net/mqtt/lib\gcc/m4/mqtt_release.a(mqtt_common.om4g)
                0x20008d78                MQTT_packetPubAppendTopic
 .text.MQTT_packetPubAppendData
                0x20008df8       0x5c C:/ti/simplelink_cc32xx_sdk_3_30_01_02/source/ti/net/mqtt/lib\gcc/m4/mqtt_release.a(mqtt_common.om4g)
                0x20008df8                MQTT_packetPubAppendData
 .text.MQTT_packetProcMsgIdAckRx
                0x20008e54       0x40 C:/ti/simplelink_cc32xx_sdk_3_30_01_02/source/ti/net/mqtt/lib\gcc/m4/mqtt_release.a(mqtt_common.om4g)
                0x20008e54                MQTT_packetProcMsgIdAckRx
 .text.MQTT_packetProcPubRx
                0x20008e94       0x64 C:/ti/simplelink_cc32xx_sdk_3_30_01_02/source/ti/net/mqtt/lib\gcc/m4/mqtt_release.a(mqtt_common.om4g)
                0x20008e94                MQTT_packetProcPubRx
 .text.MQTT_packetAckWlistAppend
                0x20008ef8       0x18 C:/ti/simplelink_cc32xx_sdk_3_30_01_02/source/ti/net/mqtt/lib\gcc/m4/mqtt_release.a(mqtt_common.om4g)
                0x20008ef8                MQTT_packetAckWlistAppend
 .text.MQTT_packetAckWlistRemove
                0x20008f10       0x50 C:/ti/simplelink_cc32xx_sdk_3_30_01_02/source/ti/net/mqtt/lib\gcc/m4/mqtt_release.a(mqtt_common.om4g)
                0x20008f10                MQTT_packetAckWlistRemove
 .text.MQTT_packetAckWlistPurge
                0x20008f60       0x2c C:/ti/simplelink_cc32xx_sdk_3_30_01_02/source/ti/net/mqtt/lib\gcc/m4/mqtt_release.a(mqtt_common.om4g)
                0x20008f60                MQTT_packetAckWlistPurge
 .text.MQTT_packetPrepFh
                0x20008f8c       0x38 C:/ti/simplelink_cc32xx_sdk_3_30_01_02/source/ti/net/mqtt/lib\gcc/m4/mqtt_release.a(mqtt_common.om4g)
                0x20008f8c                MQTT_packetPrepFh
 .text.MQTT_PacketRecv
                0x20008fc4      0x180 C:/ti/simplelink_cc32xx_sdk_3_30_01_02/source/ti/net/mqtt/lib\gcc/m4/mqtt_release.a(mqtt_common.om4g)
                0x20008fc4                MQTT_PacketRecv
 .text.MQTT_secureConnStructInit
                0x20009144        0xc C:/ti/simplelink_cc32xx_sdk_3_30_01_02/source/ti/net/mqtt/lib\gcc/m4/mqtt_release.a(mqtt_common.om4g)
                0x20009144                MQTT_secureConnStructInit
 .text.MQTT_qos2PubCqReset
                0x20009150       0x24 C:/ti/simplelink_cc32xx_sdk_3_30_01_02/source/ti/net/mqtt/lib\gcc/m4/mqtt_release.a(mqtt_common.om4g)
                0x20009150                MQTT_qos2PubCqReset
 .text.MQTT_qos2PubCqLogup
                0x20009174       0x38 C:/ti/simplelink_cc32xx_sdk_3_30_01_02/source/ti/net/mqtt/lib\gcc/m4/mqtt_release.a(mqtt_common.om4g)
                0x20009174                MQTT_qos2PubCqLogup
 .text.MQTT_qos2PubCqUnlog
                0x200091ac       0x68 C:/ti/simplelink_cc32xx_sdk_3_30_01_02/source/ti/net/mqtt/lib\gcc/m4/mqtt_release.a(mqtt_common.om4g)
                0x200091ac                MQTT_qos2PubCqUnlog
 .text.MQTT_qos2PubCqCheck
                0x20009214       0x40 C:/ti/simplelink_cc32xx_sdk_3_30_01_02/source/ti/net/mqtt/lib\gcc/m4/mqtt_release.a(mqtt_common.om4g)
                0x20009214                MQTT_qos2PubCqCheck
 .text.MQTT_clCtxReset
                0x20009254       0x18 C:/ti/simplelink_cc32xx_sdk_3_30_01_02/source/ti/net/mqtt/lib\gcc/m4/mqtt_release.a(mqtt_common.om4g)
                0x20009254                MQTT_clCtxReset
 .text.MQTT_clCtxTimeoutInsert
                0x2000926c       0x38 C:/ti/simplelink_cc32xx_sdk_3_30_01_02/source/ti/net/mqtt/lib\gcc/m4/mqtt_release.a(mqtt_common.om4g)
                0x2000926c                MQTT_clCtxTimeoutInsert
 .text.MQTT_clCtxRemove
                0x200092a4       0x2c C:/ti/simplelink_cc32xx_sdk_3_30_01_02/source/ti/net/mqtt/lib\gcc/m4/mqtt_release.a(mqtt_common.om4g)
                0x200092a4                MQTT_clCtxRemove
 .text.MQTT_clCtxTimeoutUpdate
                0x200092d0       0x18 C:/ti/simplelink_cc32xx_sdk_3_30_01_02/source/ti/net/mqtt/lib\gcc/m4/mqtt_release.a(mqtt_common.om4g)
                0x200092d0                MQTT_clCtxTimeoutUpdate
 .text.SlNetSock_getVirtualSdConf
                0x200092e8       0x8c C:/ti/simplelink_cc32xx_sdk_3_30_01_02/source/ti/net/lib\gcc/m4/slnetsock_release.a(slnetsock.om4g)
 .text.SlNetSock_freeVirtualSocket
                0x20009374       0x64 C:/ti/simplelink_cc32xx_sdk_3_30_01_02/source/ti/net/lib\gcc/m4/slnetsock_release.a(slnetsock.om4g)
 .text.SlNetSock_AllocVirtualSocket.part.0
                0x200093d8       0x68 C:/ti/simplelink_cc32xx_sdk_3_30_01_02/source/ti/net/lib\gcc/m4/slnetsock_release.a(slnetsock.om4g)
 .text.SlNetSock_init
                0x20009440       0x40 C:/ti/simplelink_cc32xx_sdk_3_30_01_02/source/ti/net/lib\gcc/m4/slnetsock_release.a(slnetsock.om4g)
                0x20009440                SlNetSock_init
 .text.SlNetSock_create
                0x20009480       0xe8 C:/ti/simplelink_cc32xx_sdk_3_30_01_02/source/ti/net/lib\gcc/m4/slnetsock_release.a(slnetsock.om4g)
                0x20009480                SlNetSock_create
 .text.SlNetSock_close
                0x20009568       0x3c C:/ti/simplelink_cc32xx_sdk_3_30_01_02/source/ti/net/lib\gcc/m4/slnetsock_release.a(slnetsock.om4g)
                0x20009568                SlNetSock_close
 .text.SlNetSock_accept
                0x200095a4       0x9c C:/ti/simplelink_cc32xx_sdk_3_30_01_02/source/ti/net/lib\gcc/m4/slnetsock_release.a(slnetsock.om4g)
                0x200095a4                SlNetSock_accept
 .text.SlNetSock_bind
                0x20009640       0x3c C:/ti/simplelink_cc32xx_sdk_3_30_01_02/source/ti/net/lib\gcc/m4/slnetsock_release.a(slnetsock.om4g)
                0x20009640                SlNetSock_bind
 .text.SlNetSock_listen
                0x2000967c       0x38 C:/ti/simplelink_cc32xx_sdk_3_30_01_02/source/ti/net/lib\gcc/m4/slnetsock_release.a(slnetsock.om4g)
                0x2000967c                SlNetSock_listen
 .text.SlNetSock_connect
                0x200096b4       0x44 C:/ti/simplelink_cc32xx_sdk_3_30_01_02/source/ti/net/lib\gcc/m4/slnetsock_release.a(slnetsock.om4g)
                0x200096b4                SlNetSock_connect
 .text.SlNetSock_select
                0x200096f8      0x31c C:/ti/simplelink_cc32xx_sdk_3_30_01_02/source/ti/net/lib\gcc/m4/slnetsock_release.a(slnetsock.om4g)
                0x200096f8                SlNetSock_select
 .text.SlNetSock_sdsSet
                0x20009a14       0x2c C:/ti/simplelink_cc32xx_sdk_3_30_01_02/source/ti/net/lib\gcc/m4/slnetsock_release.a(slnetsock.om4g)
                0x20009a14                SlNetSock_sdsSet
 .text.SlNetSock_sdsClrAll
                0x20009a40       0x14 C:/ti/simplelink_cc32xx_sdk_3_30_01_02/source/ti/net/lib\gcc/m4/slnetsock_release.a(slnetsock.om4g)
                0x20009a40                SlNetSock_sdsClrAll
 .text.SlNetSock_sdsIsSet
                0x20009a54       0x28 C:/ti/simplelink_cc32xx_sdk_3_30_01_02/source/ti/net/lib\gcc/m4/slnetsock_release.a(slnetsock.om4g)
                0x20009a54                SlNetSock_sdsIsSet
 .text.SlNetSock_setOpt
                0x20009a7c       0x4c C:/ti/simplelink_cc32xx_sdk_3_30_01_02/source/ti/net/lib\gcc/m4/slnetsock_release.a(slnetsock.om4g)
                0x20009a7c                SlNetSock_setOpt
 .text.SlNetSock_recv
                0x20009ac8       0x54 C:/ti/simplelink_cc32xx_sdk_3_30_01_02/source/ti/net/lib\gcc/m4/slnetsock_release.a(slnetsock.om4g)
                0x20009ac8                SlNetSock_recv
 .text.SlNetSock_recvFrom
                0x20009b1c       0x5c C:/ti/simplelink_cc32xx_sdk_3_30_01_02/source/ti/net/lib\gcc/m4/slnetsock_release.a(slnetsock.om4g)
                0x20009b1c                SlNetSock_recvFrom
 .text.SlNetSock_send
                0x20009b78       0x54 C:/ti/simplelink_cc32xx_sdk_3_30_01_02/source/ti/net/lib\gcc/m4/slnetsock_release.a(slnetsock.om4g)
                0x20009b78                SlNetSock_send
 .text.SlNetSock_sendTo
                0x20009bcc       0x60 C:/ti/simplelink_cc32xx_sdk_3_30_01_02/source/ti/net/lib\gcc/m4/slnetsock_release.a(slnetsock.om4g)
                0x20009bcc                SlNetSock_sendTo
 .text.SlNetSock_secAttribCreate
                0x20009c2c        0x8 C:/ti/simplelink_cc32xx_sdk_3_30_01_02/source/ti/net/lib\gcc/m4/slnetsock_release.a(slnetsock.om4g)
                0x20009c2c                SlNetSock_secAttribCreate
 .text.SlNetSock_secAttribDelete
                0x20009c34       0x28 C:/ti/simplelink_cc32xx_sdk_3_30_01_02/source/ti/net/lib\gcc/m4/slnetsock_release.a(slnetsock.om4g)
                0x20009c34                SlNetSock_secAttribDelete
 .text.SlNetSock_secAttribSet
                0x20009c5c       0x38 C:/ti/simplelink_cc32xx_sdk_3_30_01_02/source/ti/net/lib\gcc/m4/slnetsock_release.a(slnetsock.om4g)
                0x20009c5c                SlNetSock_secAttribSet
 .text.SlNetSock_startSec
                0x20009c94       0x48 C:/ti/simplelink_cc32xx_sdk_3_30_01_02/source/ti/net/lib\gcc/m4/slnetsock_release.a(slnetsock.om4g)
                0x20009c94                SlNetSock_startSec
 .text.SlNetUtil_str2BinIpV6
                0x20009cdc      0x124 C:/ti/simplelink_cc32xx_sdk_3_30_01_02/source/ti/net/lib\gcc/m4/slnetsock_release.a(slnetutils.om4g)
 .text.SlNetUtil_strTok.constprop.1
                0x20009e00       0x4c C:/ti/simplelink_cc32xx_sdk_3_30_01_02/source/ti/net/lib\gcc/m4/slnetsock_release.a(slnetutils.om4g)
 .text.SlNetUtil_str2BinIpV4
                0x20009e4c       0x64 C:/ti/simplelink_cc32xx_sdk_3_30_01_02/source/ti/net/lib\gcc/m4/slnetsock_release.a(slnetutils.om4g)
 .text.SlNetUtil_init
                0x20009eb0        0x4 C:/ti/simplelink_cc32xx_sdk_3_30_01_02/source/ti/net/lib\gcc/m4/slnetsock_release.a(slnetutils.om4g)
                0x20009eb0                SlNetUtil_init
 .text.SlNetUtil_htonl
                0x20009eb4       0x24 C:/ti/simplelink_cc32xx_sdk_3_30_01_02/source/ti/net/lib\gcc/m4/slnetsock_release.a(slnetutils.om4g)
                0x20009eb4                SlNetUtil_htonl
 .text.SlNetUtil_htons
                0x20009ed8       0x18 C:/ti/simplelink_cc32xx_sdk_3_30_01_02/source/ti/net/lib\gcc/m4/slnetsock_release.a(slnetutils.om4g)
                0x20009ed8                SlNetUtil_htons
 .text.SlNetUtil_inetPton
                0x20009ef0       0x2c C:/ti/simplelink_cc32xx_sdk_3_30_01_02/source/ti/net/lib\gcc/m4/slnetsock_release.a(slnetutils.om4g)
                0x20009ef0                SlNetUtil_inetPton
 .text.SlNetUtil_getHostByName
                0x20009f1c       0xb0 C:/ti/simplelink_cc32xx_sdk_3_30_01_02/source/ti/net/lib\gcc/m4/slnetsock_release.a(slnetutils.om4g)
                0x20009f1c                SlNetUtil_getHostByName
 .text.SlNetIf_init
                0x20009fcc        0x4 C:/ti/simplelink_cc32xx_sdk_3_30_01_02/source/ti/net/lib\gcc/m4/slnetsock_release.a(slnetif.om4g)
                0x20009fcc                SlNetIf_init
 .text.SlNetIf_add
                0x20009fd0      0x138 C:/ti/simplelink_cc32xx_sdk_3_30_01_02/source/ti/net/lib\gcc/m4/slnetsock_release.a(slnetif.om4g)
                0x20009fd0                SlNetIf_add
 .text.SlNetIf_getConnectionStatus
                0x2000a108       0x34 C:/ti/simplelink_cc32xx_sdk_3_30_01_02/source/ti/net/lib\gcc/m4/slnetsock_release.a(slnetif.om4g)
                0x2000a108                SlNetIf_getConnectionStatus
 .text.SlNetIf_queryIf
                0x2000a13c       0x68 C:/ti/simplelink_cc32xx_sdk_3_30_01_02/source/ti/net/lib\gcc/m4/slnetsock_release.a(slnetif.om4g)
                0x2000a13c                SlNetIf_queryIf
 .text.SlNetIfWifi_socket
                0x2000a1a4       0x48 C:/ti/simplelink_cc32xx_sdk_3_30_01_02/source/ti/drivers/net/wifi/slnetif\gcc/Release/slnetifwifi.a(slnetifwifi.obj)
                0x2000a1a4                SlNetIfWifi_socket
 .text.SlNetIfWifi_close
                0x2000a1ec       0x20 C:/ti/simplelink_cc32xx_sdk_3_30_01_02/source/ti/drivers/net/wifi/slnetif\gcc/Release/slnetifwifi.a(slnetifwifi.obj)
                0x2000a1ec                SlNetIfWifi_close
 .text.SlNetIfWifi_accept
                0x2000a20c       0x28 C:/ti/simplelink_cc32xx_sdk_3_30_01_02/source/ti/drivers/net/wifi/slnetif\gcc/Release/slnetifwifi.a(slnetifwifi.obj)
                0x2000a20c                SlNetIfWifi_accept
 .text.SlNetIfWifi_bind
                0x2000a234       0x2e C:/ti/simplelink_cc32xx_sdk_3_30_01_02/source/ti/drivers/net/wifi/slnetif\gcc/Release/slnetifwifi.a(slnetifwifi.obj)
                0x2000a234                SlNetIfWifi_bind
 .text.SlNetIfWifi_listen
                0x2000a262       0x2a C:/ti/simplelink_cc32xx_sdk_3_30_01_02/source/ti/drivers/net/wifi/slnetif\gcc/Release/slnetifwifi.a(slnetifwifi.obj)
                0x2000a262                SlNetIfWifi_listen
 .text.SlNetIfWifi_connect
                0x2000a28c       0x2e C:/ti/simplelink_cc32xx_sdk_3_30_01_02/source/ti/drivers/net/wifi/slnetif\gcc/Release/slnetifwifi.a(slnetifwifi.obj)
                0x2000a28c                SlNetIfWifi_connect
 .text.SlNetIfWifi_select
                0x2000a2ba       0x40 C:/ti/simplelink_cc32xx_sdk_3_30_01_02/source/ti/drivers/net/wifi/slnetif\gcc/Release/slnetifwifi.a(slnetifwifi.obj)
                0x2000a2ba                SlNetIfWifi_select
 .text.SlNetIfWifi_setSockOpt
                0x2000a2fa       0x6c C:/ti/simplelink_cc32xx_sdk_3_30_01_02/source/ti/drivers/net/wifi/slnetif\gcc/Release/slnetifwifi.a(slnetifwifi.obj)
                0x2000a2fa                SlNetIfWifi_setSockOpt
 *fill*         0x2000a366        0x2 
 .text.SlNetIfWifi_getSockOpt
                0x2000a368       0xc4 C:/ti/simplelink_cc32xx_sdk_3_30_01_02/source/ti/drivers/net/wifi/slnetif\gcc/Release/slnetifwifi.a(slnetifwifi.obj)
                0x2000a368                SlNetIfWifi_getSockOpt
 .text.SlNetIfWifi_recv
                0x2000a42c       0x34 C:/ti/simplelink_cc32xx_sdk_3_30_01_02/source/ti/drivers/net/wifi/slnetif\gcc/Release/slnetifwifi.a(slnetifwifi.obj)
                0x2000a42c                SlNetIfWifi_recv
 .text.SlNetIfWifi_recvFrom
                0x2000a460       0x3e C:/ti/simplelink_cc32xx_sdk_3_30_01_02/source/ti/drivers/net/wifi/slnetif\gcc/Release/slnetifwifi.a(slnetifwifi.obj)
                0x2000a460                SlNetIfWifi_recvFrom
 .text.SlNetIfWifi_send
                0x2000a49e       0x34 C:/ti/simplelink_cc32xx_sdk_3_30_01_02/source/ti/drivers/net/wifi/slnetif\gcc/Release/slnetifwifi.a(slnetifwifi.obj)
                0x2000a49e                SlNetIfWifi_send
 .text.SlNetIfWifi_sendTo
                0x2000a4d2       0x3e C:/ti/simplelink_cc32xx_sdk_3_30_01_02/source/ti/drivers/net/wifi/slnetif\gcc/Release/slnetifwifi.a(slnetifwifi.obj)
                0x2000a4d2                SlNetIfWifi_sendTo
 .text.SlNetIfWifi_sockstartSec
                0x2000a510       0x94 C:/ti/simplelink_cc32xx_sdk_3_30_01_02/source/ti/drivers/net/wifi/slnetif\gcc/Release/slnetifwifi.a(slnetifwifi.obj)
                0x2000a510                SlNetIfWifi_sockstartSec
 .text.SlNetIfWifi_getHostByName
                0x2000a5a4       0x3c C:/ti/simplelink_cc32xx_sdk_3_30_01_02/source/ti/drivers/net/wifi/slnetif\gcc/Release/slnetifwifi.a(slnetifwifi.obj)
                0x2000a5a4                SlNetIfWifi_getHostByName
 .text.matchModeByRole
                0x2000a5e0       0xaa C:/ti/simplelink_cc32xx_sdk_3_30_01_02/source/ti/drivers/net/wifi/slnetif\gcc/Release/slnetifwifi.a(slnetifwifi.obj)
                0x2000a5e0                matchModeByRole
 .text.SlNetIfWifi_getIPAddr
                0x2000a68a       0x46 C:/ti/simplelink_cc32xx_sdk_3_30_01_02/source/ti/drivers/net/wifi/slnetif\gcc/Release/slnetifwifi.a(slnetifwifi.obj)
                0x2000a68a                SlNetIfWifi_getIPAddr
 .text.SlNetIfWifi_getConnectionStatus
                0x2000a6d0       0x52 C:/ti/simplelink_cc32xx_sdk_3_30_01_02/source/ti/drivers/net/wifi/slnetif\gcc/Release/slnetifwifi.a(slnetifwifi.obj)
                0x2000a6d0                SlNetIfWifi_getConnectionStatus
 *fill*         0x2000a722        0x2 
 .text.SlNetIfWifi_loadSecObj
                0x2000a724      0x104 C:/ti/simplelink_cc32xx_sdk_3_30_01_02/source/ti/drivers/net/wifi/slnetif\gcc/Release/slnetifwifi.a(slnetifwifi.obj)
                0x2000a724                SlNetIfWifi_loadSecObj
 .text.GPIO_hwiIntFxn
                0x2000a828       0x6c C:/ti/simplelink_cc32xx_sdk_3_30_01_02/source\ti/drivers/lib/drivers_cc32xx.am4g(GPIOCC32XX.om4g)
                0x2000a828                GPIO_hwiIntFxn
 .text.GPIO_clearInt
                0x2000a894       0x30 C:/ti/simplelink_cc32xx_sdk_3_30_01_02/source\ti/drivers/lib/drivers_cc32xx.am4g(GPIOCC32XX.om4g)
                0x2000a894                GPIO_clearInt
 .text.GPIO_disableInt
                0x2000a8c4       0x58 C:/ti/simplelink_cc32xx_sdk_3_30_01_02/source\ti/drivers/lib/drivers_cc32xx.am4g(GPIOCC32XX.om4g)
                0x2000a8c4                GPIO_disableInt
 .text.GPIO_enableInt
                0x2000a91c       0x54 C:/ti/simplelink_cc32xx_sdk_3_30_01_02/source\ti/drivers/lib/drivers_cc32xx.am4g(GPIOCC32XX.om4g)
                0x2000a91c                GPIO_enableInt
 .text.GPIO_setCallback
                0x2000a970       0x58 C:/ti/simplelink_cc32xx_sdk_3_30_01_02/source\ti/drivers/lib/drivers_cc32xx.am4g(GPIOCC32XX.om4g)
                0x2000a970                GPIO_setCallback
 .text.GPIO_setConfig
                0x2000a9c8      0x1ec C:/ti/simplelink_cc32xx_sdk_3_30_01_02/source\ti/drivers/lib/drivers_cc32xx.am4g(GPIOCC32XX.om4g)
                0x2000a9c8                GPIO_setConfig
 .text.GPIO_init
                0x2000abb4       0xf4 C:/ti/simplelink_cc32xx_sdk_3_30_01_02/source\ti/drivers/lib/drivers_cc32xx.am4g(GPIOCC32XX.om4g)
                0x2000abb4                GPIO_init
 .text.powerNotifyFxn
                0x2000aca8       0xa8 C:/ti/simplelink_cc32xx_sdk_3_30_01_02/source\ti/drivers/lib/drivers_cc32xx.am4g(GPIOCC32XX.om4g)
 .text.GPIO_toggle
                0x2000ad50       0x70 C:/ti/simplelink_cc32xx_sdk_3_30_01_02/source\ti/drivers/lib/drivers_cc32xx.am4g(GPIOCC32XX.om4g)
                0x2000ad50                GPIO_toggle
 .text.GPIO_write
                0x2000adc0       0x60 C:/ti/simplelink_cc32xx_sdk_3_30_01_02/source\ti/drivers/lib/drivers_cc32xx.am4g(GPIOCC32XX.om4g)
                0x2000adc0                GPIO_write
 .text.notify   0x2000ae20       0x34 C:/ti/simplelink_cc32xx_sdk_3_30_01_02/source\ti/drivers/lib/drivers_cc32xx.am4g(PowerCC32XX.om4g)
 .text.Power_getConstraintMask
                0x2000ae54        0xc C:/ti/simplelink_cc32xx_sdk_3_30_01_02/source\ti/drivers/lib/drivers_cc32xx.am4g(PowerCC32XX.om4g)
                0x2000ae54                Power_getConstraintMask
 .text.Power_getTransitionLatency
                0x2000ae60       0x10 C:/ti/simplelink_cc32xx_sdk_3_30_01_02/source\ti/drivers/lib/drivers_cc32xx.am4g(PowerCC32XX.om4g)
                0x2000ae60                Power_getTransitionLatency
 .text.Power_idleFunc
                0x2000ae70       0x14 C:/ti/simplelink_cc32xx_sdk_3_30_01_02/source\ti/drivers/lib/drivers_cc32xx.am4g(PowerCC32XX.om4g)
                0x2000ae70                Power_idleFunc
 .text.Power_registerNotify
                0x2000ae84       0x24 C:/ti/simplelink_cc32xx_sdk_3_30_01_02/source\ti/drivers/lib/drivers_cc32xx.am4g(PowerCC32XX.om4g)
                0x2000ae84                Power_registerNotify
 .text.Power_releaseConstraint
                0x2000aea8       0x4c C:/ti/simplelink_cc32xx_sdk_3_30_01_02/source\ti/drivers/lib/drivers_cc32xx.am4g(PowerCC32XX.om4g)
                0x2000aea8                Power_releaseConstraint
 .text.Power_releaseDependency
                0x2000aef4       0x58 C:/ti/simplelink_cc32xx_sdk_3_30_01_02/source\ti/drivers/lib/drivers_cc32xx.am4g(PowerCC32XX.om4g)
                0x2000aef4                Power_releaseDependency
 .text.Power_setConstraint
                0x2000af4c       0x38 C:/ti/simplelink_cc32xx_sdk_3_30_01_02/source\ti/drivers/lib/drivers_cc32xx.am4g(PowerCC32XX.om4g)
                0x2000af4c                Power_setConstraint
 .text.Power_setDependency
                0x2000af84       0x80 C:/ti/simplelink_cc32xx_sdk_3_30_01_02/source\ti/drivers/lib/drivers_cc32xx.am4g(PowerCC32XX.om4g)
                0x2000af84                Power_setDependency
 .text.Power_unregisterNotify
                0x2000b004       0x20 C:/ti/simplelink_cc32xx_sdk_3_30_01_02/source\ti/drivers/lib/drivers_cc32xx.am4g(PowerCC32XX.om4g)
                0x2000b004                Power_unregisterNotify
 .text.PowerCC32XX_configureWakeup
                0x2000b024       0xb0 C:/ti/simplelink_cc32xx_sdk_3_30_01_02/source\ti/drivers/lib/drivers_cc32xx.am4g(PowerCC32XX.om4g)
                0x2000b024                PowerCC32XX_configureWakeup
 .text.Power_init
                0x2000b0d4       0x90 C:/ti/simplelink_cc32xx_sdk_3_30_01_02/source\ti/drivers/lib/drivers_cc32xx.am4g(PowerCC32XX.om4g)
                0x2000b0d4                Power_init
 .text.PowerCC32XX_getParkState
                0x2000b164       0x3c C:/ti/simplelink_cc32xx_sdk_3_30_01_02/source\ti/drivers/lib/drivers_cc32xx.am4g(PowerCC32XX.om4g)
                0x2000b164                PowerCC32XX_getParkState
 .text.PowerCC32XX_parkPin
                0x2000b1a0       0x4c C:/ti/simplelink_cc32xx_sdk_3_30_01_02/source\ti/drivers/lib/drivers_cc32xx.am4g(PowerCC32XX.om4g)
                0x2000b1a0                PowerCC32XX_parkPin
 .text.PowerCC32XX_restoreParkedPin
                0x2000b1ec       0x30 C:/ti/simplelink_cc32xx_sdk_3_30_01_02/source\ti/drivers/lib/drivers_cc32xx.am4g(PowerCC32XX.om4g)
                0x2000b1ec                PowerCC32XX_restoreParkedPin
 .text.Power_sleep
                0x2000b21c      0x548 C:/ti/simplelink_cc32xx_sdk_3_30_01_02/source\ti/drivers/lib/drivers_cc32xx.am4g(PowerCC32XX.om4g)
                0x2000b21c                Power_sleep
 .text.PowerCC32XX_restoreParkState
                0x2000b764       0x3c C:/ti/simplelink_cc32xx_sdk_3_30_01_02/source\ti/drivers/lib/drivers_cc32xx.am4g(PowerCC32XX.om4g)
                0x2000b764                PowerCC32XX_restoreParkState
 .text.PowerCC32XX_setParkState
                0x2000b7a0       0x70 C:/ti/simplelink_cc32xx_sdk_3_30_01_02/source\ti/drivers/lib/drivers_cc32xx.am4g(PowerCC32XX.om4g)
                0x2000b7a0                PowerCC32XX_setParkState
 .text.PowerCC32XX_reset
                0x2000b810       0x28 C:/ti/simplelink_cc32xx_sdk_3_30_01_02/source\ti/drivers/lib/drivers_cc32xx.am4g(PowerCC32XX.om4g)
                0x2000b810                PowerCC32XX_reset
 .text.SPI_close
                0x2000b838        0x8 C:/ti/simplelink_cc32xx_sdk_3_30_01_02/source\ti/drivers/lib/drivers_cc32xx.am4g(SPI.om4g)
                0x2000b838                SPI_close
 .text.SPI_init
                0x2000b840       0x4c C:/ti/simplelink_cc32xx_sdk_3_30_01_02/source\ti/drivers/lib/drivers_cc32xx.am4g(SPI.om4g)
                0x2000b840                SPI_init
 .text.SPI_open
                0x2000b88c       0x44 C:/ti/simplelink_cc32xx_sdk_3_30_01_02/source\ti/drivers/lib/drivers_cc32xx.am4g(SPI.om4g)
                0x2000b88c                SPI_open
 .text.SPI_Params_init
                0x2000b8d0       0x1c C:/ti/simplelink_cc32xx_sdk_3_30_01_02/source\ti/drivers/lib/drivers_cc32xx.am4g(SPI.om4g)
                0x2000b8d0                SPI_Params_init
 .text.SPI_transfer
                0x2000b8ec        0x8 C:/ti/simplelink_cc32xx_sdk_3_30_01_02/source\ti/drivers/lib/drivers_cc32xx.am4g(SPI.om4g)
                0x2000b8ec                SPI_transfer
 .text.SPICC32XXDMA_control
                0x2000b8f4        0x8 C:/ti/simplelink_cc32xx_sdk_3_30_01_02/source\ti/drivers/lib/drivers_cc32xx.am4g(SPICC32XXDMA.om4g)
                0x2000b8f4                SPICC32XXDMA_control
 .text.SPICC32XXDMA_close
                0x2000b8fc       0xec C:/ti/simplelink_cc32xx_sdk_3_30_01_02/source\ti/drivers/lib/drivers_cc32xx.am4g(SPICC32XXDMA.om4g)
                0x2000b8fc                SPICC32XXDMA_close
 .text.SPICC32XXDMA_init
                0x2000b9e8        0x4 C:/ti/simplelink_cc32xx_sdk_3_30_01_02/source\ti/drivers/lib/drivers_cc32xx.am4g(SPICC32XXDMA.om4g)
                0x2000b9e8                SPICC32XXDMA_init
 .text.configDMA
                0x2000b9ec      0x198 C:/ti/simplelink_cc32xx_sdk_3_30_01_02/source\ti/drivers/lib/drivers_cc32xx.am4g(SPICC32XXDMA.om4g)
 .text.blockingTransferCallback
                0x2000bb84        0x8 C:/ti/simplelink_cc32xx_sdk_3_30_01_02/source\ti/drivers/lib/drivers_cc32xx.am4g(SPICC32XXDMA.om4g)
 .text.spiHwiFxn
                0x2000bb8c       0xbc C:/ti/simplelink_cc32xx_sdk_3_30_01_02/source\ti/drivers/lib/drivers_cc32xx.am4g(SPICC32XXDMA.om4g)
 .text.initHw   0x2000bc48       0x90 C:/ti/simplelink_cc32xx_sdk_3_30_01_02/source\ti/drivers/lib/drivers_cc32xx.am4g(SPICC32XXDMA.om4g)
 .text.SPICC32XXDMA_open
                0x2000bcd8      0x184 C:/ti/simplelink_cc32xx_sdk_3_30_01_02/source\ti/drivers/lib/drivers_cc32xx.am4g(SPICC32XXDMA.om4g)
                0x2000bcd8                SPICC32XXDMA_open
 .text.postNotifyFxn
                0x2000be5c       0x10 C:/ti/simplelink_cc32xx_sdk_3_30_01_02/source\ti/drivers/lib/drivers_cc32xx.am4g(SPICC32XXDMA.om4g)
 .text.SPICC32XXDMA_transferCancel
                0x2000be6c       0xf8 C:/ti/simplelink_cc32xx_sdk_3_30_01_02/source\ti/drivers/lib/drivers_cc32xx.am4g(SPICC32XXDMA.om4g)
                0x2000be6c                SPICC32XXDMA_transferCancel
 .text.SPICC32XXDMA_transfer
                0x2000bf64      0x1d0 C:/ti/simplelink_cc32xx_sdk_3_30_01_02/source\ti/drivers/lib/drivers_cc32xx.am4g(SPICC32XXDMA.om4g)
                0x2000bf64                SPICC32XXDMA_transfer
 .text.UART_control
                0x2000c134        0x8 C:/ti/simplelink_cc32xx_sdk_3_30_01_02/source\ti/drivers/lib/drivers_cc32xx.am4g(UART.om4g)
                0x2000c134                UART_control
 .text.UART_init
                0x2000c13c       0x4c C:/ti/simplelink_cc32xx_sdk_3_30_01_02/source\ti/drivers/lib/drivers_cc32xx.am4g(UART.om4g)
                0x2000c13c                UART_init
 .text.UART_open
                0x2000c188       0x44 C:/ti/simplelink_cc32xx_sdk_3_30_01_02/source\ti/drivers/lib/drivers_cc32xx.am4g(UART.om4g)
                0x2000c188                UART_open
 .text.UART_Params_init
                0x2000c1cc       0x1c C:/ti/simplelink_cc32xx_sdk_3_30_01_02/source\ti/drivers/lib/drivers_cc32xx.am4g(UART.om4g)
                0x2000c1cc                UART_Params_init
 .text.UART_readPolling
                0x2000c1e8        0x8 C:/ti/simplelink_cc32xx_sdk_3_30_01_02/source\ti/drivers/lib/drivers_cc32xx.am4g(UART.om4g)
                0x2000c1e8                UART_readPolling
 .text.UART_writePolling
                0x2000c1f0        0x8 C:/ti/simplelink_cc32xx_sdk_3_30_01_02/source\ti/drivers/lib/drivers_cc32xx.am4g(UART.om4g)
                0x2000c1f0                UART_writePolling
 .text.UARTCC32XXDMA_control
                0x2000c1f8       0x48 C:/ti/simplelink_cc32xx_sdk_3_30_01_02/source\ti/drivers/lib/drivers_cc32xx.am4g(UARTCC32XXDMA.om4g)
                0x2000c1f8                UARTCC32XXDMA_control
 .text.UARTCC32XXDMA_init
                0x2000c240        0x4 C:/ti/simplelink_cc32xx_sdk_3_30_01_02/source\ti/drivers/lib/drivers_cc32xx.am4g(UARTCC32XXDMA.om4g)
                0x2000c240                UARTCC32XXDMA_init
 .text.UARTCC32XXDMA_readPolling
                0x2000c244       0x80 C:/ti/simplelink_cc32xx_sdk_3_30_01_02/source\ti/drivers/lib/drivers_cc32xx.am4g(UARTCC32XXDMA.om4g)
                0x2000c244                UARTCC32XXDMA_readPolling
 .text.UARTCC32XXDMA_writePolling
                0x2000c2c4       0x74 C:/ti/simplelink_cc32xx_sdk_3_30_01_02/source\ti/drivers/lib/drivers_cc32xx.am4g(UARTCC32XXDMA.om4g)
                0x2000c2c4                UARTCC32XXDMA_writePolling
 .text.UARTCC32XXDMA_close
                0x2000c338       0xe0 C:/ti/simplelink_cc32xx_sdk_3_30_01_02/source\ti/drivers/lib/drivers_cc32xx.am4g(UARTCC32XXDMA.om4g)
                0x2000c338                UARTCC32XXDMA_close
 .text.writeFinishedDoCallback
                0x2000c418       0x34 C:/ti/simplelink_cc32xx_sdk_3_30_01_02/source\ti/drivers/lib/drivers_cc32xx.am4g(UARTCC32XXDMA.om4g)
 .text.readSemCallback
                0x2000c44c        0x8 C:/ti/simplelink_cc32xx_sdk_3_30_01_02/source\ti/drivers/lib/drivers_cc32xx.am4g(UARTCC32XXDMA.om4g)
 .text.writeSemCallback
                0x2000c454        0x8 C:/ti/simplelink_cc32xx_sdk_3_30_01_02/source\ti/drivers/lib/drivers_cc32xx.am4g(UARTCC32XXDMA.om4g)
 .text.readCancel.isra.1
                0x2000c45c       0x44 C:/ti/simplelink_cc32xx_sdk_3_30_01_02/source\ti/drivers/lib/drivers_cc32xx.am4g(UARTCC32XXDMA.om4g)
 .text.UARTCC32XXDMA_readCancel
                0x2000c4a0       0x34 C:/ti/simplelink_cc32xx_sdk_3_30_01_02/source\ti/drivers/lib/drivers_cc32xx.am4g(UARTCC32XXDMA.om4g)
                0x2000c4a0                UARTCC32XXDMA_readCancel
 .text.writeCancel.isra.2
                0x2000c4d4       0x54 C:/ti/simplelink_cc32xx_sdk_3_30_01_02/source\ti/drivers/lib/drivers_cc32xx.am4g(UARTCC32XXDMA.om4g)
 .text.UARTCC32XXDMA_writeCancel
                0x2000c528       0x34 C:/ti/simplelink_cc32xx_sdk_3_30_01_02/source\ti/drivers/lib/drivers_cc32xx.am4g(UARTCC32XXDMA.om4g)
                0x2000c528                UARTCC32XXDMA_writeCancel
 .text.initHw.isra.4
                0x2000c55c       0xc8 C:/ti/simplelink_cc32xx_sdk_3_30_01_02/source\ti/drivers/lib/drivers_cc32xx.am4g(UARTCC32XXDMA.om4g)
 .text.UARTCC32XXDMA_open
                0x2000c624      0x22c C:/ti/simplelink_cc32xx_sdk_3_30_01_02/source\ti/drivers/lib/drivers_cc32xx.am4g(UARTCC32XXDMA.om4g)
                0x2000c624                UARTCC32XXDMA_open
 .text.postNotifyFxn
                0x2000c850       0x10 C:/ti/simplelink_cc32xx_sdk_3_30_01_02/source\ti/drivers/lib/drivers_cc32xx.am4g(UARTCC32XXDMA.om4g)
 .text.UARTCC32XXDMA_hwiIntFxn
                0x2000c860       0xcc C:/ti/simplelink_cc32xx_sdk_3_30_01_02/source\ti/drivers/lib/drivers_cc32xx.am4g(UARTCC32XXDMA.om4g)
 .text.UARTCC32XXDMA_write
                0x2000c92c       0xf4 C:/ti/simplelink_cc32xx_sdk_3_30_01_02/source\ti/drivers/lib/drivers_cc32xx.am4g(UARTCC32XXDMA.om4g)
                0x2000c92c                UARTCC32XXDMA_write
 .text.UARTCC32XXDMA_read
                0x2000ca20       0xe4 C:/ti/simplelink_cc32xx_sdk_3_30_01_02/source\ti/drivers/lib/drivers_cc32xx.am4g(UARTCC32XXDMA.om4g)
                0x2000ca20                UARTCC32XXDMA_read
 .text.List_put
                0x2000cb04       0x2c C:/ti/simplelink_cc32xx_sdk_3_30_01_02/source\ti/drivers/lib/drivers_cc32xx.am4g(List.om4g)
                0x2000cb04                List_put
 .text.List_remove
                0x2000cb30       0x30 C:/ti/simplelink_cc32xx_sdk_3_30_01_02/source\ti/drivers/lib/drivers_cc32xx.am4g(List.om4g)
                0x2000cb30                List_remove
 .text.postNotifyFxn
                0x2000cb60       0x1c C:/ti/simplelink_cc32xx_sdk_3_30_01_02/source\ti/drivers/lib/drivers_cc32xx.am4g(UDMACC32XX.om4g)
 .text.UDMACC32XX_close
                0x2000cb7c       0x34 C:/ti/simplelink_cc32xx_sdk_3_30_01_02/source\ti/drivers/lib/drivers_cc32xx.am4g(UDMACC32XX.om4g)
                0x2000cb7c                UDMACC32XX_close
 .text.UDMACC32XX_init
                0x2000cbb0       0x40 C:/ti/simplelink_cc32xx_sdk_3_30_01_02/source\ti/drivers/lib/drivers_cc32xx.am4g(UDMACC32XX.om4g)
                0x2000cbb0                UDMACC32XX_init
 .text.UDMACC32XX_open
                0x2000cbf0       0x7c C:/ti/simplelink_cc32xx_sdk_3_30_01_02/source\ti/drivers/lib/drivers_cc32xx.am4g(UDMACC32XX.om4g)
                0x2000cbf0                UDMACC32XX_open
 .text._SlDeviceGetStartResponseConvert
                0x2000cc6c       0x24 C:/ti/simplelink_cc32xx_sdk_3_30_01_02/source/ti/drivers/net/wifi\gcc/rtos/simplelink.a(device.obj)
 .text.sl_Task  0x2000cc90       0x16 C:/ti/simplelink_cc32xx_sdk_3_30_01_02/source/ti/drivers/net/wifi\gcc/rtos/simplelink.a(device.obj)
                0x2000cc90                sl_Task
 *fill*         0x2000cca6        0x2 
 .text.sl_Start
                0x2000cca8      0x14c C:/ti/simplelink_cc32xx_sdk_3_30_01_02/source/ti/drivers/net/wifi\gcc/rtos/simplelink.a(device.obj)
                0x2000cca8                sl_Start
 .text._SlDeviceHandleAsync_InitComplete
                0x2000cdf4      0x108 C:/ti/simplelink_cc32xx_sdk_3_30_01_02/source/ti/drivers/net/wifi\gcc/rtos/simplelink.a(device.obj)
                0x2000cdf4                _SlDeviceHandleAsync_InitComplete
 .text._SlDeviceHandleAsync_Stop
                0x2000cefc       0xb4 C:/ti/simplelink_cc32xx_sdk_3_30_01_02/source/ti/drivers/net/wifi\gcc/rtos/simplelink.a(device.obj)
                0x2000cefc                _SlDeviceHandleAsync_Stop
 .text.sl_Stop  0x2000cfb0      0x1f0 C:/ti/simplelink_cc32xx_sdk_3_30_01_02/source/ti/drivers/net/wifi\gcc/rtos/simplelink.a(device.obj)
                0x2000cfb0                sl_Stop
 .text.sl_DeviceGet
                0x2000d1a0       0xd0 C:/ti/simplelink_cc32xx_sdk_3_30_01_02/source/ti/drivers/net/wifi\gcc/rtos/simplelink.a(device.obj)
                0x2000d1a0                sl_DeviceGet
 .text._SlDeviceEventHandler
                0x2000d270      0x120 C:/ti/simplelink_cc32xx_sdk_3_30_01_02/source/ti/drivers/net/wifi\gcc/rtos/simplelink.a(device.obj)
                0x2000d270                _SlDeviceEventHandler
 .text._SlDeviceResetRequestInitCompletedCB
                0x2000d390       0x14 C:/ti/simplelink_cc32xx_sdk_3_30_01_02/source/ti/drivers/net/wifi\gcc/rtos/simplelink.a(device.obj)
                0x2000d390                _SlDeviceResetRequestInitCompletedCB
 .text._SlDeviceHandleResetRequestInternally
                0x2000d3a4       0x74 C:/ti/simplelink_cc32xx_sdk_3_30_01_02/source/ti/drivers/net/wifi\gcc/rtos/simplelink.a(device.obj)
                0x2000d3a4                _SlDeviceHandleResetRequestInternally
 .text._SlDrvDriverCBInit
                0x2000d418      0x254 C:/ti/simplelink_cc32xx_sdk_3_30_01_02/source/ti/drivers/net/wifi\gcc/rtos/simplelink.a(driver.obj)
                0x2000d418                _SlDrvDriverCBInit
 .text._SlDrvDriverCBDeinit
                0x2000d66c      0x168 C:/ti/simplelink_cc32xx_sdk_3_30_01_02/source/ti/drivers/net/wifi\gcc/rtos/simplelink.a(driver.obj)
                0x2000d66c                _SlDrvDriverCBDeinit
 .text._SlDrvRxIrqHandler
                0x2000d7d4       0x68 C:/ti/simplelink_cc32xx_sdk_3_30_01_02/source/ti/drivers/net/wifi\gcc/rtos/simplelink.a(driver.obj)
                0x2000d7d4                _SlDrvRxIrqHandler
 .text._SlDrvDriverIsApiAllowed
                0x2000d83c       0xb0 C:/ti/simplelink_cc32xx_sdk_3_30_01_02/source/ti/drivers/net/wifi\gcc/rtos/simplelink.a(driver.obj)
                0x2000d83c                _SlDrvDriverIsApiAllowed
 .text._SlDrvCmdOp
                0x2000d8ec      0x118 C:/ti/simplelink_cc32xx_sdk_3_30_01_02/source/ti/drivers/net/wifi\gcc/rtos/simplelink.a(driver.obj)
                0x2000d8ec                _SlDrvCmdOp
 .text._SlDrvDataReadOp
                0x2000da04      0x29c C:/ti/simplelink_cc32xx_sdk_3_30_01_02/source/ti/drivers/net/wifi\gcc/rtos/simplelink.a(driver.obj)
                0x2000da04                _SlDrvDataReadOp
 .text._SlDrvDataWriteOp
                0x2000dca0      0x264 C:/ti/simplelink_cc32xx_sdk_3_30_01_02/source/ti/drivers/net/wifi\gcc/rtos/simplelink.a(driver.obj)
                0x2000dca0                _SlDrvDataWriteOp
 .text._SlDrvMsgWrite
                0x2000df04      0x3e8 C:/ti/simplelink_cc32xx_sdk_3_30_01_02/source/ti/drivers/net/wifi\gcc/rtos/simplelink.a(driver.obj)
 .text._SlDrvMsgRead
                0x2000e2ec      0x9fc C:/ti/simplelink_cc32xx_sdk_3_30_01_02/source/ti/drivers/net/wifi\gcc/rtos/simplelink.a(driver.obj)
 .text._SlDrvAsyncEventGenericHandler
                0x2000ece8      0x120 C:/ti/simplelink_cc32xx_sdk_3_30_01_02/source/ti/drivers/net/wifi\gcc/rtos/simplelink.a(driver.obj)
 .text._SlDrvMsgReadCmdCtx
                0x2000ee08      0x220 C:/ti/simplelink_cc32xx_sdk_3_30_01_02/source/ti/drivers/net/wifi\gcc/rtos/simplelink.a(driver.obj)
 .text._SlDrvMsgReadSpawnCtx
                0x2000f028      0x16c C:/ti/simplelink_cc32xx_sdk_3_30_01_02/source/ti/drivers/net/wifi\gcc/rtos/simplelink.a(driver.obj)
                0x2000f028                _SlDrvMsgReadSpawnCtx
 .text._SlDrvClassifyRxMsg
                0x2000f194      0x110 C:/ti/simplelink_cc32xx_sdk_3_30_01_02/source/ti/drivers/net/wifi\gcc/rtos/simplelink.a(driver.obj)
 .text._SlDrvRxHdrRead
                0x2000f2a4      0x320 C:/ti/simplelink_cc32xx_sdk_3_30_01_02/source/ti/drivers/net/wifi\gcc/rtos/simplelink.a(driver.obj)
 .text._SlDrvBasicCmd
                0x2000f5c4       0x50 C:/ti/simplelink_cc32xx_sdk_3_30_01_02/source/ti/drivers/net/wifi\gcc/rtos/simplelink.a(driver.obj)
                0x2000f5c4                _SlDrvBasicCmd
 .text._SlDrvCmdSend_noLock
                0x2000f614       0x74 C:/ti/simplelink_cc32xx_sdk_3_30_01_02/source/ti/drivers/net/wifi\gcc/rtos/simplelink.a(driver.obj)
                0x2000f614                _SlDrvCmdSend_noLock
 .text._SlDrvCmdSend_noWait
                0x2000f688       0x54 C:/ti/simplelink_cc32xx_sdk_3_30_01_02/source/ti/drivers/net/wifi\gcc/rtos/simplelink.a(driver.obj)
                0x2000f688                _SlDrvCmdSend_noWait
 .text._SlDrvProtectAsyncRespSetting
                0x2000f6dc       0x9c C:/ti/simplelink_cc32xx_sdk_3_30_01_02/source/ti/drivers/net/wifi\gcc/rtos/simplelink.a(driver.obj)
                0x2000f6dc                _SlDrvProtectAsyncRespSetting
 .text._SlDrvIsSpawnOwnGlobalLock
                0x2000f778       0x1e C:/ti/simplelink_cc32xx_sdk_3_30_01_02/source/ti/drivers/net/wifi\gcc/rtos/simplelink.a(driver.obj)
                0x2000f778                _SlDrvIsSpawnOwnGlobalLock
 *fill*         0x2000f796        0x2 
 .text._SlDrvWaitForPoolObj
                0x2000f798      0x310 C:/ti/simplelink_cc32xx_sdk_3_30_01_02/source/ti/drivers/net/wifi\gcc/rtos/simplelink.a(driver.obj)
                0x2000f798                _SlDrvWaitForPoolObj
 .text._SlDrvReleasePoolObj
                0x2000faa8      0x2c4 C:/ti/simplelink_cc32xx_sdk_3_30_01_02/source/ti/drivers/net/wifi\gcc/rtos/simplelink.a(driver.obj)
                0x2000faa8                _SlDrvReleasePoolObj
 .text._SlDrvReleaseAllActivePendingPoolObj
                0x2000fd6c      0x1b4 C:/ti/simplelink_cc32xx_sdk_3_30_01_02/source/ti/drivers/net/wifi\gcc/rtos/simplelink.a(driver.obj)
                0x2000fd6c                _SlDrvReleaseAllActivePendingPoolObj
 .text._SlDrvRemoveFromList
                0x2000ff20       0xd0 C:/ti/simplelink_cc32xx_sdk_3_30_01_02/source/ti/drivers/net/wifi\gcc/rtos/simplelink.a(driver.obj)
 .text._SlDrvFindAndSetActiveObj
                0x2000fff0      0x16c C:/ti/simplelink_cc32xx_sdk_3_30_01_02/source/ti/drivers/net/wifi\gcc/rtos/simplelink.a(driver.obj)
 .text._SlDrvDispatchHttpServerEvents
                0x2001015c       0x1a C:/ti/simplelink_cc32xx_sdk_3_30_01_02/source/ti/drivers/net/wifi\gcc/rtos/simplelink.a(driver.obj)
                0x2001015c                _SlDrvDispatchHttpServerEvents
 .text._SlDrvDispatchNetAppRequestEvents
                0x20010176       0x1a C:/ti/simplelink_cc32xx_sdk_3_30_01_02/source/ti/drivers/net/wifi\gcc/rtos/simplelink.a(driver.obj)
                0x20010176                _SlDrvDispatchNetAppRequestEvents
 .text._SlDrvSyncObjSignal
                0x20010190       0x2a C:/ti/simplelink_cc32xx_sdk_3_30_01_02/source/ti/drivers/net/wifi\gcc/rtos/simplelink.a(driver.obj)
                0x20010190                _SlDrvSyncObjSignal
 .text._SlDrvObjLockWaitForever
                0x200101ba       0x2a C:/ti/simplelink_cc32xx_sdk_3_30_01_02/source/ti/drivers/net/wifi\gcc/rtos/simplelink.a(driver.obj)
                0x200101ba                _SlDrvObjLockWaitForever
 .text._SlDrvProtectionObjLockWaitForever
                0x200101e4       0x34 C:/ti/simplelink_cc32xx_sdk_3_30_01_02/source/ti/drivers/net/wifi\gcc/rtos/simplelink.a(driver.obj)
                0x200101e4                _SlDrvProtectionObjLockWaitForever
 .text._SlDrvObjUnLock
                0x20010218       0x2a C:/ti/simplelink_cc32xx_sdk_3_30_01_02/source/ti/drivers/net/wifi\gcc/rtos/simplelink.a(driver.obj)
                0x20010218                _SlDrvObjUnLock
 *fill*         0x20010242        0x2 
 .text._SlDrvProtectionObjUnLock
                0x20010244       0x34 C:/ti/simplelink_cc32xx_sdk_3_30_01_02/source/ti/drivers/net/wifi\gcc/rtos/simplelink.a(driver.obj)
                0x20010244                _SlDrvProtectionObjUnLock
 .text._SlDrvObjGlobalLockWaitForever
                0x20010278      0x11c C:/ti/simplelink_cc32xx_sdk_3_30_01_02/source/ti/drivers/net/wifi\gcc/rtos/simplelink.a(driver.obj)
                0x20010278                _SlDrvObjGlobalLockWaitForever
 .text._SlDrvGlobalObjUnLock
                0x20010394       0x50 C:/ti/simplelink_cc32xx_sdk_3_30_01_02/source/ti/drivers/net/wifi\gcc/rtos/simplelink.a(driver.obj)
                0x20010394                _SlDrvGlobalObjUnLock
 .text._SlDrvMemZero
                0x200103e4       0x20 C:/ti/simplelink_cc32xx_sdk_3_30_01_02/source/ti/drivers/net/wifi\gcc/rtos/simplelink.a(driver.obj)
                0x200103e4                _SlDrvMemZero
 .text._SlDrvResetCmdExt
                0x20010404       0x18 C:/ti/simplelink_cc32xx_sdk_3_30_01_02/source/ti/drivers/net/wifi\gcc/rtos/simplelink.a(driver.obj)
                0x20010404                _SlDrvResetCmdExt
 .text._SlDrvSyncObjWaitForever
                0x2001041c       0x3c C:/ti/simplelink_cc32xx_sdk_3_30_01_02/source/ti/drivers/net/wifi\gcc/rtos/simplelink.a(driver.obj)
                0x2001041c                _SlDrvSyncObjWaitForever
 .text._SlDrvStartMeasureTimeout
                0x20010458       0x38 C:/ti/simplelink_cc32xx_sdk_3_30_01_02/source/ti/drivers/net/wifi\gcc/rtos/simplelink.a(driver.obj)
                0x20010458                _SlDrvStartMeasureTimeout
 .text._SlDrvIsTimeoutExpired
                0x20010490       0xbc C:/ti/simplelink_cc32xx_sdk_3_30_01_02/source/ti/drivers/net/wifi\gcc/rtos/simplelink.a(driver.obj)
                0x20010490                _SlDrvIsTimeoutExpired
 .text._SlDrvHandleFatalError
                0x2001054c       0xd0 C:/ti/simplelink_cc32xx_sdk_3_30_01_02/source/ti/drivers/net/wifi\gcc/rtos/simplelink.a(driver.obj)
                0x2001054c                _SlDrvHandleFatalError
 .text._SlDrvSyncObjWaitTimeout
                0x2001061c       0x50 C:/ti/simplelink_cc32xx_sdk_3_30_01_02/source/ti/drivers/net/wifi\gcc/rtos/simplelink.a(driver.obj)
                0x2001061c                _SlDrvSyncObjWaitTimeout
 .text._SlDrvUpdateApiInProgress
                0x2001066c       0x64 C:/ti/simplelink_cc32xx_sdk_3_30_01_02/source/ti/drivers/net/wifi\gcc/rtos/simplelink.a(driver.obj)
 .text._SlDrvIsApiInProgress
                0x200106d0       0x30 C:/ti/simplelink_cc32xx_sdk_3_30_01_02/source/ti/drivers/net/wifi\gcc/rtos/simplelink.a(driver.obj)
                0x200106d0                _SlDrvIsApiInProgress
 .text._SlDrvWaitForInternalAsyncEvent
                0x20010700      0x104 C:/ti/simplelink_cc32xx_sdk_3_30_01_02/source/ti/drivers/net/wifi\gcc/rtos/simplelink.a(driver.obj)
                0x20010700                _SlDrvWaitForInternalAsyncEvent
 .text._SlSpawnMsgListInsert
                0x20010804      0x14c C:/ti/simplelink_cc32xx_sdk_3_30_01_02/source/ti/drivers/net/wifi\gcc/rtos/simplelink.a(driver.obj)
                0x20010804                _SlSpawnMsgListInsert
 .text._SlSpawnMsgListProcess
                0x20010950       0xa8 C:/ti/simplelink_cc32xx_sdk_3_30_01_02/source/ti/drivers/net/wifi\gcc/rtos/simplelink.a(driver.obj)
                0x20010950                _SlSpawnMsgListProcess
 .text._SlSpawnMsgListGetCount
                0x200109f8       0x6c C:/ti/simplelink_cc32xx_sdk_3_30_01_02/source/ti/drivers/net/wifi\gcc/rtos/simplelink.a(driver.obj)
                0x200109f8                _SlSpawnMsgListGetCount
 .text._SlFindAndReleasePendingCmd
                0x20010a64       0x50 C:/ti/simplelink_cc32xx_sdk_3_30_01_02/source/ti/drivers/net/wifi\gcc/rtos/simplelink.a(driver.obj)
                0x20010a64                _SlFindAndReleasePendingCmd
 .text._SlFlowContSet
                0x20010ab4       0x30 C:/ti/simplelink_cc32xx_sdk_3_30_01_02/source/ti/drivers/net/wifi\gcc/rtos/simplelink.a(flowcont.obj)
                0x20010ab4                _SlFlowContSet
 .text._SlFsStrlen
                0x20010ae4       0x32 C:/ti/simplelink_cc32xx_sdk_3_30_01_02/source/ti/drivers/net/wifi\gcc/rtos/simplelink.a(fs.obj)
 *fill*         0x20010b16        0x2 
 .text.FsGetCreateFsMode
                0x20010b18       0xc4 C:/ti/simplelink_cc32xx_sdk_3_30_01_02/source/ti/drivers/net/wifi\gcc/rtos/simplelink.a(fs.obj)
 .text.sl_FsOpen
                0x20010bdc      0x140 C:/ti/simplelink_cc32xx_sdk_3_30_01_02/source/ti/drivers/net/wifi\gcc/rtos/simplelink.a(fs.obj)
                0x20010bdc                sl_FsOpen
 .text.sl_FsClose
                0x20010d1c       0xcc C:/ti/simplelink_cc32xx_sdk_3_30_01_02/source/ti/drivers/net/wifi\gcc/rtos/simplelink.a(fs.obj)
                0x20010d1c                sl_FsClose
 .text.sl_FsWrite
                0x20010de8       0xf8 C:/ti/simplelink_cc32xx_sdk_3_30_01_02/source/ti/drivers/net/wifi\gcc/rtos/simplelink.a(fs.obj)
                0x20010de8                sl_FsWrite
 .text._SlNetAppHandleAsync_DnsGetHostByService
                0x20010ee0      0x12c C:/ti/simplelink_cc32xx_sdk_3_30_01_02/source/ti/drivers/net/wifi\gcc/rtos/simplelink.a(netapp.obj)
                0x20010ee0                _SlNetAppHandleAsync_DnsGetHostByService
 .text.sl_NetAppDnsGetHostByName
                0x2001100c      0x1a8 C:/ti/simplelink_cc32xx_sdk_3_30_01_02/source/ti/drivers/net/wifi\gcc/rtos/simplelink.a(netapp.obj)
                0x2001100c                sl_NetAppDnsGetHostByName
 .text._SlNetAppHandleAsync_DnsGetHostByName
                0x200111b4       0xe4 C:/ti/simplelink_cc32xx_sdk_3_30_01_02/source/ti/drivers/net/wifi\gcc/rtos/simplelink.a(netapp.obj)
                0x200111b4                _SlNetAppHandleAsync_DnsGetHostByName
 .text._SlNetAppCopyPingResultsToReport
                0x20011298       0x44 C:/ti/simplelink_cc32xx_sdk_3_30_01_02/source/ti/drivers/net/wifi\gcc/rtos/simplelink.a(netapp.obj)
 .text._SlNetAppHandleAsync_PingResponse
                0x200112dc       0xe0 C:/ti/simplelink_cc32xx_sdk_3_30_01_02/source/ti/drivers/net/wifi\gcc/rtos/simplelink.a(netapp.obj)
                0x200112dc                _SlNetAppHandleAsync_PingResponse
 .text._SlNetAppSendTokenValue
                0x200113bc       0x80 C:/ti/simplelink_cc32xx_sdk_3_30_01_02/source/ti/drivers/net/wifi\gcc/rtos/simplelink.a(netapp.obj)
                0x200113bc                _SlNetAppSendTokenValue
 .text._SlNetAppSendResponse
                0x2001143c       0xb0 C:/ti/simplelink_cc32xx_sdk_3_30_01_02/source/ti/drivers/net/wifi\gcc/rtos/simplelink.a(netapp.obj)
                0x2001143c                _SlNetAppSendResponse
 .text._SlNetAppHandleAsync_NetAppReceive
                0x200114ec       0xf4 C:/ti/simplelink_cc32xx_sdk_3_30_01_02/source/ti/drivers/net/wifi\gcc/rtos/simplelink.a(netapp.obj)
                0x200114ec                _SlNetAppHandleAsync_NetAppReceive
 .text._SlNetAppEventHandler
                0x200115e0      0x26e C:/ti/simplelink_cc32xx_sdk_3_30_01_02/source/ti/drivers/net/wifi\gcc/rtos/simplelink.a(netapp.obj)
                0x200115e0                _SlNetAppEventHandler
 *fill*         0x2001184e        0x2 
 .text.sl_NetCfgGet
                0x20011850       0xe0 C:/ti/simplelink_cc32xx_sdk_3_30_01_02/source/ti/drivers/net/wifi\gcc/rtos/simplelink.a(netcfg.obj)
                0x20011850                sl_NetCfgGet
 .text._SlNetUtilHandleAsync_Cmd
                0x20011930       0xd0 C:/ti/simplelink_cc32xx_sdk_3_30_01_02/source/ti/drivers/net/wifi\gcc/rtos/simplelink.a(netutil.obj)
                0x20011930                _SlNetUtilHandleAsync_Cmd
 .text._SlSocketBuildAddress
                0x20011a00       0x50 C:/ti/simplelink_cc32xx_sdk_3_30_01_02/source/ti/drivers/net/wifi\gcc/rtos/simplelink.a(sl_socket.obj)
 .text.sl_Socket
                0x20011a50       0x7c C:/ti/simplelink_cc32xx_sdk_3_30_01_02/source/ti/drivers/net/wifi\gcc/rtos/simplelink.a(sl_socket.obj)
                0x20011a50                sl_Socket
 .text.sl_Close
                0x20011acc      0x100 C:/ti/simplelink_cc32xx_sdk_3_30_01_02/source/ti/drivers/net/wifi\gcc/rtos/simplelink.a(sl_socket.obj)
                0x20011acc                sl_Close
 .text.sl_Bind  0x20011bcc       0xa8 C:/ti/simplelink_cc32xx_sdk_3_30_01_02/source/ti/drivers/net/wifi\gcc/rtos/simplelink.a(sl_socket.obj)
                0x20011bcc                sl_Bind
 .text.sl_SendTo
                0x20011c74      0x10c C:/ti/simplelink_cc32xx_sdk_3_30_01_02/source/ti/drivers/net/wifi\gcc/rtos/simplelink.a(sl_socket.obj)
                0x20011c74                sl_SendTo
 .text.sl_RecvFrom
                0x20011d80      0x164 C:/ti/simplelink_cc32xx_sdk_3_30_01_02/source/ti/drivers/net/wifi\gcc/rtos/simplelink.a(sl_socket.obj)
                0x20011d80                sl_RecvFrom
 .text.sl_Connect
                0x20011ee4      0x188 C:/ti/simplelink_cc32xx_sdk_3_30_01_02/source/ti/drivers/net/wifi\gcc/rtos/simplelink.a(sl_socket.obj)
                0x20011ee4                sl_Connect
 .text._SlSocketHandleAsync_Connect
                0x2001206c       0xd0 C:/ti/simplelink_cc32xx_sdk_3_30_01_02/source/ti/drivers/net/wifi\gcc/rtos/simplelink.a(sl_socket.obj)
                0x2001206c                _SlSocketHandleAsync_Connect
 .text._SlSocketHandleAsync_Close
                0x2001213c       0xd0 C:/ti/simplelink_cc32xx_sdk_3_30_01_02/source/ti/drivers/net/wifi\gcc/rtos/simplelink.a(sl_socket.obj)
                0x2001213c                _SlSocketHandleAsync_Close
 .text.sl_Send  0x2001220c       0xcc C:/ti/simplelink_cc32xx_sdk_3_30_01_02/source/ti/drivers/net/wifi\gcc/rtos/simplelink.a(sl_socket.obj)
                0x2001220c                sl_Send
 .text.sl_Listen
                0x200122d8       0x68 C:/ti/simplelink_cc32xx_sdk_3_30_01_02/source/ti/drivers/net/wifi\gcc/rtos/simplelink.a(sl_socket.obj)
                0x200122d8                sl_Listen
 .text.sl_Accept
                0x20012340      0x1c8 C:/ti/simplelink_cc32xx_sdk_3_30_01_02/source/ti/drivers/net/wifi\gcc/rtos/simplelink.a(sl_socket.obj)
                0x20012340                sl_Accept
 .text._SlSocketHandleAsync_Accept
                0x20012508       0xb0 C:/ti/simplelink_cc32xx_sdk_3_30_01_02/source/ti/drivers/net/wifi\gcc/rtos/simplelink.a(sl_socket.obj)
                0x20012508                _SlSocketHandleAsync_Accept
 .text.sl_Recv  0x200125b8       0x98 C:/ti/simplelink_cc32xx_sdk_3_30_01_02/source/ti/drivers/net/wifi\gcc/rtos/simplelink.a(sl_socket.obj)
                0x200125b8                sl_Recv
 .text.sl_SetSockOpt
                0x20012650       0x94 C:/ti/simplelink_cc32xx_sdk_3_30_01_02/source/ti/drivers/net/wifi\gcc/rtos/simplelink.a(sl_socket.obj)
                0x20012650                sl_SetSockOpt
 .text.sl_GetSockOpt
                0x200126e4       0xd0 C:/ti/simplelink_cc32xx_sdk_3_30_01_02/source/ti/drivers/net/wifi\gcc/rtos/simplelink.a(sl_socket.obj)
                0x200126e4                sl_GetSockOpt
 .text.CountSetBits
                0x200127b4       0x38 C:/ti/simplelink_cc32xx_sdk_3_30_01_02/source/ti/drivers/net/wifi\gcc/rtos/simplelink.a(sl_socket.obj)
 .text._SlSocketHandleAsync_Select
                0x200127ec      0x53c C:/ti/simplelink_cc32xx_sdk_3_30_01_02/source/ti/drivers/net/wifi\gcc/rtos/simplelink.a(sl_socket.obj)
                0x200127ec                _SlSocketHandleAsync_Select
 .text._SlDrvGetNextTimeoutValue
                0x20012d28      0x13c C:/ti/simplelink_cc32xx_sdk_3_30_01_02/source/ti/drivers/net/wifi\gcc/rtos/simplelink.a(sl_socket.obj)
 .text._SlDrvClearCtrlSocket
                0x20012e64       0x60 C:/ti/simplelink_cc32xx_sdk_3_30_01_02/source/ti/drivers/net/wifi\gcc/rtos/simplelink.a(sl_socket.obj)
 .text._SlDrvOpenCtrlSocket
                0x20012ec4       0x78 C:/ti/simplelink_cc32xx_sdk_3_30_01_02/source/ti/drivers/net/wifi\gcc/rtos/simplelink.a(sl_socket.obj)
 .text._SlDrvCloseCtrlSocket
                0x20012f3c       0x58 C:/ti/simplelink_cc32xx_sdk_3_30_01_02/source/ti/drivers/net/wifi\gcc/rtos/simplelink.a(sl_socket.obj)
 .text.to_mSec  0x20012f94       0x58 C:/ti/simplelink_cc32xx_sdk_3_30_01_02/source/ti/drivers/net/wifi\gcc/rtos/simplelink.a(sl_socket.obj)
 .text._SlDrvUnRegisterForSelectAsync
                0x20012fec       0xd4 C:/ti/simplelink_cc32xx_sdk_3_30_01_02/source/ti/drivers/net/wifi\gcc/rtos/simplelink.a(sl_socket.obj)
 .text._SlDrvRegisterForSelectAsync
                0x200130c0      0x1c4 C:/ti/simplelink_cc32xx_sdk_3_30_01_02/source/ti/drivers/net/wifi\gcc/rtos/simplelink.a(sl_socket.obj)
 .text.sl_Select
                0x20013284      0x2fc C:/ti/simplelink_cc32xx_sdk_3_30_01_02/source/ti/drivers/net/wifi\gcc/rtos/simplelink.a(sl_socket.obj)
                0x20013284                sl_Select
 .text.sl_StartTLS
                0x20013580      0x180 C:/ti/simplelink_cc32xx_sdk_3_30_01_02/source/ti/drivers/net/wifi\gcc/rtos/simplelink.a(sl_socket.obj)
                0x20013580                sl_StartTLS
 .text._SlSocketHandleAsync_StartTLS
                0x20013700      0x13c C:/ti/simplelink_cc32xx_sdk_3_30_01_02/source/ti/drivers/net/wifi\gcc/rtos/simplelink.a(sl_socket.obj)
                0x20013700                _SlSocketHandleAsync_StartTLS
 .text._SlInternalIsItSpawnThread
                0x2001383c       0x28 C:/ti/simplelink_cc32xx_sdk_3_30_01_02/source/ti/drivers/net/wifi\gcc/rtos/simplelink.a(spawn.obj)
                0x2001383c                _SlInternalIsItSpawnThread
 .text._SlInternalSpawnWaitForEvent
                0x20013864       0x40 C:/ti/simplelink_cc32xx_sdk_3_30_01_02/source/ti/drivers/net/wifi\gcc/rtos/simplelink.a(spawn.obj)
                0x20013864                _SlInternalSpawnWaitForEvent
 .text._SlInternalSpawnTaskEntry
                0x200138a4       0x48 C:/ti/simplelink_cc32xx_sdk_3_30_01_02/source/ti/drivers/net/wifi\gcc/rtos/simplelink.a(spawn.obj)
                0x200138a4                _SlInternalSpawnTaskEntry
 .text._SlInternalSpawn
                0x200138ec       0x64 C:/ti/simplelink_cc32xx_sdk_3_30_01_02/source/ti/drivers/net/wifi\gcc/rtos/simplelink.a(spawn.obj)
                0x200138ec                _SlInternalSpawn
 .text.sl_WlanConnect
                0x20013950      0x2f0 C:/ti/simplelink_cc32xx_sdk_3_30_01_02/source/ti/drivers/net/wifi\gcc/rtos/simplelink.a(wlan.obj)
                0x20013950                sl_WlanConnect
 .text.sl_WlanDisconnect
                0x20013c40       0x32 C:/ti/simplelink_cc32xx_sdk_3_30_01_02/source/ti/drivers/net/wifi\gcc/rtos/simplelink.a(wlan.obj)
                0x20013c40                sl_WlanDisconnect
 *fill*         0x20013c72        0x2 
 .text.sl_WlanSetMode
                0x20013c74       0x58 C:/ti/simplelink_cc32xx_sdk_3_30_01_02/source/ti/drivers/net/wifi\gcc/rtos/simplelink.a(wlan.obj)
                0x20013c74                sl_WlanSetMode
 .text.sl_WlanGet
                0x20013ccc       0xd4 C:/ti/simplelink_cc32xx_sdk_3_30_01_02/source/ti/drivers/net/wifi\gcc/rtos/simplelink.a(wlan.obj)
                0x20013ccc                sl_WlanGet
 .text.spi_Open
                0x20013da0       0x78 C:/ti/simplelink_cc32xx_sdk_3_30_01_02/source/ti/drivers/net/wifi\gcc/rtos/simplelink.a(cc_pal.obj)
                0x20013da0                spi_Open
 .text.spi_Close
                0x20013e18       0x1a C:/ti/simplelink_cc32xx_sdk_3_30_01_02/source/ti/drivers/net/wifi\gcc/rtos/simplelink.a(cc_pal.obj)
                0x20013e18                spi_Close
 .text.spi_Read
                0x20013e32       0xb2 C:/ti/simplelink_cc32xx_sdk_3_30_01_02/source/ti/drivers/net/wifi\gcc/rtos/simplelink.a(cc_pal.obj)
                0x20013e32                spi_Read
 .text.spi_Write
                0x20013ee4       0xb2 C:/ti/simplelink_cc32xx_sdk_3_30_01_02/source/ti/drivers/net/wifi\gcc/rtos/simplelink.a(cc_pal.obj)
                0x20013ee4                spi_Write
 *fill*         0x20013f96        0x2 
 .text.NwpRegisterInterruptHandler
                0x20013f98       0x64 C:/ti/simplelink_cc32xx_sdk_3_30_01_02/source/ti/drivers/net/wifi\gcc/rtos/simplelink.a(cc_pal.obj)
                0x20013f98                NwpRegisterInterruptHandler
 .text.NwpMaskInterrupt
                0x20013ffc       0x18 C:/ti/simplelink_cc32xx_sdk_3_30_01_02/source/ti/drivers/net/wifi\gcc/rtos/simplelink.a(cc_pal.obj)
                0x20013ffc                NwpMaskInterrupt
 .text.NwpUnMaskInterrupt
                0x20014014       0x18 C:/ti/simplelink_cc32xx_sdk_3_30_01_02/source/ti/drivers/net/wifi\gcc/rtos/simplelink.a(cc_pal.obj)
                0x20014014                NwpUnMaskInterrupt
 .text.NwpPowerOn
                0x2001402c       0x30 C:/ti/simplelink_cc32xx_sdk_3_30_01_02/source/ti/drivers/net/wifi\gcc/rtos/simplelink.a(cc_pal.obj)
                0x2001402c                NwpPowerOn
 .text.NwpPowerOff
                0x2001405c       0xd8 C:/ti/simplelink_cc32xx_sdk_3_30_01_02/source/ti/drivers/net/wifi\gcc/rtos/simplelink.a(cc_pal.obj)
                0x2001405c                NwpPowerOff
 .text.Semaphore_pend_handle
                0x20014134      0x100 C:/ti/simplelink_cc32xx_sdk_3_30_01_02/source/ti/drivers/net/wifi\gcc/rtos/simplelink.a(cc_pal.obj)
                0x20014134                Semaphore_pend_handle
 .text.Mutex_create_handle
                0x20014234       0x40 C:/ti/simplelink_cc32xx_sdk_3_30_01_02/source/ti/drivers/net/wifi\gcc/rtos/simplelink.a(cc_pal.obj)
                0x20014234                Mutex_create_handle
 .text.TimerGetCurrentTimestamp
                0x20014274        0xe C:/ti/simplelink_cc32xx_sdk_3_30_01_02/source/ti/drivers/net/wifi\gcc/rtos/simplelink.a(cc_pal.obj)
                0x20014274                TimerGetCurrentTimestamp
 *fill*         0x20014282        0x2 
 .text.NwpWaitForShutDownInd
                0x20014284       0x54 C:/ti/simplelink_cc32xx_sdk_3_30_01_02/source/ti/drivers/net/wifi\gcc/rtos/simplelink.a(cc_pal.obj)
                0x20014284                NwpWaitForShutDownInd
 .text._SlIsEventRegistered
                0x200142d8       0x44 C:/ti/simplelink_cc32xx_sdk_3_30_01_02/source/ti/drivers/net/wifi\gcc/rtos/simplelink.a(eventreg.obj)
                0x200142d8                _SlIsEventRegistered
 .text.sl_RegisterLibsEventHandler
                0x2001431c       0x5c C:/ti/simplelink_cc32xx_sdk_3_30_01_02/source/ti/drivers/net/wifi\gcc/rtos/simplelink.a(eventreg.obj)
                0x2001431c                sl_RegisterLibsEventHandler
 .text.sl_UnregisterLibsEventHandler
                0x20014378       0x88 C:/ti/simplelink_cc32xx_sdk_3_30_01_02/source/ti/drivers/net/wifi\gcc/rtos/simplelink.a(eventreg.obj)
                0x20014378                sl_UnregisterLibsEventHandler
 .text._SlDeviceFatalErrorEvtHdlr
                0x20014400       0x54 C:/ti/simplelink_cc32xx_sdk_3_30_01_02/source/ti/drivers/net/wifi\gcc/rtos/simplelink.a(eventreg.obj)
                0x20014400                _SlDeviceFatalErrorEvtHdlr
 .text._SlDeviceGeneralEvtHdlr
                0x20014454       0x54 C:/ti/simplelink_cc32xx_sdk_3_30_01_02/source/ti/drivers/net/wifi\gcc/rtos/simplelink.a(eventreg.obj)
                0x20014454                _SlDeviceGeneralEvtHdlr
 .text._SlWlanEvtHdlr
                0x200144a8       0x54 C:/ti/simplelink_cc32xx_sdk_3_30_01_02/source/ti/drivers/net/wifi\gcc/rtos/simplelink.a(eventreg.obj)
                0x200144a8                _SlWlanEvtHdlr
 .text._SlNetAppEvtHdlr
                0x200144fc       0x54 C:/ti/simplelink_cc32xx_sdk_3_30_01_02/source/ti/drivers/net/wifi\gcc/rtos/simplelink.a(eventreg.obj)
                0x200144fc                _SlNetAppEvtHdlr
 .text._SlSockEvtHdlr
                0x20014550       0x54 C:/ti/simplelink_cc32xx_sdk_3_30_01_02/source/ti/drivers/net/wifi\gcc/rtos/simplelink.a(eventreg.obj)
                0x20014550                _SlSockEvtHdlr
 .text._SlNetAppHttpServerHdlr
                0x200145a4       0x5c C:/ti/simplelink_cc32xx_sdk_3_30_01_02/source/ti/drivers/net/wifi\gcc/rtos/simplelink.a(eventreg.obj)
                0x200145a4                _SlNetAppHttpServerHdlr
 .text._SlNetAppRequestHdlr
                0x20014600       0x5c C:/ti/simplelink_cc32xx_sdk_3_30_01_02/source/ti/drivers/net/wifi\gcc/rtos/simplelink.a(eventreg.obj)
                0x20014600                _SlNetAppRequestHdlr
 .text._SlNetAppRequestMemFree
                0x2001465c       0x54 C:/ti/simplelink_cc32xx_sdk_3_30_01_02/source/ti/drivers/net/wifi\gcc/rtos/simplelink.a(eventreg.obj)
                0x2001465c                _SlNetAppRequestMemFree
 .text.ClockP_callbackFxn
                0x200146b0       0x4a C:/Users/Gudni/IgreyptKerfi/freertos_builds_CC3220S_LAUNCHXL_release_gcc/Debug\libfreertos_builds_CC3220S_LAUNCHXL_release_gcc.a(ClockP_freertos.o)
                0x200146b0                ClockP_callbackFxn
 *fill*         0x200146fa        0x2 
 .text.ClockP_create
                0x200146fc       0xb8 C:/Users/Gudni/IgreyptKerfi/freertos_builds_CC3220S_LAUNCHXL_release_gcc/Debug\libfreertos_builds_CC3220S_LAUNCHXL_release_gcc.a(ClockP_freertos.o)
                0x200146fc                ClockP_create
 .text.ClockP_delete
                0x200147b4       0x54 C:/Users/Gudni/IgreyptKerfi/freertos_builds_CC3220S_LAUNCHXL_release_gcc/Debug\libfreertos_builds_CC3220S_LAUNCHXL_release_gcc.a(ClockP_freertos.o)
                0x200147b4                ClockP_delete
 .text.ClockP_getCpuFreq
                0x20014808       0x28 C:/Users/Gudni/IgreyptKerfi/freertos_builds_CC3220S_LAUNCHXL_release_gcc/Debug\libfreertos_builds_CC3220S_LAUNCHXL_release_gcc.a(ClockP_freertos.o)
                0x20014808                ClockP_getCpuFreq
 .text.ClockP_getSystemTickPeriod
                0x20014830       0x18 C:/Users/Gudni/IgreyptKerfi/freertos_builds_CC3220S_LAUNCHXL_release_gcc/Debug\libfreertos_builds_CC3220S_LAUNCHXL_release_gcc.a(ClockP_freertos.o)
                0x20014830                ClockP_getSystemTickPeriod
 .text.ClockP_getSystemTicks
                0x20014848        0xe C:/Users/Gudni/IgreyptKerfi/freertos_builds_CC3220S_LAUNCHXL_release_gcc/Debug\libfreertos_builds_CC3220S_LAUNCHXL_release_gcc.a(ClockP_freertos.o)
                0x20014848                ClockP_getSystemTicks
 .text.ClockP_Params_init
                0x20014856       0x24 C:/Users/Gudni/IgreyptKerfi/freertos_builds_CC3220S_LAUNCHXL_release_gcc/Debug\libfreertos_builds_CC3220S_LAUNCHXL_release_gcc.a(ClockP_freertos.o)
                0x20014856                ClockP_Params_init
 .text.ClockP_setTimeout
                0x2001487a       0x1e C:/Users/Gudni/IgreyptKerfi/freertos_builds_CC3220S_LAUNCHXL_release_gcc/Debug\libfreertos_builds_CC3220S_LAUNCHXL_release_gcc.a(ClockP_freertos.o)
                0x2001487a                ClockP_setTimeout
 .text.ClockP_start
                0x20014898       0x2c C:/Users/Gudni/IgreyptKerfi/freertos_builds_CC3220S_LAUNCHXL_release_gcc/Debug\libfreertos_builds_CC3220S_LAUNCHXL_release_gcc.a(ClockP_freertos.o)
                0x20014898                ClockP_start
 .text.ClockP_stop
                0x200148c4       0x70 C:/Users/Gudni/IgreyptKerfi/freertos_builds_CC3220S_LAUNCHXL_release_gcc/Debug\libfreertos_builds_CC3220S_LAUNCHXL_release_gcc.a(ClockP_freertos.o)
                0x200148c4                ClockP_stop
 .text.setClockObjTimeout
                0x20014934       0x7c C:/Users/Gudni/IgreyptKerfi/freertos_builds_CC3220S_LAUNCHXL_release_gcc/Debug\libfreertos_builds_CC3220S_LAUNCHXL_release_gcc.a(ClockP_freertos.o)
 .text.HwiP_disable
                0x200149b0       0x34 C:/Users/Gudni/IgreyptKerfi/freertos_builds_CC3220S_LAUNCHXL_release_gcc/Debug\libfreertos_builds_CC3220S_LAUNCHXL_release_gcc.a(HwiPCC32XX_freertos.o)
                0x200149b0                HwiP_disable
 .text.HwiP_restore
                0x200149e4       0x2c C:/Users/Gudni/IgreyptKerfi/freertos_builds_CC3220S_LAUNCHXL_release_gcc/Debug\libfreertos_builds_CC3220S_LAUNCHXL_release_gcc.a(HwiPCC32XX_freertos.o)
                0x200149e4                HwiP_restore
 .text.HwiP_clearInterrupt
                0x20014a10       0x18 C:/Users/Gudni/IgreyptKerfi/freertos_builds_CC3220S_LAUNCHXL_release_gcc/Debug\libfreertos_builds_CC3220S_LAUNCHXL_release_gcc.a(HwiPCC32XX_freertos.o)
                0x20014a10                HwiP_clearInterrupt
 .text.HwiP_delete
                0x20014a28       0x20 C:/Users/Gudni/IgreyptKerfi/freertos_builds_CC3220S_LAUNCHXL_release_gcc/Debug\libfreertos_builds_CC3220S_LAUNCHXL_release_gcc.a(HwiPCC32XX_freertos.o)
                0x20014a28                HwiP_delete
 .text.HwiP_disableInterrupt
                0x20014a48       0x18 C:/Users/Gudni/IgreyptKerfi/freertos_builds_CC3220S_LAUNCHXL_release_gcc/Debug\libfreertos_builds_CC3220S_LAUNCHXL_release_gcc.a(HwiPCC32XX_freertos.o)
                0x20014a48                HwiP_disableInterrupt
 .text.HwiP_dispatch
                0x20014a60       0x58 C:/Users/Gudni/IgreyptKerfi/freertos_builds_CC3220S_LAUNCHXL_release_gcc/Debug\libfreertos_builds_CC3220S_LAUNCHXL_release_gcc.a(HwiPCC32XX_freertos.o)
                0x20014a60                HwiP_dispatch
 .text.HwiP_enableInterrupt
                0x20014ab8       0x18 C:/Users/Gudni/IgreyptKerfi/freertos_builds_CC3220S_LAUNCHXL_release_gcc/Debug\libfreertos_builds_CC3220S_LAUNCHXL_release_gcc.a(HwiPCC32XX_freertos.o)
                0x20014ab8                HwiP_enableInterrupt
 .text.HwiP_create
                0x20014ad0       0x78 C:/Users/Gudni/IgreyptKerfi/freertos_builds_CC3220S_LAUNCHXL_release_gcc/Debug\libfreertos_builds_CC3220S_LAUNCHXL_release_gcc.a(HwiPCC32XX_freertos.o)
                0x20014ad0                HwiP_create
 .text.HwiP_inISR
                0x20014b48       0x2c C:/Users/Gudni/IgreyptKerfi/freertos_builds_CC3220S_LAUNCHXL_release_gcc/Debug\libfreertos_builds_CC3220S_LAUNCHXL_release_gcc.a(HwiPCC32XX_freertos.o)
                0x20014b48                HwiP_inISR
 .text.HwiP_Params_init
                0x20014b74       0x26 C:/Users/Gudni/IgreyptKerfi/freertos_builds_CC3220S_LAUNCHXL_release_gcc/Debug\libfreertos_builds_CC3220S_LAUNCHXL_release_gcc.a(HwiPCC32XX_freertos.o)
                0x20014b74                HwiP_Params_init
 *fill*         0x20014b9a        0x2 
 .text.PowerCC32XX_sleepPolicy
                0x20014b9c      0x23c C:/Users/Gudni/IgreyptKerfi/freertos_builds_CC3220S_LAUNCHXL_release_gcc/Debug\libfreertos_builds_CC3220S_LAUNCHXL_release_gcc.a(PowerCC32XX_freertos.o)
                0x20014b9c                PowerCC32XX_sleepPolicy
 .text.PowerCC32XX_initPolicy
                0x20014dd8        0xc C:/Users/Gudni/IgreyptKerfi/freertos_builds_CC3220S_LAUNCHXL_release_gcc/Debug\libfreertos_builds_CC3220S_LAUNCHXL_release_gcc.a(PowerCC32XX_freertos.o)
                0x20014dd8                PowerCC32XX_initPolicy
 .text.vPortSuppressTicksAndSleep
                0x20014de4       0x20 C:/Users/Gudni/IgreyptKerfi/freertos_builds_CC3220S_LAUNCHXL_release_gcc/Debug\libfreertos_builds_CC3220S_LAUNCHXL_release_gcc.a(PowerCC32XX_freertos.o)
                0x20014de4                vPortSuppressTicksAndSleep
 .text.SemaphoreP_create
                0x20014e04       0x64 C:/Users/Gudni/IgreyptKerfi/freertos_builds_CC3220S_LAUNCHXL_release_gcc/Debug\libfreertos_builds_CC3220S_LAUNCHXL_release_gcc.a(SemaphoreP_freertos.o)
                0x20014e04                SemaphoreP_create
 .text.SemaphoreP_createBinary
                0x20014e68       0x3a C:/Users/Gudni/IgreyptKerfi/freertos_builds_CC3220S_LAUNCHXL_release_gcc/Debug\libfreertos_builds_CC3220S_LAUNCHXL_release_gcc.a(SemaphoreP_freertos.o)
                0x20014e68                SemaphoreP_createBinary
 .text.SemaphoreP_delete
                0x20014ea2       0x16 C:/Users/Gudni/IgreyptKerfi/freertos_builds_CC3220S_LAUNCHXL_release_gcc/Debug\libfreertos_builds_CC3220S_LAUNCHXL_release_gcc.a(SemaphoreP_freertos.o)
                0x20014ea2                SemaphoreP_delete
 .text.SemaphoreP_Params_init
                0x20014eb8       0x1e C:/Users/Gudni/IgreyptKerfi/freertos_builds_CC3220S_LAUNCHXL_release_gcc/Debug\libfreertos_builds_CC3220S_LAUNCHXL_release_gcc.a(SemaphoreP_freertos.o)
                0x20014eb8                SemaphoreP_Params_init
 .text.SemaphoreP_pend
                0x20014ed6       0x42 C:/Users/Gudni/IgreyptKerfi/freertos_builds_CC3220S_LAUNCHXL_release_gcc/Debug\libfreertos_builds_CC3220S_LAUNCHXL_release_gcc.a(SemaphoreP_freertos.o)
                0x20014ed6                SemaphoreP_pend
 .text.SemaphoreP_post
                0x20014f18       0x3a C:/Users/Gudni/IgreyptKerfi/freertos_builds_CC3220S_LAUNCHXL_release_gcc/Debug\libfreertos_builds_CC3220S_LAUNCHXL_release_gcc.a(SemaphoreP_freertos.o)
                0x20014f18                SemaphoreP_post
 *fill*         0x20014f52        0x2 
 .text.pvPortMalloc
                0x20014f54      0x18c C:/Users/Gudni/IgreyptKerfi/freertos_builds_CC3220S_LAUNCHXL_release_gcc/Debug\libfreertos_builds_CC3220S_LAUNCHXL_release_gcc.a(heap_4.o)
                0x20014f54                pvPortMalloc
 .text.vPortFree
                0x200150e0       0xb0 C:/Users/Gudni/IgreyptKerfi/freertos_builds_CC3220S_LAUNCHXL_release_gcc/Debug\libfreertos_builds_CC3220S_LAUNCHXL_release_gcc.a(heap_4.o)
                0x200150e0                vPortFree
 .text.prvHeapInit
                0x20015190       0xc4 C:/Users/Gudni/IgreyptKerfi/freertos_builds_CC3220S_LAUNCHXL_release_gcc/Debug\libfreertos_builds_CC3220S_LAUNCHXL_release_gcc.a(heap_4.o)
 .text.prvInsertBlockIntoFreeList
                0x20015254       0xb0 C:/Users/Gudni/IgreyptKerfi/freertos_builds_CC3220S_LAUNCHXL_release_gcc/Debug\libfreertos_builds_CC3220S_LAUNCHXL_release_gcc.a(heap_4.o)
 .text.xQueueGenericReset